Archive member included to satisfy reference by file (symbol)

../../Library/GameEngine/Debug\libgameengine.a(gameEngine.o)
                              Build/Obj/Debug/main.o (gameEngineInit)
../../Library/GameEngine/Debug\libgameengine.a(gameGraphics.o)
                              ../../Library/GameEngine/Debug\libgameengine.a(gameEngine.o) (gameGraphicsInit)
../../Library/GameEngine/Debug\libgameengine.a(gui.o)
                              Build/Obj/Debug/main.o (setWindow)
../../Library/GameEngine/Debug\libgameengine.a(object.o)
                              ../../Library/GameEngine/Debug\libgameengine.a(gameGraphics.o) (getGameObjectsPtr)
../../Library/GameEngine/Debug\libgameengine.a(renderer.o)
                              ../../Library/GameEngine/Debug\libgameengine.a(gameEngine.o) (rendererInit)
../../Library/AppHelper/Debug\libapphelper.a(bitmap.o)
                              ../../Library/GameEngine/Debug\libgameengine.a(renderer.o) (bmpDrawLoadedBitmap)
../../Library/AppHelper/Debug\libapphelper.a(buzzer.o)
                              Build/Obj/Debug/appInit.o (buzzerOpen)
../../Library/AppHelper/Debug\libapphelper.a(graphics.o)
                              ../../Library/AppHelper/Debug\libapphelper.a(bitmap.o) (gfxWriteCmd)
../../Library/AppHelper/Debug\libapphelper.a(keypad.o)
                              Build/Obj/Debug/appInit.o (keypadKeyOpen)
../../Library/AppHelper/Debug\libapphelper.a(mma7660.o)
                              Build/Obj/Debug/appInit.o (mma7660Open)
../../Library/AppHelper/Debug\libapphelper.a(mmc.o)
                              Build/Obj/Debug/appInit.o (mmcOpen)
../../Library/AppHelper/Debug\libapphelper.a(touch.o)
                              Build/Obj/Debug/appInit.o (touchOpen)
../../Library/AppHelper/Debug\libapphelper.a(diskIo.o)
                              Build/Obj/Debug/appInit.o (diskOpen)
../../Library/AppHelper/Debug\libapphelper.a(fatFs.o)
                              Build/Obj/Debug/appInit.o (fsMount)
../../Library/PrimeFramework/Debug\libprimeframework.a(prime_debug.o)
                              ../../Library/AppHelper/Debug\libapphelper.a(bitmap.o) (pfPrintf)
../../Library/PrimeFramework/Debug\libprimeframework.a(prime_string.o)
                              ../../Library/GameEngine/Debug\libgameengine.a(gui.o) (pfStrLen)
../../Library/PrimeFramework/Debug\libprimeframework.a(prime_tick.o)
                              Build/Obj/Debug/appInit.o (pfTickSetTimerPeriod)
../../Library/PrimeFramework/Debug\libprimeframework.a(prime_eint1.o)
                              Build/Obj/Debug/appInit.o (pfEint1Open)
../../Library/PrimeFramework/Debug\libprimeframework.a(prime_gpio.o)
                              Build/Obj/Debug/appInit.o (pfGpioInit)
../../Library/PrimeFramework/Debug\libprimeframework.a(prime_i2c0.o)
                              Build/Obj/Debug/appInit.o (pfI2c0Open)
../../Library/PrimeFramework/Debug\libprimeframework.a(prime_rit.o)
                              Build/Obj/Debug/appInit.o (pfRitOpen)
../../Library/PrimeFramework/Debug\libprimeframework.a(prime_spi0.o)
                              Build/Obj/Debug/appInit.o (pfSpi0Open)
../../Library/PrimeFramework/Debug\libprimeframework.a(prime_timer0.o)
                              Build/Obj/Debug/appInit.o (pfTimer0Open)
../../Library/PrimeFramework/Debug\libprimeframework.a(prime_uart0.o)
                              Build/Obj/Debug/appInit.o (pfUart0Open)
../../Library/PrimeFramework/Debug\libprimeframework.a(prime_sysClk.o)
                              Build/Obj/Debug/appInit.o (pfSysSetCpuClock)
../../Library/PrimeFramework/Debug\libprimeframework.a(prime_vectors.o)
                              (ResetHandler)
../../Library/PrimeFramework/Debug\libprimeframework.a(prime_fifo.o)
                              ../../Library/PrimeFramework/Debug\libprimeframework.a(prime_spi0.o) (pfFifoInit)
c:/program files (x86)/gnu arm embedded toolchain/10 2021.10/bin/../lib/gcc/arm-none-eabi/10.3.1/thumb/v7-m/nofp\libgcc.a(_arm_muldf3.o)
                              ../../Library/AppHelper/Debug\libapphelper.a(graphics.o) (__aeabi_dmul)
c:/program files (x86)/gnu arm embedded toolchain/10 2021.10/bin/../lib/gcc/arm-none-eabi/10.3.1/thumb/v7-m/nofp\libgcc.a(_arm_mulsf3.o)
                              ../../Library/PrimeFramework/Debug\libprimeframework.a(prime_string.o) (__aeabi_fmul)
c:/program files (x86)/gnu arm embedded toolchain/10 2021.10/bin/../lib/gcc/arm-none-eabi/10.3.1/thumb/v7-m/nofp\libgcc.a(_arm_addsubdf3.o)
                              ../../Library/PrimeFramework/Debug\libprimeframework.a(prime_uart0.o) (__aeabi_dsub)
c:/program files (x86)/gnu arm embedded toolchain/10 2021.10/bin/../lib/gcc/arm-none-eabi/10.3.1/thumb/v7-m/nofp\libgcc.a(_arm_muldivdf3.o)
                              ../../Library/AppHelper/Debug\libapphelper.a(graphics.o) (__aeabi_ddiv)
[...]
Memory Configuration

Name             Origin             Length             Attributes
FLASH            0x00000000         0x00080000         xrw
RAM1             0x10000000         0x00008000         xrw
RAM2             0x2007c000         0x00008000         xrw
*default*        0x00000000         0xffffffff

Linker script and memory map

LOAD Build/Obj/Debug/main.o
LOAD Build/Obj/Debug/appInit.o
LOAD Build/Obj/Debug/eduarmBoardConfig.o
LOAD ../../Library/GameEngine/Debug\libgameengine.a
LOAD ../../Library/AppHelper/Debug\libapphelper.a
LOAD ../../Library/PrimeFramework/Debug\libprimeframework.a
START GROUP
LOAD c:/program files (x86)/gnu arm embedded toolchain/10 2021.10/bin/../lib/gcc/arm-none-eabi/10.3.1/thumb/v7-m/nofp\libgcc.a
LOAD c:/program files (x86)/gnu arm embedded toolchain/10 2021.10/bin/../lib/gcc/arm-none-eabi/10.3.1/../../../../arm-none-eabi/lib/thumb/v7-m/nofp\libc_nano.a
END GROUP
START GROUP
LOAD c:/program files (x86)/gnu arm embedded toolchain/10 2021.10/bin/../lib/gcc/arm-none-eabi/10.3.1/thumb/v7-m/nofp\libgcc.a
LOAD c:/program files (x86)/gnu arm embedded toolchain/10 2021.10/bin/../lib/gcc/arm-none-eabi/10.3.1/../../../../arm-none-eabi/lib/thumb/v7-m/nofp\libc_nano.a
LOAD c:/program files (x86)/gnu arm embedded toolchain/10 2021.10/bin/../lib/gcc/arm-none-eabi/10.3.1/../../../../arm-none-eabi/lib/thumb/v7-m/nofp\libnosys.a
END GROUP
START GROUP
LOAD c:/program files (x86)/gnu arm embedded toolchain/10 2021.10/bin/../lib/gcc/arm-none-eabi/10.3.1/thumb/v7-m/nofp\libgcc.a
LOAD c:/program files (x86)/gnu arm embedded toolchain/10 2021.10/bin/../lib/gcc/arm-none-eabi/10.3.1/../../../../arm-none-eabi/lib/thumb/v7-m/nofp\libc_nano.a
LOAD c:/program files (x86)/gnu arm embedded toolchain/10 2021.10/bin/../lib/gcc/arm-none-eabi/10.3.1/../../../../arm-none-eabi/lib/thumb/v7-m/nofp\libnosys.a
END GROUP

.text           0x00000000    0x17b68
                0x00000000                _stext = .
 CREATE_OBJECT_SYMBOLS
 *(.vectors)
 .vectors       0x00000000       0xc0 ../../Library/PrimeFramework/Debug\libprimeframework.a(prime_vectors.o)
                0x00000000                gVectors
 *(.text)
 .text          0x000000c0      0x378 Build/Obj/Debug/main.o
                0x000000c0                sqroot
                0x00000128                freeHandBtnEventHandler
                0x00000138                lineBtnEventHandler
                0x00000148                circleBtnEventHandler
                0x00000158                rectangleBtnEventHandler
                0x00000168                saveBtnEventHandler
                0x00000194                homeScreen
                0x000001ec                clearscreenBtnEventHandler
                0x00000224                canvasEventHandler
                0x0000034c                main
 .text          0x00000438      0x358 Build/Obj/Debug/appInit.o
                0x00000438                appInit
                0x0000078c                extIntTouchCallback
 .text          0x00000790        0x0 Build/Obj/Debug/eduarmBoardConfig.o
 .text          0x00000790       0x3c ../../Library/GameEngine/Debug\libgameengine.a(gameEngine.o)
                0x00000790                gameEngineInit
 .text          0x000007cc      0xb78 ../../Library/GameEngine/Debug\libgameengine.a(gameGraphics.o)
                0x000007cc                gameGraphicsInit
                0x000007e4                drawAllObjects
                0x00000840                updateObject
                0x000012f8                setBackgroundColor
                0x00001338                getBackgoundColor
 .text          0x00001344     0x1428 ../../Library/GameEngine/Debug\libgameengine.a(gui.o)
                0x00001344                setWindow
                0x0000139c                windowEventHandler
                0x000016ec                drawWindow
                0x00001904                drawCanvas
                0x00001d14                drawWidget
                0x00002248                drawPopUp
                0x0000247c                drawMessage
                0x000024cc                createWindow
                0x00002514                createCanvas
                0x000025ac                createWidget
                0x00002648                createPopUp
                0x0000268c                disableCanvas
                0x000026c4                disableWidget
                0x000026fc                enableCanvas
                0x00002734                enableWidget
 .text          0x0000276c      0x164 ../../Library/GameEngine/Debug\libgameengine.a(object.o)
                0x0000276c                createObject
                0x00002820                destroyObject
                0x00002870                getObject
                0x000028a8                getGameObjectsPtr
                0x000028c4                getObjectCount
 .text          0x000028d0      0x304 ../../Library/GameEngine/Debug\libgameengine.a(renderer.o)
                0x000028d0                rendererInit
                0x000028e8                lcdRenderer
                0x00002b64                renderGfx
                0x00002bb0                lastFrameRendered
                0x00002bc8                renderFrame
 .text          0x00002bd4      0x9bc ../../Library/AppHelper/Debug\libapphelper.a(bitmap.o)
                0x00002bd4                bmpGetImageInfo
                0x00002c48                bmpDrawImage
                0x00002e28                bmpLoadImage
                0x00002fd4                bmpDrawLoadedBitmap
                0x00003054                bmpPickColor
                0x0000336c                saveImage
 .text          0x00003590       0x7c ../../Library/AppHelper/Debug\libapphelper.a(buzzer.o)
                0x00003590                buzzerOpen
                0x000035c4                buzzerON
                0x000035e8                buzzerOFF
 *fill*         0x0000360c        0x4 00000000
 .text          0x00003610     0x38e8 ../../Library/AppHelper/Debug\libapphelper.a(graphics.o)
                0x00003610                gfxWriteCmd
                0x000036e8                gfxWriteData
                0x000043b0                gfxOpen
                0x00004630                gfxClose
                0x0000464c                gfxHome
                0x0000467c                gfxCommand
                0x000046b4                gfxSetWindow
                0x00004780                gfxSetCursor
                0x000047d4                gfxFillRGB
                0x00004830                gfxDrawPixel
                0x000048a0                gfxReadPixel
                0x00004910                gfxSetAreaMax
                0x00004938                gfxFillArea
                0x000049b4                gfxSetOrientation
                0x000049e8                gfxGetOrientation
                0x00004a1c                gfxMapPoints
                0x00004acc                gfxScroll
                0x00004afc                gfxGetHeight
                0x00004b30                gfxGetWidth
                0x00004b64                gfxSetPenSize
                0x00004b84                gfxGetPenSize
                0x00004ba8                gfxSetColor
                0x00004bc8                gfxGetColor
                0x00004bec                gfxPixels
                0x00004c68                gfxDrawPixels
                0x00004ca4                gfxDrawRectangle
                0x00004cec                gfxDrawSolidCircle
                0x00004dc0                gfxDrawSolidRectangle
                0x00004df4                gfxDrawSolidQuarterCircle
                0x00004f10                gfxDrawSolidRoundRectangle
                0x000050a0                gfxDrawLine
                0x0000518c                gfxDrawCircle
                0x0000527c                gfxDrawQCircle
                0x00005394                gfxDrawPolygon
                0x0000542c                gfxDrawSolidEllipse
                0x00005588                gfxDrawCircularLines
                0x00005680                gfxDrawChar
                0x0000583c                gfxDrawChar16x24
                0x00005934                gfxDrawString
                0x000059e8                gfxDrawArc
                0x00005b5c                gfxDrawStyledLine
                0x00005cf8                gfxDrawFineQuadBezier
                0x000063bc                gfxDrawCuboid
                0x0000641c                gfxDrawParallelogram
                0x0000647c                gfxDrawParallelepiped
                0x0000650c                gfxDrawFilledLines
                0x000066ac                gfxDrawFilledTriangle
                0x0000672c                gfxDrawFilledPolygon
                0x00006794                gfxPlotCircle
                0x00006a18                gfxDebugSetPrintConfig
                0x00006abc                gfxDebugDrawChar
                0x00006c00                gfxDebugString
                0x00006c2c                gfxDebugScrollUp
                0x00006c7c                gfxDebugScrollDown
                0x00006cd8                gfxDebugNewLine
                0x00006d7c                readBackground
                0x00006e14                retrieveBackground
                0x00006ea0                bgrToRgb
 .text          0x00006ef8      0x1c4 ../../Library/AppHelper/Debug\libapphelper.a(keypad.o)
                0x00006ef8                keypadKeyOpen
                0x00006f7c                keypadKeyClose
                0x00006fbc                keypadGetKeyCode
                0x00007050                keypadIsKeyPressed
 .text          0x000070bc      0x4d4 ../../Library/AppHelper/Debug\libapphelper.a(mma7660.o)
                0x000070bc                mma7660Open
                0x00007170                mma7660Close
                0x00007198                mma7660ReadX
                0x00007228                mma7660ReadY
                0x000072b8                mma7660ReadZ
                0x00007344                mma7660ReadXYZ
                0x000073a8                mma7660ReadTilt
                0x00007440                mma7660ReadShakeStatus
 .text          0x00007590      0xcd8 ../../Library/AppHelper/Debug\libapphelper.a(mmc.o)
                0x00007590                mmcOpen
                0x00007c0c                mmcGetStatus
                0x00007c8c                mmcRead
                0x00007d64                mmcWrite
                0x00007e60                mmcIoCtrl
 .text          0x00008268      0x5b4 ../../Library/AppHelper/Debug\libapphelper.a(touch.o)
                0x00008268                touchOpen
                0x00008414                touchGetCoordinates
                0x00008608                touchDataAvailable
                0x000086d0                touchClose
                0x000087ec                touchAvailable
 .text          0x0000881c      0x270 ../../Library/AppHelper/Debug\libapphelper.a(diskIo.o)
                0x0000881c                diskOpen
                0x00008890                diskInit
                0x000088f0                diskGetStatus
                0x00008940                diskRead
                0x0000899c                diskWrite
                0x00008a14                diskIoCtrl
 .text          0x00008a8c     0x3124 ../../Library/AppHelper/Debug\libapphelper.a(fatFs.o)
                0x00008a8c                get_fattime
                0x0000a074                fsMount
                0x0000a0d0                fsFileOpen
                0x0000a3b4                fsFileRead
                0x0000a638                fsFileWrite
                0x0000a968                fsFileSync
                0x0000aaac                fsFileClose
                0x0000aad4                fsChangeDrive
                0x0000ab00                fsChangeDirectory
                0x0000abc0                fsFileSeek
                0x0000ae14                fsDirOpen
                0x0000aed8                fsDirReadEntry
                0x0000af68                fsGetFileStatus
                0x0000afd8                fsGetFreeClusters
                0x0000b164                fsFileTruncate
                0x0000b27c                fsFileDelete
                0x0000b408                fsDirCreate
                0x0000b704                fsFileChangeAttrib
                0x0000b7cc                fsFileChangeTimestamp
                0x0000b89c                fsFileRename
                0x0000bac0                fsFileGetString
                0x0000bb24                fsFilePutChar
                0x0000bb68                fsFilePutString
 .text          0x0000bbb0      0x53c ../../Library/PrimeFramework/Debug\libprimeframework.a(prime_debug.o)
                0x0000bbb0                pfPrintfInit
                0x0000bc1c                pfPrintf
                0x0000be38                pfSprintf
                0x0000c084                baseconv
 .text          0x0000c0ec      0x758 ../../Library/PrimeFramework/Debug\libprimeframework.a(prime_string.o)
                0x0000c0ec                pfStringTokenize
                0x0000c244                pfStrLen
                0x0000c27c                pfStrCopy
                0x0000c2cc                pfStrReverse
                0x0000c334                pfMemCopy
                0x0000c388                pfMemSet
                0x0000c3d4                pfMemCompare
                0x0000c430                pfFtoA
                0x0000c640                pfAtoI
                0x0000c698                pfAtoF
                0x0000c7a0                pfItoA
 .text          0x0000c844      0x108 ../../Library/PrimeFramework/Debug\libprimeframework.a(prime_tick.o)
                0x0000c844                pfTickSetTimerPeriod
                0x0000c860                pfTickUpdate
                0x0000c87c                pfTickReset
                0x0000c894                pfTickSetTimeoutMs
                0x0000c8e0                pfTickCheckTimeout
                0x0000c918                pfTickDelayMs
 .text          0x0000c94c      0x38c ../../Library/PrimeFramework/Debug\libprimeframework.a(prime_eint1.o)
                0x0000c94c                pfEint1Open
                0x0000ca28                pfEint1Enable
                0x0000ca78                pfEint1Disable
                0x0000cac8                pfEint1AddCallback
                0x0000cb80                pfEint1RemoveCallback
                0x0000cc3c                pfEint1Close
                0x0000cc88                EINT1_IRQHandler
 .text          0x0000ccd8      0x9c4 ../../Library/PrimeFramework/Debug\libprimeframework.a(prime_gpio.o)
                0x0000ccd8                pfGpioInit
                0x0000cd28                pfGpioPinConfig
 .text          0x0000d69c      0xa10 ../../Library/PrimeFramework/Debug\libprimeframework.a(prime_i2c0.o)
                0x0000d69c                pfI2c0Open
                0x0000d81c                pfI2c0Close
                0x0000d860                pfI2c0IntEnable
                0x0000d8b0                pfI2c0IntDisable
                0x0000d900                pfI2c0SetControlFlag
                0x0000d934                pfI2c0ClearControlFlag
                0x0000d968                pfI2c0GetState
                0x0000df00                pfI2c0Write
                0x0000dfac                pfI2c0Read
                0x0000e094                I2C0_IRQHandler
 .text          0x0000e0ac      0x1d8 ../../Library/PrimeFramework/Debug\libprimeframework.a(prime_rit.o)
                0x0000e0ac                pfRitOpen
                0x0000e1b0                pfRitClose
                0x0000e1f0                pfRitStart
                0x0000e224                pfRitStop
                0x0000e258                RIT_IRQHandler
 .text          0x0000e284      0xa10 ../../Library/PrimeFramework/Debug\libprimeframework.a(prime_spi0.o)
                0x0000e284                pfSpi0Open
                0x0000e3f0                pfSpi0Close
                0x0000e43c                pfSpi0RegisterDevice
                0x0000e4fc                pfSpi0UnregisterDevice
                0x0000e568                pfSpi0ChipSelect
                0x0000e698                pfSpi0ExchangeByte
                0x0000e774                pfSpi0Write
                0x0000e8c0                pfSpi0Read
                0x0000ea64                pfSpi0GetIntStatus
                0x0000ea7c                pfSpi0ClearIntStatus
                0x0000eaac                pfSpi0GetRxBufferSize
                0x0000eae8                pfSpi0GetRxBufferCount
                0x0000eb24                pfSpi0RxBufferFlush
                0x0000eb48                pfSpi0GetTxBufferSize
                0x0000eb84                pfSpi0GetTxBufferCount
                0x0000ebc0                pfSpi0TxBufferFlush
                0x0000ebe4                SSP0_IRQHandler
 .text          0x0000ec94      0x4e8 ../../Library/PrimeFramework/Debug\libprimeframework.a(prime_timer0.o)
                0x0000ec94                pfTimer0Open
                0x0000edf8                pfTimer0Close
                0x0000ee24                pfTimer0Start
                0x0000ee4c                pfTimer0Stop
                0x0000ee74                pfTimer0Reset
                0x0000eea4                pfTimer0UpdateMatchRegister
                0x0000ef18                pfTimer0ReadCount
                0x0000ef48                pfTimer0GetIntStatus
                0x0000ef78                pfTimer0ClearIntStatus
                0x0000efa8                TIMER0_IRQHandler
                0x0000efcc                pfTimer0IntDisable
                0x0000f010                pfTimer0IntEnable
                0x0000f058                pfTimer0GetTickFreq
                0x0000f094                pfTimer0SetTickFreq
                0x0000f130                pfTimer0UpdateMatchControlRegister
 *fill*         0x0000f17c        0x4 00000000
 .text          0x0000f180      0x8b8 ../../Library/PrimeFramework/Debug\libprimeframework.a(prime_uart0.o)
                0x0000f3ac                pfUart0Open
                0x0000f538                pfUart0Close
                0x0000f56c                pfUart0WriteByte
                0x0000f5c0                pfUart0Write
                0x0000f684                pfUart0WriteString
                0x0000f750                pfUart0ReadByte
                0x0000f7b0                pfUart0Read
                0x0000f8a0                pfUart0GetRxBufferSize
                0x0000f8dc                pfUart0GetRxBufferCount
                0x0000f918                pfUart0RxBufferFlush
                0x0000f93c                pfUart0GetTxBufferSize
                0x0000f978                pfUart0GetTxBufferCount
                0x0000f9b4                pfUart0TxBufferFlush
                0x0000f9d8                UART0_IRQHandler
 .text          0x0000fa38      0x3b0 ../../Library/PrimeFramework/Debug\libprimeframework.a(prime_sysClk.o)
                0x0000fa58                pfSysSetCpuClock
                0x0000fb50                pfSysGetCpuClock
                0x0000fbf8                pfPllConfig
                0x0000fce8                pfSysSetPclkDiv
                0x0000fd68                pfSysGetPclk
 .text          0x0000fde8      0x1b0 ../../Library/PrimeFramework/Debug\libprimeframework.a(prime_vectors.o)
                0x0000fde8                ResetHandler
                0x0000fe50                NMI_Handler
                0x0000fe58                HardFault_Handler
                0x0000fe60                MemManage_Handler
                0x0000fe68                BusFault_Handler
                0x0000fe70                UsageFault_Handler
                0x0000fe78                SVC_Handler
                0x0000fe80                DebugMon_Handler
                0x0000fe88                PendSV_Handler
                0x0000fe90                SysTick_Handler
                0x0000fe98                WDT_IRQHandler
                0x0000fea8                TIMER1_IRQHandler
                0x0000feb0                TIMER2_IRQHandler
                0x0000feb8                TIMER3_IRQHandler
                0x0000fec8                UART1_IRQHandler
                0x0000fed0                UART2_IRQHandler
                0x0000fed8                UART3_IRQHandler
                0x0000fee0                PWM_IRQHandler
                0x0000fef0                I2C1_IRQHandler
                0x0000fef8                I2C2_IRQHandler
                0x0000ff00                SPI_IRQHandler
                0x0000ff10                SSP1_IRQHandler
                0x0000ff18                PLL0_IRQHandler
                0x0000ff20                RTC_IRQHandler
                0x0000ff28                EINT0_IRQHandler
                0x0000ff38                EINT2_IRQHandler
                0x0000ff40                EINT3_IRQHandler
                0x0000ff48                ADC_IRQHandler
                0x0000ff50                BOD_IRQHandler
                0x0000ff58                USB_IRQHandler
                0x0000ff60                CAN_IRQHandler
                0x0000ff68                DMA_IRQHandler
                0x0000ff70                I2S_IRQHandler
                0x0000ff78                ENET_IRQHandler
                0x0000ff88                MCPWM_IRQHandler
                0x0000ff90                QEI_IRQHandler
 .text          0x0000ff98      0x1dc ../../Library/PrimeFramework/Debug\libprimeframework.a(prime_fifo.o)
                0x0000ff98                pfFifoInit
                0x0000fffc                pfFifoLength
                0x00010014                pfFifoPush
                0x000100b4                pfFifoPop
                0x00010108                pfFifoFlush
                0x00010128                pfFifoIsEmpty
                0x0001014c                pfFifoIsFull
 .text          0x00010174      0x254 c:/program files (x86)/gnu arm embedded toolchain/10 2021.10/bin/../lib/gcc/arm-none-eabi/10.3.1/thumb/v7-m/nofp\libgcc.a(_arm_muldf3.o)
 .text          0x000103c8      0x168 c:/program files (x86)/gnu arm embedded toolchain/10 2021.10/bin/../lib/gcc/arm-none-eabi/10.3.1/thumb/v7-m/nofp\libgcc.a(_arm_mulsf3.o)
 .text          0x00010530      0x378 c:/program files (x86)/gnu arm embedded toolchain/10 2021.10/bin/../lib/gcc/arm-none-eabi/10.3.1/thumb/v7-m/nofp\libgcc.a(_arm_addsubdf3.o)
                0x00010530                __aeabi_drsub
                0x00010538                __aeabi_dsub
                0x00010538                __subdf3
                0x0001053c                __aeabi_dadd
                0x0001053c                __adddf3
                0x000107b4                __floatunsidf
                0x000107b4                __aeabi_ui2d
                0x000107d4                __floatsidf
                0x000107d4                __aeabi_i2d
                0x000107f8                __aeabi_f2d
                0x000107f8                __extendsfdf2
                0x0001083c                __floatundidf
                0x0001083c                __aeabi_ul2d
                0x0001084c                __floatdidf
                0x0001084c                __aeabi_l2d
 .text          0x000108a8      0x424 c:/program files (x86)/gnu arm embedded toolchain/10 2021.10/bin/../lib/gcc/arm-none-eabi/10.3.1/thumb/v7-m/nofp\libgcc.a(_arm_muldivdf3.o)
                0x000108a8                __aeabi_dmul
                0x000108a8                __muldf3
                0x00010afc                __divdf3
                0x00010afc                __aeabi_ddiv
 .text          0x00010ccc      0x110 c:/program files (x86)/gnu arm embedded toolchain/10 2021.10/bin/../lib/gcc/arm-none-eabi/10.3.1/thumb/v7-m/nofp\libgcc.a(_arm_cmpdf2.o)
                0x00010ccc                __gtdf2
                0x00010ccc                __gedf2
                0x00010cd4                __ltdf2
                0x00010cd4                __ledf2
                0x00010cdc                __nedf2
                0x00010cdc                __eqdf2
                0x00010cdc                __cmpdf2
                0x00010d58                __aeabi_cdrcmple
                0x00010d68                __aeabi_cdcmpeq
                0x00010d68                __aeabi_cdcmple
                0x00010d78                __aeabi_dcmpeq
                0x00010d8c                __aeabi_dcmplt
                0x00010da0                __aeabi_dcmple
                0x00010db4                __aeabi_dcmpge
                0x00010dc8                __aeabi_dcmpgt
 .text          0x00010ddc       0x40 c:/program files (x86)/gnu arm embedded toolchain/10 2021.10/bin/../lib/gcc/arm-none-eabi/10.3.1/thumb/v7-m/nofp\libgcc.a(_arm_fixunsdfsi.o)
                0x00010ddc                __aeabi_d2uiz
                0x00010ddc                __fixunsdfsi
 .text          0x00010e1c       0xa0 c:/program files (x86)/gnu arm embedded toolchain/10 2021.10/bin/../lib/gcc/arm-none-eabi/10.3.1/thumb/v7-m/nofp\libgcc.a(_arm_truncdfsf2.o)
                0x00010e1c                __truncdfsf2
                0x00010e1c                __aeabi_d2f
 .text          0x00010ebc      0x21c c:/program files (x86)/gnu arm embedded toolchain/10 2021.10/bin/../lib/gcc/arm-none-eabi/10.3.1/thumb/v7-m/nofp\libgcc.a(_arm_addsubsf3.o)
                0x00010ebc                __aeabi_frsub
                0x00010ec4                __subsf3
                0x00010ec4                __aeabi_fsub
                0x00010ec8                __aeabi_fadd
                0x00010ec8                __addsf3
                0x00011028                __aeabi_ui2f
                0x00011028                __floatunsisf
                0x00011030                __aeabi_i2f
                0x00011030                __floatsisf
                0x0001104c                __aeabi_ul2f
                0x0001104c                __floatundisf
                0x0001105c                __aeabi_l2f
                0x0001105c                __floatdisf
 .text          0x000110d8      0x2a0 c:/program files (x86)/gnu arm embedded toolchain/10 2021.10/bin/../lib/gcc/arm-none-eabi/10.3.1/thumb/v7-m/nofp\libgcc.a(_arm_muldivsf3.o)
                0x000110d8                __mulsf3
                0x000110d8                __aeabi_fmul
                0x00011240                __aeabi_fdiv
                0x00011240                __divsf3
 .text          0x00011378       0xec c:/program files (x86)/gnu arm embedded toolchain/10 2021.10/bin/../lib/gcc/arm-none-eabi/10.3.1/thumb/v7-m/nofp\libgcc.a(_arm_cmpsf2.o)
                0x00011378                __gesf2
                0x00011378                __gtsf2
                0x00011380                __lesf2
                0x00011380                __ltsf2
                0x00011388                __nesf2
                0x00011388                __eqsf2
                0x00011388                __cmpsf2
                0x000113e8                __aeabi_cfrcmple
                0x000113f0                __aeabi_cfcmpeq
                0x000113f0                __aeabi_cfcmple
                0x00011400                __aeabi_fcmpeq
                0x00011414                __aeabi_fcmplt
                0x00011428                __aeabi_fcmple
                0x0001143c                __aeabi_fcmpge
                0x00011450                __aeabi_fcmpgt
 .text          0x00011464       0x4c c:/program files (x86)/gnu arm embedded toolchain/10 2021.10/bin/../lib/gcc/arm-none-eabi/10.3.1/thumb/v7-m/nofp\libgcc.a(_arm_fixsfsi.o)
                0x00011464                __aeabi_f2iz
                0x00011464                __fixsfsi
 .text          0x000114b0       0x40 c:/program files (x86)/gnu arm embedded toolchain/10 2021.10/bin/../lib/gcc/arm-none-eabi/10.3.1/thumb/v7-m/nofp\libgcc.a(_arm_fixunssfsi.o)
                0x000114b0                __fixunssfsi
                0x000114b0                __aeabi_f2uiz
 .text          0x000114f0       0xa0 c:/program files (x86)/gnu arm embedded toolchain/10 2021.10/bin/../lib/gcc/arm-none-eabi/10.3.1/thumb/v7-m/nofp\libgcc.a(_aeabi_ldivmod.o)
                0x000114f0                __aeabi_ldivmod
 .text          0x00011590      0x2d4 c:/program files (x86)/gnu arm embedded toolchain/10 2021.10/bin/../lib/gcc/arm-none-eabi/10.3.1/thumb/v7-m/nofp\libgcc.a(_udivmoddi4.o)
                0x00011590                __udivmoddi4
 .text          0x00011864        0x4 c:/program files (x86)/gnu arm embedded toolchain/10 2021.10/bin/../lib/gcc/arm-none-eabi/10.3.1/thumb/v7-m/nofp\libgcc.a(_dvmd_tls.o)
                0x00011864                __aeabi_idiv0
                0x00011864                __aeabi_ldiv0
 .text          0x00011868        0x0 c:/program files (x86)/gnu arm embedded toolchain/10 2021.10/bin/../lib/gcc/arm-none-eabi/10.3.1/../../../../arm-none-eabi/lib/thumb/v7-m/nofp\libc_nano.a(lib_a-memset.o)
 .text          0x00011868        0x0 c:/program files (x86)/gnu arm embedded toolchain/10 2021.10/bin/../lib/gcc/arm-none-eabi/10.3.1/../../../../arm-none-eabi/lib/thumb/v7-m/nofp\libc_nano.a(lib_a-nano-vfprintf_float.o)
 .text          0x00011868        0x0 c:/program files (x86)/gnu arm embedded toolchain/10 2021.10/bin/../lib/gcc/arm-none-eabi/10.3.1/../../../../arm-none-eabi/lib/thumb/v7-m/nofp\libc_nano.a(lib_a-nano-vfprintf_i.o)
 .text          0x00011868       0x10 c:/program files (x86)/gnu arm embedded toolchain/10 2021.10/bin/../lib/gcc/arm-none-eabi/10.3.1/../../../../arm-none-eabi/lib/thumb/v7-m/nofp\libc_nano.a(lib_a-strlen.o)
                0x00011868                strlen
 .text          0x00011878        0x0 c:/program files (x86)/gnu arm embedded toolchain/10 2021.10/bin/../lib/gcc/arm-none-eabi/10.3.1/../../../../arm-none-eabi/lib/thumb/v7-m/nofp\libc_nano.a(lib_a-dtoa.o)
 .text          0x00011878        0x0 c:/program files (x86)/gnu arm embedded toolchain/10 2021.10/bin/../lib/gcc/arm-none-eabi/10.3.1/../../../../arm-none-eabi/lib/thumb/v7-m/nofp\libc_nano.a(lib_a-localeconv.o)
 .text          0x00011878        0x0 c:/program files (x86)/gnu arm embedded toolchain/10 2021.10/bin/../lib/gcc/arm-none-eabi/10.3.1/../../../../arm-none-eabi/lib/thumb/v7-m/nofp\libc_nano.a(lib_a-malloc.o)
 .text          0x00011878        0x0 c:/program files (x86)/gnu arm embedded toolchain/10 2021.10/bin/../lib/gcc/arm-none-eabi/10.3.1/../../../../arm-none-eabi/lib/thumb/v7-m/nofp\libc_nano.a(lib_a-memchr-stub.o)
 .text          0x00011878        0x0 c:/program files (x86)/gnu arm embedded toolchain/10 2021.10/bin/../lib/gcc/arm-none-eabi/10.3.1/../../../../arm-none-eabi/lib/thumb/v7-m/nofp\libc_nano.a(lib_a-memcpy-stub.o)
 .text          0x00011878        0x0 c:/program files (x86)/gnu arm embedded toolchain/10 2021.10/bin/../lib/gcc/arm-none-eabi/10.3.1/../../../../arm-none-eabi/lib/thumb/v7-m/nofp\libc_nano.a(lib_a-mprec.o)
 .text          0x00011878        0x0 c:/program files (x86)/gnu arm embedded toolchain/10 2021.10/bin/../lib/gcc/arm-none-eabi/10.3.1/../../../../arm-none-eabi/lib/thumb/v7-m/nofp\libc_nano.a(lib_a-nano-callocr.o)
 .text          0x00011878        0x0 c:/program files (x86)/gnu arm embedded toolchain/10 2021.10/bin/../lib/gcc/arm-none-eabi/10.3.1/../../../../arm-none-eabi/lib/thumb/v7-m/nofp\libc_nano.a(lib_a-nano-freer.o)
 .text          0x00011878        0x0 c:/program files (x86)/gnu arm embedded toolchain/10 2021.10/bin/../lib/gcc/arm-none-eabi/10.3.1/../../../../arm-none-eabi/lib/thumb/v7-m/nofp\libc_nano.a(lib_a-nano-mallocr.o)
 .text          0x00011878        0x0 c:/program files (x86)/gnu arm embedded toolchain/10 2021.10/bin/../lib/gcc/arm-none-eabi/10.3.1/../../../../arm-none-eabi/lib/thumb/v7-m/nofp\libc_nano.a(lib_a-sbrkr.o)
 .text          0x00011878        0x0 c:/program files (x86)/gnu arm embedded toolchain/10 2021.10/bin/../lib/gcc/arm-none-eabi/10.3.1/../../../../arm-none-eabi/lib/thumb/v7-m/nofp\libc_nano.a(lib_a-assert.o)
 .text          0x00011878        0x0 c:/program files (x86)/gnu arm embedded toolchain/10 2021.10/bin/../lib/gcc/arm-none-eabi/10.3.1/../../../../arm-none-eabi/lib/thumb/v7-m/nofp\libc_nano.a(lib_a-fprintf.o)
 .text          0x00011878        0x0 c:/program files (x86)/gnu arm embedded toolchain/10 2021.10/bin/../lib/gcc/arm-none-eabi/10.3.1/../../../../arm-none-eabi/lib/thumb/v7-m/nofp\libc_nano.a(lib_a-impure.o)
 .text          0x00011878        0x0 c:/program files (x86)/gnu arm embedded toolchain/10 2021.10/bin/../lib/gcc/arm-none-eabi/10.3.1/../../../../arm-none-eabi/lib/thumb/v7-m/nofp\libc_nano.a(lib_a-locale.o)
 .text          0x00011878        0x0 c:/program files (x86)/gnu arm embedded toolchain/10 2021.10/bin/../lib/gcc/arm-none-eabi/10.3.1/../../../../arm-none-eabi/lib/thumb/v7-m/nofp\libc_nano.a(lib_a-mbtowc_r.o)
 .text          0x00011878        0x0 c:/program files (x86)/gnu arm embedded toolchain/10 2021.10/bin/../lib/gcc/arm-none-eabi/10.3.1/../../../../arm-none-eabi/lib/thumb/v7-m/nofp\libc_nano.a(lib_a-mlock.o)
 .text          0x00011878        0x0 c:/program files (x86)/gnu arm embedded toolchain/10 2021.10/bin/../lib/gcc/arm-none-eabi/10.3.1/../../../../arm-none-eabi/lib/thumb/v7-m/nofp\libc_nano.a(lib_a-nano-vfprintf.o)
 .text          0x00011878        0x0 c:/program files (x86)/gnu arm embedded toolchain/10 2021.10/bin/../lib/gcc/arm-none-eabi/10.3.1/../../../../arm-none-eabi/lib/thumb/v7-m/nofp\libc_nano.a(lib_a-reent.o)
 .text          0x00011878       0x14 c:/program files (x86)/gnu arm embedded toolchain/10 2021.10/bin/../lib/gcc/arm-none-eabi/10.3.1/../../../../arm-none-eabi/lib/thumb/v7-m/nofp\libc_nano.a(lib_a-strcmp.o)
                0x00011878                strcmp
 .text          0x0001188c        0x0 c:/program files (x86)/gnu arm embedded toolchain/10 2021.10/bin/../lib/gcc/arm-none-eabi/10.3.1/../../../../arm-none-eabi/lib/thumb/v7-m/nofp\libc_nano.a(lib_a-wbuf.o)
 .text          0x0001188c        0x0 c:/program files (x86)/gnu arm embedded toolchain/10 2021.10/bin/../lib/gcc/arm-none-eabi/10.3.1/../../../../arm-none-eabi/lib/thumb/v7-m/nofp\libc_nano.a(lib_a-wctomb_r.o)
 .text          0x0001188c        0x0 c:/program files (x86)/gnu arm embedded toolchain/10 2021.10/bin/../lib/gcc/arm-none-eabi/10.3.1/../../../../arm-none-eabi/lib/thumb/v7-m/nofp\libc_nano.a(lib_a-wsetup.o)
 .text          0x0001188c        0x0 c:/program files (x86)/gnu arm embedded toolchain/10 2021.10/bin/../lib/gcc/arm-none-eabi/10.3.1/../../../../arm-none-eabi/lib/thumb/v7-m/nofp\libc_nano.a(lib_a-abort.o)
 .text          0x0001188c        0x0 c:/program files (x86)/gnu arm embedded toolchain/10 2021.10/bin/../lib/gcc/arm-none-eabi/10.3.1/../../../../arm-none-eabi/lib/thumb/v7-m/nofp\libc_nano.a(lib_a-ctype_.o)
 .text          0x0001188c        0x0 c:/program files (x86)/gnu arm embedded toolchain/10 2021.10/bin/../lib/gcc/arm-none-eabi/10.3.1/../../../../arm-none-eabi/lib/thumb/v7-m/nofp\libc_nano.a(lib_a-fflush.o)
 .text          0x0001188c        0x0 c:/program files (x86)/gnu arm embedded toolchain/10 2021.10/bin/../lib/gcc/arm-none-eabi/10.3.1/../../../../arm-none-eabi/lib/thumb/v7-m/nofp\libc_nano.a(lib_a-findfp.o)
 .text          0x0001188c        0x0 c:/program files (x86)/gnu arm embedded toolchain/10 2021.10/bin/../lib/gcc/arm-none-eabi/10.3.1/../../../../arm-none-eabi/lib/thumb/v7-m/nofp\libc_nano.a(lib_a-fvwrite.o)
 .text          0x0001188c        0x0 c:/program files (x86)/gnu arm embedded toolchain/10 2021.10/bin/../lib/gcc/arm-none-eabi/10.3.1/../../../../arm-none-eabi/lib/thumb/v7-m/nofp\libc_nano.a(lib_a-fwalk.o)
 .text          0x0001188c        0x0 c:/program files (x86)/gnu arm embedded toolchain/10 2021.10/bin/../lib/gcc/arm-none-eabi/10.3.1/../../../../arm-none-eabi/lib/thumb/v7-m/nofp\libc_nano.a(lib_a-lock.o)
 .text          0x0001188c        0x0 c:/program files (x86)/gnu arm embedded toolchain/10 2021.10/bin/../lib/gcc/arm-none-eabi/10.3.1/../../../../arm-none-eabi/lib/thumb/v7-m/nofp\libc_nano.a(lib_a-makebuf.o)
 .text          0x0001188c        0x0 c:/program files (x86)/gnu arm embedded toolchain/10 2021.10/bin/../lib/gcc/arm-none-eabi/10.3.1/../../../../arm-none-eabi/lib/thumb/v7-m/nofp\libc_nano.a(lib_a-memmove.o)
 .text          0x0001188c        0x0 c:/program files (x86)/gnu arm embedded toolchain/10 2021.10/bin/../lib/gcc/arm-none-eabi/10.3.1/../../../../arm-none-eabi/lib/thumb/v7-m/nofp\libc_nano.a(lib_a-nano-reallocr.o)
 .text          0x0001188c        0x0 c:/program files (x86)/gnu arm embedded toolchain/10 2021.10/bin/../lib/gcc/arm-none-eabi/10.3.1/../../../../arm-none-eabi/lib/thumb/v7-m/nofp\libc_nano.a(lib_a-signal.o)
 .text          0x0001188c        0x0 c:/program files (x86)/gnu arm embedded toolchain/10 2021.10/bin/../lib/gcc/arm-none-eabi/10.3.1/../../../../arm-none-eabi/lib/thumb/v7-m/nofp\libc_nano.a(lib_a-signalr.o)
 .text          0x0001188c        0x0 c:/program files (x86)/gnu arm embedded toolchain/10 2021.10/bin/../lib/gcc/arm-none-eabi/10.3.1/../../../../arm-none-eabi/lib/thumb/v7-m/nofp\libc_nano.a(lib_a-stdio.o)
 .text          0x0001188c        0x0 c:/program files (x86)/gnu arm embedded toolchain/10 2021.10/bin/../lib/gcc/arm-none-eabi/10.3.1/../../../../arm-none-eabi/lib/thumb/v7-m/nofp\libc_nano.a(lib_a-writer.o)
 .text          0x0001188c        0x0 c:/program files (x86)/gnu arm embedded toolchain/10 2021.10/bin/../lib/gcc/arm-none-eabi/10.3.1/../../../../arm-none-eabi/lib/thumb/v7-m/nofp\libc_nano.a(lib_a-closer.o)
 .text          0x0001188c        0x0 c:/program files (x86)/gnu arm embedded toolchain/10 2021.10/bin/../lib/gcc/arm-none-eabi/10.3.1/../../../../arm-none-eabi/lib/thumb/v7-m/nofp\libc_nano.a(lib_a-fstatr.o)
 .text          0x0001188c        0x0 c:/program files (x86)/gnu arm embedded toolchain/10 2021.10/bin/../lib/gcc/arm-none-eabi/10.3.1/../../../../arm-none-eabi/lib/thumb/v7-m/nofp\libc_nano.a(lib_a-isattyr.o)
 .text          0x0001188c        0x0 c:/program files (x86)/gnu arm embedded toolchain/10 2021.10/bin/../lib/gcc/arm-none-eabi/10.3.1/../../../../arm-none-eabi/lib/thumb/v7-m/nofp\libc_nano.a(lib_a-lseekr.o)
 .text          0x0001188c        0x0 c:/program files (x86)/gnu arm embedded toolchain/10 2021.10/bin/../lib/gcc/arm-none-eabi/10.3.1/../../../../arm-none-eabi/lib/thumb/v7-m/nofp\libc_nano.a(lib_a-nano-msizer.o)
 .text          0x0001188c        0x0 c:/program files (x86)/gnu arm embedded toolchain/10 2021.10/bin/../lib/gcc/arm-none-eabi/10.3.1/../../../../arm-none-eabi/lib/thumb/v7-m/nofp\libc_nano.a(lib_a-readr.o)
 .text          0x0001188c       0x2c c:/program files (x86)/gnu arm embedded toolchain/10 2021.10/bin/../lib/gcc/arm-none-eabi/10.3.1/thumb/v7-m/nofp\libgcc.a(_arm_unorddf2.o)
                0x0001188c                __unorddf2
                0x0001188c                __aeabi_dcmpun
 .text          0x000118b8       0x50 c:/program files (x86)/gnu arm embedded toolchain/10 2021.10/bin/../lib/gcc/arm-none-eabi/10.3.1/thumb/v7-m/nofp\libgcc.a(_arm_fixdfsi.o)
                0x000118b8                __aeabi_d2iz
                0x000118b8                __fixdfsi
 .text          0x00011908        0x0 c:/program files (x86)/gnu arm embedded toolchain/10 2021.10/bin/../lib/gcc/arm-none-eabi/10.3.1/../../../../arm-none-eabi/lib/thumb/v7-m/nofp\libnosys.a(close.o)
 .text          0x00011908        0x0 c:/program files (x86)/gnu arm embedded toolchain/10 2021.10/bin/../lib/gcc/arm-none-eabi/10.3.1/../../../../arm-none-eabi/lib/thumb/v7-m/nofp\libnosys.a(fstat.o)
 .text          0x00011908        0x0 c:/program files (x86)/gnu arm embedded toolchain/10 2021.10/bin/../lib/gcc/arm-none-eabi/10.3.1/../../../../arm-none-eabi/lib/thumb/v7-m/nofp\libnosys.a(getpid.o)
 .text          0x00011908        0x0 c:/program files (x86)/gnu arm embedded toolchain/10 2021.10/bin/../lib/gcc/arm-none-eabi/10.3.1/../../../../arm-none-eabi/lib/thumb/v7-m/nofp\libnosys.a(isatty.o)
 .text          0x00011908        0x0 c:/program files (x86)/gnu arm embedded toolchain/10 2021.10/bin/../lib/gcc/arm-none-eabi/10.3.1/../../../../arm-none-eabi/lib/thumb/v7-m/nofp\libnosys.a(kill.o)
 .text          0x00011908        0x0 c:/program files (x86)/gnu arm embedded toolchain/10 2021.10/bin/../lib/gcc/arm-none-eabi/10.3.1/../../../../arm-none-eabi/lib/thumb/v7-m/nofp\libnosys.a(lseek.o)
 .text          0x00011908        0x0 c:/program files (x86)/gnu arm embedded toolchain/10 2021.10/bin/../lib/gcc/arm-none-eabi/10.3.1/../../../../arm-none-eabi/lib/thumb/v7-m/nofp\libnosys.a(read.o)
 .text          0x00011908        0x0 c:/program files (x86)/gnu arm embedded toolchain/10 2021.10/bin/../lib/gcc/arm-none-eabi/10.3.1/../../../../arm-none-eabi/lib/thumb/v7-m/nofp\libnosys.a(sbrk.o)
 .text          0x00011908        0x0 c:/program files (x86)/gnu arm embedded toolchain/10 2021.10/bin/../lib/gcc/arm-none-eabi/10.3.1/../../../../arm-none-eabi/lib/thumb/v7-m/nofp\libnosys.a(write.o)
 .text          0x00011908        0x0 c:/program files (x86)/gnu arm embedded toolchain/10 2021.10/bin/../lib/gcc/arm-none-eabi/10.3.1/../../../../arm-none-eabi/lib/thumb/v7-m/nofp\libnosys.a(_exit.o)
 *(.text.*)
 .text.memset   0x00011908       0x10 c:/program files (x86)/gnu arm embedded toolchain/10 2021.10/bin/../lib/gcc/arm-none-eabi/10.3.1/../../../../arm-none-eabi/lib/thumb/v7-m/nofp\libc_nano.a(lib_a-memset.o)
                0x00011908                memset
 .text.__cvt    0x00011918       0xbe c:/program files (x86)/gnu arm embedded toolchain/10 2021.10/bin/../lib/gcc/arm-none-eabi/10.3.1/../../../../arm-none-eabi/lib/thumb/v7-m/nofp\libc_nano.a(lib_a-nano-vfprintf_float.o)
                0x00011918                __cvt
 .text.__exponent
                0x000119d6       0x7c c:/program files (x86)/gnu arm embedded toolchain/10 2021.10/bin/../lib/gcc/arm-none-eabi/10.3.1/../../../../arm-none-eabi/lib/thumb/v7-m/nofp\libc_nano.a(lib_a-nano-vfprintf_float.o)
                0x000119d6                __exponent
 *fill*         0x00011a52        0x2 00000000
 .text._printf_float
                0x00011a54      0x458 c:/program files (x86)/gnu arm embedded toolchain/10 2021.10/bin/../lib/gcc/arm-none-eabi/10.3.1/../../../../arm-none-eabi/lib/thumb/v7-m/nofp\libc_nano.a(lib_a-nano-vfprintf_float.o)
                0x00011a54                _printf_float
 .text._printf_common
                0x00011eac       0xde c:/program files (x86)/gnu arm embedded toolchain/10 2021.10/bin/../lib/gcc/arm-none-eabi/10.3.1/../../../../arm-none-eabi/lib/thumb/v7-m/nofp\libc_nano.a(lib_a-nano-vfprintf_i.o)
                0x00011eac                _printf_common
 *fill*         0x00011f8a        0x2 00000000
 .text._printf_i
                0x00011f8c      0x24c c:/program files (x86)/gnu arm embedded toolchain/10 2021.10/bin/../lib/gcc/arm-none-eabi/10.3.1/../../../../arm-none-eabi/lib/thumb/v7-m/nofp\libc_nano.a(lib_a-nano-vfprintf_i.o)
                0x00011f8c                _printf_i
 .text.quorem   0x000121d8      0x118 c:/program files (x86)/gnu arm embedded toolchain/10 2021.10/bin/../lib/gcc/arm-none-eabi/10.3.1/../../../../arm-none-eabi/lib/thumb/v7-m/nofp\libc_nano.a(lib_a-dtoa.o)
 .text._dtoa_r  0x000122f0      0xbdc c:/program files (x86)/gnu arm embedded toolchain/10 2021.10/bin/../lib/gcc/arm-none-eabi/10.3.1/../../../../arm-none-eabi/lib/thumb/v7-m/nofp\libc_nano.a(lib_a-dtoa.o)
                0x000122f0                _dtoa_r
 .text.__localeconv_l
                0x00012ecc        0x4 c:/program files (x86)/gnu arm embedded toolchain/10 2021.10/bin/../lib/gcc/arm-none-eabi/10.3.1/../../../../arm-none-eabi/lib/thumb/v7-m/nofp\libc_nano.a(lib_a-localeconv.o)
                0x00012ecc                __localeconv_l
 .text._localeconv_r
                0x00012ed0        0x8 c:/program files (x86)/gnu arm embedded toolchain/10 2021.10/bin/../lib/gcc/arm-none-eabi/10.3.1/../../../../arm-none-eabi/lib/thumb/v7-m/nofp\libc_nano.a(lib_a-localeconv.o)
                0x00012ed0                _localeconv_r
 .text.localeconv
                0x00012ed8        0x8 c:/program files (x86)/gnu arm embedded toolchain/10 2021.10/bin/../lib/gcc/arm-none-eabi/10.3.1/../../../../arm-none-eabi/lib/thumb/v7-m/nofp\libc_nano.a(lib_a-localeconv.o)
                0x00012ed8                localeconv
 .text.malloc   0x00012ee0       0x10 c:/program files (x86)/gnu arm embedded toolchain/10 2021.10/bin/../lib/gcc/arm-none-eabi/10.3.1/../../../../arm-none-eabi/lib/thumb/v7-m/nofp\libc_nano.a(lib_a-malloc.o)
                0x00012ee0                malloc
 .text.free     0x00012ef0       0x10 c:/program files (x86)/gnu arm embedded toolchain/10 2021.10/bin/../lib/gcc/arm-none-eabi/10.3.1/../../../../arm-none-eabi/lib/thumb/v7-m/nofp\libc_nano.a(lib_a-malloc.o)
                0x00012ef0                free
 .text.memchr   0x00012f00       0x1c c:/program files (x86)/gnu arm embedded toolchain/10 2021.10/bin/../lib/gcc/arm-none-eabi/10.3.1/../../../../arm-none-eabi/lib/thumb/v7-m/nofp\libc_nano.a(lib_a-memchr-stub.o)
                0x00012f00                memchr
 .text.memcpy   0x00012f1c       0x1c c:/program files (x86)/gnu arm embedded toolchain/10 2021.10/bin/../lib/gcc/arm-none-eabi/10.3.1/../../../../arm-none-eabi/lib/thumb/v7-m/nofp\libc_nano.a(lib_a-memcpy-stub.o)
                0x00012f1c                memcpy
 .text._Balloc  0x00012f38       0x80 c:/program files (x86)/gnu arm embedded toolchain/10 2021.10/bin/../lib/gcc/arm-none-eabi/10.3.1/../../../../arm-none-eabi/lib/thumb/v7-m/nofp\libc_nano.a(lib_a-mprec.o)
                0x00012f38                _Balloc
 .text._Bfree   0x00012fb8       0x44 c:/program files (x86)/gnu arm embedded toolchain/10 2021.10/bin/../lib/gcc/arm-none-eabi/10.3.1/../../../../arm-none-eabi/lib/thumb/v7-m/nofp\libc_nano.a(lib_a-mprec.o)
                0x00012fb8                _Bfree
 .text.__multadd
                0x00012ffc       0x8c c:/program files (x86)/gnu arm embedded toolchain/10 2021.10/bin/../lib/gcc/arm-none-eabi/10.3.1/../../../../arm-none-eabi/lib/thumb/v7-m/nofp\libc_nano.a(lib_a-mprec.o)
                0x00012ffc                __multadd
 .text.__s2b    0x00013088       0x94 c:/program files (x86)/gnu arm embedded toolchain/10 2021.10/bin/../lib/gcc/arm-none-eabi/10.3.1/../../../../arm-none-eabi/lib/thumb/v7-m/nofp\libc_nano.a(lib_a-mprec.o)
                0x00013088                __s2b
 .text.__hi0bits
                0x0001311c       0x40 c:/program files (x86)/gnu arm embedded toolchain/10 2021.10/bin/../lib/gcc/arm-none-eabi/10.3.1/../../../../arm-none-eabi/lib/thumb/v7-m/nofp\libc_nano.a(lib_a-mprec.o)
                0x0001311c                __hi0bits
 .text.__lo0bits
                0x0001315c       0x5a c:/program files (x86)/gnu arm embedded toolchain/10 2021.10/bin/../lib/gcc/arm-none-eabi/10.3.1/../../../../arm-none-eabi/lib/thumb/v7-m/nofp\libc_nano.a(lib_a-mprec.o)
                0x0001315c                __lo0bits
 *fill*         0x000131b6        0x2 00000000
 .text.__i2b    0x000131b8       0x2c c:/program files (x86)/gnu arm embedded toolchain/10 2021.10/bin/../lib/gcc/arm-none-eabi/10.3.1/../../../../arm-none-eabi/lib/thumb/v7-m/nofp\libc_nano.a(lib_a-mprec.o)
                0x000131b8                __i2b
 .text.__multiply
                0x000131e4      0x150 c:/program files (x86)/gnu arm embedded toolchain/10 2021.10/bin/../lib/gcc/arm-none-eabi/10.3.1/../../../../arm-none-eabi/lib/thumb/v7-m/nofp\libc_nano.a(lib_a-mprec.o)
                0x000131e4                __multiply
 .text.__pow5mult
                0x00013334       0xb4 c:/program files (x86)/gnu arm embedded toolchain/10 2021.10/bin/../lib/gcc/arm-none-eabi/10.3.1/../../../../arm-none-eabi/lib/thumb/v7-m/nofp\libc_nano.a(lib_a-mprec.o)
                0x00013334                __pow5mult
 .text.__lshift
                0x000133e8       0xe0 c:/program files (x86)/gnu arm embedded toolchain/10 2021.10/bin/../lib/gcc/arm-none-eabi/10.3.1/../../../../arm-none-eabi/lib/thumb/v7-m/nofp\libc_nano.a(lib_a-mprec.o)
                0x000133e8                __lshift
 .text.__mcmp   0x000134c8       0x36 c:/program files (x86)/gnu arm embedded toolchain/10 2021.10/bin/../lib/gcc/arm-none-eabi/10.3.1/../../../../arm-none-eabi/lib/thumb/v7-m/nofp\libc_nano.a(lib_a-mprec.o)
                0x000134c8                __mcmp
 *fill*         0x000134fe        0x2 00000000
 .text.__mdiff  0x00013500      0x118 c:/program files (x86)/gnu arm embedded toolchain/10 2021.10/bin/../lib/gcc/arm-none-eabi/10.3.1/../../../../arm-none-eabi/lib/thumb/v7-m/nofp\libc_nano.a(lib_a-mprec.o)
                0x00013500                __mdiff
 .text.__ulp    0x00013618       0x4c c:/program files (x86)/gnu arm embedded toolchain/10 2021.10/bin/../lib/gcc/arm-none-eabi/10.3.1/../../../../arm-none-eabi/lib/thumb/v7-m/nofp\libc_nano.a(lib_a-mprec.o)
                0x00013618                __ulp
 .text.__b2d    0x00013664       0xa8 c:/program files (x86)/gnu arm embedded toolchain/10 2021.10/bin/../lib/gcc/arm-none-eabi/10.3.1/../../../../arm-none-eabi/lib/thumb/v7-m/nofp\libc_nano.a(lib_a-mprec.o)
                0x00013664                __b2d
 .text.__d2b    0x0001370c       0xb8 c:/program files (x86)/gnu arm embedded toolchain/10 2021.10/bin/../lib/gcc/arm-none-eabi/10.3.1/../../../../arm-none-eabi/lib/thumb/v7-m/nofp\libc_nano.a(lib_a-mprec.o)
                0x0001370c                __d2b
 .text.__ratio  0x000137c4       0x5c c:/program files (x86)/gnu arm embedded toolchain/10 2021.10/bin/../lib/gcc/arm-none-eabi/10.3.1/../../../../arm-none-eabi/lib/thumb/v7-m/nofp\libc_nano.a(lib_a-mprec.o)
                0x000137c4                __ratio
 .text._mprec_log10
                0x00013820       0x38 c:/program files (x86)/gnu arm embedded toolchain/10 2021.10/bin/../lib/gcc/arm-none-eabi/10.3.1/../../../../arm-none-eabi/lib/thumb/v7-m/nofp\libc_nano.a(lib_a-mprec.o)
                0x00013820                _mprec_log10
 .text.__copybits
                0x00013858       0x46 c:/program files (x86)/gnu arm embedded toolchain/10 2021.10/bin/../lib/gcc/arm-none-eabi/10.3.1/../../../../arm-none-eabi/lib/thumb/v7-m/nofp\libc_nano.a(lib_a-mprec.o)
                0x00013858                __copybits
 .text.__any_on
                0x0001389e       0x42 c:/program files (x86)/gnu arm embedded toolchain/10 2021.10/bin/../lib/gcc/arm-none-eabi/10.3.1/../../../../arm-none-eabi/lib/thumb/v7-m/nofp\libc_nano.a(lib_a-mprec.o)
                0x0001389e                __any_on
 .text._calloc_r
                0x000138e0       0x28 c:/program files (x86)/gnu arm embedded toolchain/10 2021.10/bin/../lib/gcc/arm-none-eabi/10.3.1/../../../../arm-none-eabi/lib/thumb/v7-m/nofp\libc_nano.a(lib_a-nano-callocr.o)
                0x000138e0                _calloc_r
 .text._free_r  0x00013908       0x90 c:/program files (x86)/gnu arm embedded toolchain/10 2021.10/bin/../lib/gcc/arm-none-eabi/10.3.1/../../../../arm-none-eabi/lib/thumb/v7-m/nofp\libc_nano.a(lib_a-nano-freer.o)
                0x00013908                _free_r
 .text.sbrk_aligned
                0x00013998       0x40 c:/program files (x86)/gnu arm embedded toolchain/10 2021.10/bin/../lib/gcc/arm-none-eabi/10.3.1/../../../../arm-none-eabi/lib/thumb/v7-m/nofp\libc_nano.a(lib_a-nano-mallocr.o)
 .text._malloc_r
                0x000139d8       0xe8 c:/program files (x86)/gnu arm embedded toolchain/10 2021.10/bin/../lib/gcc/arm-none-eabi/10.3.1/../../../../arm-none-eabi/lib/thumb/v7-m/nofp\libc_nano.a(lib_a-nano-mallocr.o)
                0x000139d8                _malloc_r
 .text._sbrk_r  0x00013ac0       0x20 c:/program files (x86)/gnu arm embedded toolchain/10 2021.10/bin/../lib/gcc/arm-none-eabi/10.3.1/../../../../arm-none-eabi/lib/thumb/v7-m/nofp\libc_nano.a(lib_a-sbrkr.o)
                0x00013ac0                _sbrk_r
 .text.__assert_func
                0x00013ae0       0x3c c:/program files (x86)/gnu arm embedded toolchain/10 2021.10/bin/../lib/gcc/arm-none-eabi/10.3.1/../../../../arm-none-eabi/lib/thumb/v7-m/nofp\libc_nano.a(lib_a-assert.o)
                0x00013ae0                __assert_func
 .text.__assert
                0x00013b1c        0xa c:/program files (x86)/gnu arm embedded toolchain/10 2021.10/bin/../lib/gcc/arm-none-eabi/10.3.1/../../../../arm-none-eabi/lib/thumb/v7-m/nofp\libc_nano.a(lib_a-assert.o)
                0x00013b1c                __assert
 .text._fprintf_r
                0x00013b26       0x1a c:/program files (x86)/gnu arm embedded toolchain/10 2021.10/bin/../lib/gcc/arm-none-eabi/10.3.1/../../../../arm-none-eabi/lib/thumb/v7-m/nofp\libc_nano.a(lib_a-fprintf.o)
                0x00013b26                _fiprintf_r
                0x00013b26                _fprintf_r
 .text.fprintf  0x00013b40       0x24 c:/program files (x86)/gnu arm embedded toolchain/10 2021.10/bin/../lib/gcc/arm-none-eabi/10.3.1/../../../../arm-none-eabi/lib/thumb/v7-m/nofp\libc_nano.a(lib_a-fprintf.o)
                0x00013b40                fiprintf
                0x00013b40                fprintf
 .text._setlocale_r
                0x00013b64       0x40 c:/program files (x86)/gnu arm embedded toolchain/10 2021.10/bin/../lib/gcc/arm-none-eabi/10.3.1/../../../../arm-none-eabi/lib/thumb/v7-m/nofp\libc_nano.a(lib_a-locale.o)
                0x00013b64                _setlocale_r
 .text.__locale_mb_cur_max
                0x00013ba4        0xc c:/program files (x86)/gnu arm embedded toolchain/10 2021.10/bin/../lib/gcc/arm-none-eabi/10.3.1/../../../../arm-none-eabi/lib/thumb/v7-m/nofp\libc_nano.a(lib_a-locale.o)
                0x00013ba4                __locale_mb_cur_max
 .text.setlocale
                0x00013bb0       0x10 c:/program files (x86)/gnu arm embedded toolchain/10 2021.10/bin/../lib/gcc/arm-none-eabi/10.3.1/../../../../arm-none-eabi/lib/thumb/v7-m/nofp\libc_nano.a(lib_a-locale.o)
                0x00013bb0                setlocale
 .text._mbtowc_r
                0x00013bc0       0x14 c:/program files (x86)/gnu arm embedded toolchain/10 2021.10/bin/../lib/gcc/arm-none-eabi/10.3.1/../../../../arm-none-eabi/lib/thumb/v7-m/nofp\libc_nano.a(lib_a-mbtowc_r.o)
                0x00013bc0                _mbtowc_r
 .text.__ascii_mbtowc
                0x00013bd4       0x24 c:/program files (x86)/gnu arm embedded toolchain/10 2021.10/bin/../lib/gcc/arm-none-eabi/10.3.1/../../../../arm-none-eabi/lib/thumb/v7-m/nofp\libc_nano.a(lib_a-mbtowc_r.o)
                0x00013bd4                __ascii_mbtowc
 .text.__malloc_lock
                0x00013bf8        0xc c:/program files (x86)/gnu arm embedded toolchain/10 2021.10/bin/../lib/gcc/arm-none-eabi/10.3.1/../../../../arm-none-eabi/lib/thumb/v7-m/nofp\libc_nano.a(lib_a-mlock.o)
                0x00013bf8                __malloc_lock
 .text.__malloc_unlock
                0x00013c04        0xc c:/program files (x86)/gnu arm embedded toolchain/10 2021.10/bin/../lib/gcc/arm-none-eabi/10.3.1/../../../../arm-none-eabi/lib/thumb/v7-m/nofp\libc_nano.a(lib_a-mlock.o)
                0x00013c04                __malloc_unlock
 .text.__sfputc_r
                0x00013c10       0x2a c:/program files (x86)/gnu arm embedded toolchain/10 2021.10/bin/../lib/gcc/arm-none-eabi/10.3.1/../../../../arm-none-eabi/lib/thumb/v7-m/nofp\libc_nano.a(lib_a-nano-vfprintf.o)
 .text.__sfputs_r
                0x00013c3a       0x24 c:/program files (x86)/gnu arm embedded toolchain/10 2021.10/bin/../lib/gcc/arm-none-eabi/10.3.1/../../../../arm-none-eabi/lib/thumb/v7-m/nofp\libc_nano.a(lib_a-nano-vfprintf.o)
                0x00013c3a                __sfputs_r
 .text.__sprint_r
                0x00013c5e       0x1a c:/program files (x86)/gnu arm embedded toolchain/10 2021.10/bin/../lib/gcc/arm-none-eabi/10.3.1/../../../../arm-none-eabi/lib/thumb/v7-m/nofp\libc_nano.a(lib_a-nano-vfprintf.o)
                0x00013c5e                __sprint_r
 .text._vfprintf_r
                0x00013c78      0x260 c:/program files (x86)/gnu arm embedded toolchain/10 2021.10/bin/../lib/gcc/arm-none-eabi/10.3.1/../../../../arm-none-eabi/lib/thumb/v7-m/nofp\libc_nano.a(lib_a-nano-vfprintf.o)
                0x00013c78                _vfprintf_r
                0x00013c78                _vfiprintf_r
 .text.vfprintf
                0x00013ed8       0x14 c:/program files (x86)/gnu arm embedded toolchain/10 2021.10/bin/../lib/gcc/arm-none-eabi/10.3.1/../../../../arm-none-eabi/lib/thumb/v7-m/nofp\libc_nano.a(lib_a-nano-vfprintf.o)
                0x00013ed8                vfprintf
                0x00013ed8                vfiprintf
 .text.cleanup_glue
                0x00013eec       0x1a c:/program files (x86)/gnu arm embedded toolchain/10 2021.10/bin/../lib/gcc/arm-none-eabi/10.3.1/../../../../arm-none-eabi/lib/thumb/v7-m/nofp\libc_nano.a(lib_a-reent.o)
                0x00013eec                cleanup_glue
 *fill*         0x00013f06        0x2 00000000
 .text._reclaim_reent
                0x00013f08       0xb8 c:/program files (x86)/gnu arm embedded toolchain/10 2021.10/bin/../lib/gcc/arm-none-eabi/10.3.1/../../../../arm-none-eabi/lib/thumb/v7-m/nofp\libc_nano.a(lib_a-reent.o)
                0x00013f08                _reclaim_reent
 .text.__swbuf_r
                0x00013fc0       0xa4 c:/program files (x86)/gnu arm embedded toolchain/10 2021.10/bin/../lib/gcc/arm-none-eabi/10.3.1/../../../../arm-none-eabi/lib/thumb/v7-m/nofp\libc_nano.a(lib_a-wbuf.o)
                0x00013fc0                __swbuf_r
 .text.__swbuf  0x00014064       0x10 c:/program files (x86)/gnu arm embedded toolchain/10 2021.10/bin/../lib/gcc/arm-none-eabi/10.3.1/../../../../arm-none-eabi/lib/thumb/v7-m/nofp\libc_nano.a(lib_a-wbuf.o)
                0x00014064                __swbuf
 .text._wctomb_r
                0x00014074       0x14 c:/program files (x86)/gnu arm embedded toolchain/10 2021.10/bin/../lib/gcc/arm-none-eabi/10.3.1/../../../../arm-none-eabi/lib/thumb/v7-m/nofp\libc_nano.a(lib_a-wctomb_r.o)
                0x00014074                _wctomb_r
 .text.__ascii_wctomb
                0x00014088       0x1a c:/program files (x86)/gnu arm embedded toolchain/10 2021.10/bin/../lib/gcc/arm-none-eabi/10.3.1/../../../../arm-none-eabi/lib/thumb/v7-m/nofp\libc_nano.a(lib_a-wctomb_r.o)
                0x00014088                __ascii_wctomb
 *fill*         0x000140a2        0x2 00000000
 .text.__swsetup_r
                0x000140a4       0xdc c:/program files (x86)/gnu arm embedded toolchain/10 2021.10/bin/../lib/gcc/arm-none-eabi/10.3.1/../../../../arm-none-eabi/lib/thumb/v7-m/nofp\libc_nano.a(lib_a-wsetup.o)
                0x000140a4                __swsetup_r
 .text.abort    0x00014180        0xe c:/program files (x86)/gnu arm embedded toolchain/10 2021.10/bin/../lib/gcc/arm-none-eabi/10.3.1/../../../../arm-none-eabi/lib/thumb/v7-m/nofp\libc_nano.a(lib_a-abort.o)
                0x00014180                abort
 *fill*         0x0001418e        0x2 00000000
 .text.__sflush_r
                0x00014190      0x104 c:/program files (x86)/gnu arm embedded toolchain/10 2021.10/bin/../lib/gcc/arm-none-eabi/10.3.1/../../../../arm-none-eabi/lib/thumb/v7-m/nofp\libc_nano.a(lib_a-fflush.o)
                0x00014190                __sflush_r
 .text._fflush_r
                0x00014294       0x78 c:/program files (x86)/gnu arm embedded toolchain/10 2021.10/bin/../lib/gcc/arm-none-eabi/10.3.1/../../../../arm-none-eabi/lib/thumb/v7-m/nofp\libc_nano.a(lib_a-fflush.o)
                0x00014294                _fflush_r
 .text.fflush   0x0001430c       0x24 c:/program files (x86)/gnu arm embedded toolchain/10 2021.10/bin/../lib/gcc/arm-none-eabi/10.3.1/../../../../arm-none-eabi/lib/thumb/v7-m/nofp\libc_nano.a(lib_a-fflush.o)
                0x0001430c                fflush
 .text.std      0x00014330       0x48 c:/program files (x86)/gnu arm embedded toolchain/10 2021.10/bin/../lib/gcc/arm-none-eabi/10.3.1/../../../../arm-none-eabi/lib/thumb/v7-m/nofp\libc_nano.a(lib_a-findfp.o)
 .text._cleanup_r
                0x00014378        0xc c:/program files (x86)/gnu arm embedded toolchain/10 2021.10/bin/../lib/gcc/arm-none-eabi/10.3.1/../../../../arm-none-eabi/lib/thumb/v7-m/nofp\libc_nano.a(lib_a-findfp.o)
                0x00014378                _cleanup_r
 .text.__fp_lock
                0x00014384       0x18 c:/program files (x86)/gnu arm embedded toolchain/10 2021.10/bin/../lib/gcc/arm-none-eabi/10.3.1/../../../../arm-none-eabi/lib/thumb/v7-m/nofp\libc_nano.a(lib_a-findfp.o)
 .text.__fp_unlock
                0x0001439c       0x18 c:/program files (x86)/gnu arm embedded toolchain/10 2021.10/bin/../lib/gcc/arm-none-eabi/10.3.1/../../../../arm-none-eabi/lib/thumb/v7-m/nofp\libc_nano.a(lib_a-findfp.o)
 .text.__sfmoreglue
                0x000143b4       0x2c c:/program files (x86)/gnu arm embedded toolchain/10 2021.10/bin/../lib/gcc/arm-none-eabi/10.3.1/../../../../arm-none-eabi/lib/thumb/v7-m/nofp\libc_nano.a(lib_a-findfp.o)
                0x000143b4                __sfmoreglue
 .text._cleanup
                0x000143e0        0xc c:/program files (x86)/gnu arm embedded toolchain/10 2021.10/bin/../lib/gcc/arm-none-eabi/10.3.1/../../../../arm-none-eabi/lib/thumb/v7-m/nofp\libc_nano.a(lib_a-findfp.o)
                0x000143e0                _cleanup
 .text.__sfp_lock_acquire
                0x000143ec        0xc c:/program files (x86)/gnu arm embedded toolchain/10 2021.10/bin/../lib/gcc/arm-none-eabi/10.3.1/../../../../arm-none-eabi/lib/thumb/v7-m/nofp\libc_nano.a(lib_a-findfp.o)
                0x000143ec                __sfp_lock_acquire
 .text.__sfp_lock_release
                0x000143f8        0xc c:/program files (x86)/gnu arm embedded toolchain/10 2021.10/bin/../lib/gcc/arm-none-eabi/10.3.1/../../../../arm-none-eabi/lib/thumb/v7-m/nofp\libc_nano.a(lib_a-findfp.o)
                0x000143f8                __sfp_lock_release
 .text.__sinit_lock_acquire
                0x00014404        0xc c:/program files (x86)/gnu arm embedded toolchain/10 2021.10/bin/../lib/gcc/arm-none-eabi/10.3.1/../../../../arm-none-eabi/lib/thumb/v7-m/nofp\libc_nano.a(lib_a-findfp.o)
                0x00014404                __sinit_lock_acquire
 .text.__sinit_lock_release
                0x00014410        0xc c:/program files (x86)/gnu arm embedded toolchain/10 2021.10/bin/../lib/gcc/arm-none-eabi/10.3.1/../../../../arm-none-eabi/lib/thumb/v7-m/nofp\libc_nano.a(lib_a-findfp.o)
                0x00014410                __sinit_lock_release
 .text.__sinit  0x0001441c       0x70 c:/program files (x86)/gnu arm embedded toolchain/10 2021.10/bin/../lib/gcc/arm-none-eabi/10.3.1/../../../../arm-none-eabi/lib/thumb/v7-m/nofp\libc_nano.a(lib_a-findfp.o)
                0x0001441c                __sinit
 .text.__sfp    0x0001448c       0x8c c:/program files (x86)/gnu arm embedded toolchain/10 2021.10/bin/../lib/gcc/arm-none-eabi/10.3.1/../../../../arm-none-eabi/lib/thumb/v7-m/nofp\libc_nano.a(lib_a-findfp.o)
                0x0001448c                __sfp
 .text.__fp_lock_all
                0x00014518       0x1c c:/program files (x86)/gnu arm embedded toolchain/10 2021.10/bin/../lib/gcc/arm-none-eabi/10.3.1/../../../../arm-none-eabi/lib/thumb/v7-m/nofp\libc_nano.a(lib_a-findfp.o)
                0x00014518                __fp_lock_all
 .text.__fp_unlock_all
                0x00014534       0x1c c:/program files (x86)/gnu arm embedded toolchain/10 2021.10/bin/../lib/gcc/arm-none-eabi/10.3.1/../../../../arm-none-eabi/lib/thumb/v7-m/nofp\libc_nano.a(lib_a-findfp.o)
                0x00014534                __fp_unlock_all
 .text.__sfvwrite_r
                0x00014550      0x290 c:/program files (x86)/gnu arm embedded toolchain/10 2021.10/bin/../lib/gcc/arm-none-eabi/10.3.1/../../../../arm-none-eabi/lib/thumb/v7-m/nofp\libc_nano.a(lib_a-fvwrite.o)
                0x00014550                __sfvwrite_r
 .text._fwalk   0x000147e0       0x3a c:/program files (x86)/gnu arm embedded toolchain/10 2021.10/bin/../lib/gcc/arm-none-eabi/10.3.1/../../../../arm-none-eabi/lib/thumb/v7-m/nofp\libc_nano.a(lib_a-fwalk.o)
                0x000147e0                _fwalk
 .text._fwalk_reent
                0x0001481a       0x3e c:/program files (x86)/gnu arm embedded toolchain/10 2021.10/bin/../lib/gcc/arm-none-eabi/10.3.1/../../../../arm-none-eabi/lib/thumb/v7-m/nofp\libc_nano.a(lib_a-fwalk.o)
                0x0001481a                _fwalk_reent
 .text.__retarget_lock_init
                0x00014858        0x2 c:/program files (x86)/gnu arm embedded toolchain/10 2021.10/bin/../lib/gcc/arm-none-eabi/10.3.1/../../../../arm-none-eabi/lib/thumb/v7-m/nofp\libc_nano.a(lib_a-lock.o)
                0x00014858                __retarget_lock_init
 .text.__retarget_lock_init_recursive
                0x0001485a        0x2 c:/program files (x86)/gnu arm embedded toolchain/10 2021.10/bin/../lib/gcc/arm-none-eabi/10.3.1/../../../../arm-none-eabi/lib/thumb/v7-m/nofp\libc_nano.a(lib_a-lock.o)
                0x0001485a                __retarget_lock_init_recursive
 .text.__retarget_lock_close
                0x0001485c        0x2 c:/program files (x86)/gnu arm embedded toolchain/10 2021.10/bin/../lib/gcc/arm-none-eabi/10.3.1/../../../../arm-none-eabi/lib/thumb/v7-m/nofp\libc_nano.a(lib_a-lock.o)
                0x0001485c                __retarget_lock_close
 .text.__retarget_lock_close_recursive
                0x0001485e        0x2 c:/program files (x86)/gnu arm embedded toolchain/10 2021.10/bin/../lib/gcc/arm-none-eabi/10.3.1/../../../../arm-none-eabi/lib/thumb/v7-m/nofp\libc_nano.a(lib_a-lock.o)
                0x0001485e                __retarget_lock_close_recursive
 .text.__retarget_lock_acquire
                0x00014860        0x2 c:/program files (x86)/gnu arm embedded toolchain/10 2021.10/bin/../lib/gcc/arm-none-eabi/10.3.1/../../../../arm-none-eabi/lib/thumb/v7-m/nofp\libc_nano.a(lib_a-lock.o)
                0x00014860                __retarget_lock_acquire
 .text.__retarget_lock_acquire_recursive
                0x00014862        0x2 c:/program files (x86)/gnu arm embedded toolchain/10 2021.10/bin/../lib/gcc/arm-none-eabi/10.3.1/../../../../arm-none-eabi/lib/thumb/v7-m/nofp\libc_nano.a(lib_a-lock.o)
                0x00014862                __retarget_lock_acquire_recursive
 .text.__retarget_lock_try_acquire
                0x00014864        0x4 c:/program files (x86)/gnu arm embedded toolchain/10 2021.10/bin/../lib/gcc/arm-none-eabi/10.3.1/../../../../arm-none-eabi/lib/thumb/v7-m/nofp\libc_nano.a(lib_a-lock.o)
                0x00014864                __retarget_lock_try_acquire
 .text.__retarget_lock_try_acquire_recursive
                0x00014868        0x4 c:/program files (x86)/gnu arm embedded toolchain/10 2021.10/bin/../lib/gcc/arm-none-eabi/10.3.1/../../../../arm-none-eabi/lib/thumb/v7-m/nofp\libc_nano.a(lib_a-lock.o)
                0x00014868                __retarget_lock_try_acquire_recursive
 .text.__retarget_lock_release
                0x0001486c        0x2 c:/program files (x86)/gnu arm embedded toolchain/10 2021.10/bin/../lib/gcc/arm-none-eabi/10.3.1/../../../../arm-none-eabi/lib/thumb/v7-m/nofp\libc_nano.a(lib_a-lock.o)
                0x0001486c                __retarget_lock_release
 .text.__retarget_lock_release_recursive
                0x0001486e        0x2 c:/program files (x86)/gnu arm embedded toolchain/10 2021.10/bin/../lib/gcc/arm-none-eabi/10.3.1/../../../../arm-none-eabi/lib/thumb/v7-m/nofp\libc_nano.a(lib_a-lock.o)
                0x0001486e                __retarget_lock_release_recursive
 .text.__swhatbuf_r
                0x00014870       0x4a c:/program files (x86)/gnu arm embedded toolchain/10 2021.10/bin/../lib/gcc/arm-none-eabi/10.3.1/../../../../arm-none-eabi/lib/thumb/v7-m/nofp\libc_nano.a(lib_a-makebuf.o)
                0x00014870                __swhatbuf_r
 *fill*         0x000148ba        0x2 00000000
 .text.__smakebuf_r
                0x000148bc       0x80 c:/program files (x86)/gnu arm embedded toolchain/10 2021.10/bin/../lib/gcc/arm-none-eabi/10.3.1/../../../../arm-none-eabi/lib/thumb/v7-m/nofp\libc_nano.a(lib_a-makebuf.o)
                0x000148bc                __smakebuf_r
 .text.memmove  0x0001493c       0x34 c:/program files (x86)/gnu arm embedded toolchain/10 2021.10/bin/../lib/gcc/arm-none-eabi/10.3.1/../../../../arm-none-eabi/lib/thumb/v7-m/nofp\libc_nano.a(lib_a-memmove.o)
                0x0001493c                memmove
 .text._realloc_r
                0x00014970       0x5e c:/program files (x86)/gnu arm embedded toolchain/10 2021.10/bin/../lib/gcc/arm-none-eabi/10.3.1/../../../../arm-none-eabi/lib/thumb/v7-m/nofp\libc_nano.a(lib_a-nano-reallocr.o)
                0x00014970                _realloc_r
 .text._init_signal_r
                0x000149ce       0x28 c:/program files (x86)/gnu arm embedded toolchain/10 2021.10/bin/../lib/gcc/arm-none-eabi/10.3.1/../../../../arm-none-eabi/lib/thumb/v7-m/nofp\libc_nano.a(lib_a-signal.o)
                0x000149ce                _init_signal_r
 .text._signal_r
                0x000149f6       0x30 c:/program files (x86)/gnu arm embedded toolchain/10 2021.10/bin/../lib/gcc/arm-none-eabi/10.3.1/../../../../arm-none-eabi/lib/thumb/v7-m/nofp\libc_nano.a(lib_a-signal.o)
                0x000149f6                _signal_r
 .text._raise_r
                0x00014a26       0x50 c:/program files (x86)/gnu arm embedded toolchain/10 2021.10/bin/../lib/gcc/arm-none-eabi/10.3.1/../../../../arm-none-eabi/lib/thumb/v7-m/nofp\libc_nano.a(lib_a-signal.o)
                0x00014a26                _raise_r
 .text.__sigtramp_r
                0x00014a76       0x48 c:/program files (x86)/gnu arm embedded toolchain/10 2021.10/bin/../lib/gcc/arm-none-eabi/10.3.1/../../../../arm-none-eabi/lib/thumb/v7-m/nofp\libc_nano.a(lib_a-signal.o)
                0x00014a76                __sigtramp_r
 *fill*         0x00014abe        0x2 00000000
 .text.raise    0x00014ac0       0x10 c:/program files (x86)/gnu arm embedded toolchain/10 2021.10/bin/../lib/gcc/arm-none-eabi/10.3.1/../../../../arm-none-eabi/lib/thumb/v7-m/nofp\libc_nano.a(lib_a-signal.o)
                0x00014ac0                raise
 .text.signal   0x00014ad0       0x10 c:/program files (x86)/gnu arm embedded toolchain/10 2021.10/bin/../lib/gcc/arm-none-eabi/10.3.1/../../../../arm-none-eabi/lib/thumb/v7-m/nofp\libc_nano.a(lib_a-signal.o)
                0x00014ad0                signal
 .text._init_signal
                0x00014ae0        0xc c:/program files (x86)/gnu arm embedded toolchain/10 2021.10/bin/../lib/gcc/arm-none-eabi/10.3.1/../../../../arm-none-eabi/lib/thumb/v7-m/nofp\libc_nano.a(lib_a-signal.o)
                0x00014ae0                _init_signal
 .text.__sigtramp
                0x00014aec       0x10 c:/program files (x86)/gnu arm embedded toolchain/10 2021.10/bin/../lib/gcc/arm-none-eabi/10.3.1/../../../../arm-none-eabi/lib/thumb/v7-m/nofp\libc_nano.a(lib_a-signal.o)
                0x00014aec                __sigtramp
 .text._kill_r  0x00014afc       0x24 c:/program files (x86)/gnu arm embedded toolchain/10 2021.10/bin/../lib/gcc/arm-none-eabi/10.3.1/../../../../arm-none-eabi/lib/thumb/v7-m/nofp\libc_nano.a(lib_a-signalr.o)
                0x00014afc                _kill_r
 .text._getpid_r
                0x00014b20        0x4 c:/program files (x86)/gnu arm embedded toolchain/10 2021.10/bin/../lib/gcc/arm-none-eabi/10.3.1/../../../../arm-none-eabi/lib/thumb/v7-m/nofp\libc_nano.a(lib_a-signalr.o)
                0x00014b20                _getpid_r
 .text.__sread  0x00014b24       0x22 c:/program files (x86)/gnu arm embedded toolchain/10 2021.10/bin/../lib/gcc/arm-none-eabi/10.3.1/../../../../arm-none-eabi/lib/thumb/v7-m/nofp\libc_nano.a(lib_a-stdio.o)
                0x00014b24                __sread
 .text.__seofread
                0x00014b46        0x4 c:/program files (x86)/gnu arm embedded toolchain/10 2021.10/bin/../lib/gcc/arm-none-eabi/10.3.1/../../../../arm-none-eabi/lib/thumb/v7-m/nofp\libc_nano.a(lib_a-stdio.o)
                0x00014b46                __seofread
 .text.__swrite
                0x00014b4a       0x38 c:/program files (x86)/gnu arm embedded toolchain/10 2021.10/bin/../lib/gcc/arm-none-eabi/10.3.1/../../../../arm-none-eabi/lib/thumb/v7-m/nofp\libc_nano.a(lib_a-stdio.o)
                0x00014b4a                __swrite
 .text.__sseek  0x00014b82       0x24 c:/program files (x86)/gnu arm embedded toolchain/10 2021.10/bin/../lib/gcc/arm-none-eabi/10.3.1/../../../../arm-none-eabi/lib/thumb/v7-m/nofp\libc_nano.a(lib_a-stdio.o)
                0x00014b82                __sseek
 .text.__sclose
                0x00014ba6        0x8 c:/program files (x86)/gnu arm embedded toolchain/10 2021.10/bin/../lib/gcc/arm-none-eabi/10.3.1/../../../../arm-none-eabi/lib/thumb/v7-m/nofp\libc_nano.a(lib_a-stdio.o)
                0x00014ba6                __sclose
 *fill*         0x00014bae        0x2 00000000
 .text._write_r
                0x00014bb0       0x24 c:/program files (x86)/gnu arm embedded toolchain/10 2021.10/bin/../lib/gcc/arm-none-eabi/10.3.1/../../../../arm-none-eabi/lib/thumb/v7-m/nofp\libc_nano.a(lib_a-writer.o)
                0x00014bb0                _write_r
 .text._close_r
                0x00014bd4       0x20 c:/program files (x86)/gnu arm embedded toolchain/10 2021.10/bin/../lib/gcc/arm-none-eabi/10.3.1/../../../../arm-none-eabi/lib/thumb/v7-m/nofp\libc_nano.a(lib_a-closer.o)
                0x00014bd4                _close_r
 .text._fstat_r
                0x00014bf4       0x24 c:/program files (x86)/gnu arm embedded toolchain/10 2021.10/bin/../lib/gcc/arm-none-eabi/10.3.1/../../../../arm-none-eabi/lib/thumb/v7-m/nofp\libc_nano.a(lib_a-fstatr.o)
                0x00014bf4                _fstat_r
 .text._isatty_r
                0x00014c18       0x20 c:/program files (x86)/gnu arm embedded toolchain/10 2021.10/bin/../lib/gcc/arm-none-eabi/10.3.1/../../../../arm-none-eabi/lib/thumb/v7-m/nofp\libc_nano.a(lib_a-isattyr.o)
                0x00014c18                _isatty_r
 .text._lseek_r
                0x00014c38       0x24 c:/program files (x86)/gnu arm embedded toolchain/10 2021.10/bin/../lib/gcc/arm-none-eabi/10.3.1/../../../../arm-none-eabi/lib/thumb/v7-m/nofp\libc_nano.a(lib_a-lseekr.o)
                0x00014c38                _lseek_r
 .text._malloc_usable_size_r
                0x00014c5c       0x10 c:/program files (x86)/gnu arm embedded toolchain/10 2021.10/bin/../lib/gcc/arm-none-eabi/10.3.1/../../../../arm-none-eabi/lib/thumb/v7-m/nofp\libc_nano.a(lib_a-nano-msizer.o)
                0x00014c5c                _malloc_usable_size_r
 .text._read_r  0x00014c6c       0x24 c:/program files (x86)/gnu arm embedded toolchain/10 2021.10/bin/../lib/gcc/arm-none-eabi/10.3.1/../../../../arm-none-eabi/lib/thumb/v7-m/nofp\libc_nano.a(lib_a-readr.o)
                0x00014c6c                _read_r
 .text._close   0x00014c90       0x10 c:/program files (x86)/gnu arm embedded toolchain/10 2021.10/bin/../lib/gcc/arm-none-eabi/10.3.1/../../../../arm-none-eabi/lib/thumb/v7-m/nofp\libnosys.a(close.o)
                0x00014c90                _close
 .text._fstat   0x00014ca0       0x10 c:/program files (x86)/gnu arm embedded toolchain/10 2021.10/bin/../lib/gcc/arm-none-eabi/10.3.1/../../../../arm-none-eabi/lib/thumb/v7-m/nofp\libnosys.a(fstat.o)
                0x00014ca0                _fstat
 .text._getpid  0x00014cb0       0x10 c:/program files (x86)/gnu arm embedded toolchain/10 2021.10/bin/../lib/gcc/arm-none-eabi/10.3.1/../../../../arm-none-eabi/lib/thumb/v7-m/nofp\libnosys.a(getpid.o)
                0x00014cb0                _getpid
 .text._isatty  0x00014cc0       0x10 c:/program files (x86)/gnu arm embedded toolchain/10 2021.10/bin/../lib/gcc/arm-none-eabi/10.3.1/../../../../arm-none-eabi/lib/thumb/v7-m/nofp\libnosys.a(isatty.o)
                0x00014cc0                _isatty
 .text._kill    0x00014cd0       0x10 c:/program files (x86)/gnu arm embedded toolchain/10 2021.10/bin/../lib/gcc/arm-none-eabi/10.3.1/../../../../arm-none-eabi/lib/thumb/v7-m/nofp\libnosys.a(kill.o)
                0x00014cd0                _kill
 .text._lseek   0x00014ce0       0x10 c:/program files (x86)/gnu arm embedded toolchain/10 2021.10/bin/../lib/gcc/arm-none-eabi/10.3.1/../../../../arm-none-eabi/lib/thumb/v7-m/nofp\libnosys.a(lseek.o)
                0x00014ce0                _lseek
 .text._read    0x00014cf0       0x10 c:/program files (x86)/gnu arm embedded toolchain/10 2021.10/bin/../lib/gcc/arm-none-eabi/10.3.1/../../../../arm-none-eabi/lib/thumb/v7-m/nofp\libnosys.a(read.o)
                0x00014cf0                _read
 .text._sbrk    0x00014d00       0x1c c:/program files (x86)/gnu arm embedded toolchain/10 2021.10/bin/../lib/gcc/arm-none-eabi/10.3.1/../../../../arm-none-eabi/lib/thumb/v7-m/nofp\libnosys.a(sbrk.o)
                0x00014d00                _sbrk
 .text._write   0x00014d1c       0x10 c:/program files (x86)/gnu arm embedded toolchain/10 2021.10/bin/../lib/gcc/arm-none-eabi/10.3.1/../../../../arm-none-eabi/lib/thumb/v7-m/nofp\libnosys.a(write.o)
                0x00014d1c                _write
 .text._exit    0x00014d2c        0x4 c:/program files (x86)/gnu arm embedded toolchain/10 2021.10/bin/../lib/gcc/arm-none-eabi/10.3.1/../../../../arm-none-eabi/lib/thumb/v7-m/nofp\libnosys.a(_exit.o)
                0x00014d2c                _exit
                0x00014d30                . = ALIGN (0x4)
 *(.rodata)
 .rodata        0x00014d30       0xc3 Build/Obj/Debug/main.o
 *fill*         0x00014df3        0x1 00000000
 .rodata        0x00014df4      0x2d9 Build/Obj/Debug/appInit.o
 *fill*         0x000150cd        0x3 00000000
 .rodata        0x000150d0       0x24 ../../Library/AppHelper/Debug\libapphelper.a(bitmap.o)
 .rodata        0x000150f4     0x2558 ../../Library/AppHelper/Debug\libapphelper.a(graphics.o)
                0x000150f4                font8x8
                0x000158fc                font8x16
                0x000160fc                font16x24
                0x000175fc                sinLookup
                0x00017624                cosLookup
 .rodata        0x0001764c       0x8c ../../Library/AppHelper/Debug\libapphelper.a(fatFs.o)
 .rodata        0x000176d8       0x14 ../../Library/PrimeFramework/Debug\libprimeframework.a(prime_debug.o)
 .rodata        0x000176ec       0x10 ../../Library/PrimeFramework/Debug\libprimeframework.a(prime_timer0.o)
 .rodata        0x000176fc       0x1c ../../Library/PrimeFramework/Debug\libprimeframework.a(prime_uart0.o)
 .rodata        0x00017718        0x4 ../../Library/PrimeFramework/Debug\libprimeframework.a(prime_sysClk.o)
 *(.rodata.*)
 .rodata._printf_float.str1.1
                0x0001771c       0x12 c:/program files (x86)/gnu arm embedded toolchain/10 2021.10/bin/../lib/gcc/arm-none-eabi/10.3.1/../../../../arm-none-eabi/lib/thumb/v7-m/nofp\libc_nano.a(lib_a-nano-vfprintf_float.o)
 .rodata._printf_i.str1.1
                0x0001772e       0x22 c:/program files (x86)/gnu arm embedded toolchain/10 2021.10/bin/../lib/gcc/arm-none-eabi/10.3.1/../../../../arm-none-eabi/lib/thumb/v7-m/nofp\libc_nano.a(lib_a-nano-vfprintf_i.o)
 .rodata._dtoa_r.str1.1
                0x00017750       0xb3 c:/program files (x86)/gnu arm embedded toolchain/10 2021.10/bin/../lib/gcc/arm-none-eabi/10.3.1/../../../../arm-none-eabi/lib/thumb/v7-m/nofp\libc_nano.a(lib_a-dtoa.o)
                                 0xb5 (size before relaxing)
 .rodata._Balloc.str1.1
                0x00017803       0x7f c:/program files (x86)/gnu arm embedded toolchain/10 2021.10/bin/../lib/gcc/arm-none-eabi/10.3.1/../../../../arm-none-eabi/lib/thumb/v7-m/nofp\libc_nano.a(lib_a-mprec.o)
                                 0x96 (size before relaxing)
 .rodata.__multadd.str1.1
                0x00017882       0x11 c:/program files (x86)/gnu arm embedded toolchain/10 2021.10/bin/../lib/gcc/arm-none-eabi/10.3.1/../../../../arm-none-eabi/lib/thumb/v7-m/nofp\libc_nano.a(lib_a-mprec.o)
 *fill*         0x00017882        0x6 00000000
 .rodata.__mprec_bigtens
                0x00017888       0x28 c:/program files (x86)/gnu arm embedded toolchain/10 2021.10/bin/../lib/gcc/arm-none-eabi/10.3.1/../../../../arm-none-eabi/lib/thumb/v7-m/nofp\libc_nano.a(lib_a-mprec.o)
                0x00017888                __mprec_bigtens
 .rodata.__mprec_tens
                0x000178b0       0xc8 c:/program files (x86)/gnu arm embedded toolchain/10 2021.10/bin/../lib/gcc/arm-none-eabi/10.3.1/../../../../arm-none-eabi/lib/thumb/v7-m/nofp\libc_nano.a(lib_a-mprec.o)
                0x000178b0                __mprec_tens
 .rodata.__mprec_tinytens
                0x00017978       0x28 c:/program files (x86)/gnu arm embedded toolchain/10 2021.10/bin/../lib/gcc/arm-none-eabi/10.3.1/../../../../arm-none-eabi/lib/thumb/v7-m/nofp\libc_nano.a(lib_a-mprec.o)
                0x00017978                __mprec_tinytens
 .rodata.p05.0  0x000179a0        0xc c:/program files (x86)/gnu arm embedded toolchain/10 2021.10/bin/../lib/gcc/arm-none-eabi/10.3.1/../../../../arm-none-eabi/lib/thumb/v7-m/nofp\libc_nano.a(lib_a-mprec.o)
 .rodata.__assert_func.str1.1
                0x000179ac       0x3c c:/program files (x86)/gnu arm embedded toolchain/10 2021.10/bin/../lib/gcc/arm-none-eabi/10.3.1/../../../../arm-none-eabi/lib/thumb/v7-m/nofp\libc_nano.a(lib_a-assert.o)
                                 0x3d (size before relaxing)
 .rodata._global_impure_ptr
                0x000179e8        0x4 c:/program files (x86)/gnu arm embedded toolchain/10 2021.10/bin/../lib/gcc/arm-none-eabi/10.3.1/../../../../arm-none-eabi/lib/thumb/v7-m/nofp\libc_nano.a(lib_a-impure.o)
                0x000179e8                _global_impure_ptr
 .rodata._setlocale_r.str1.1
                0x000179ec        0x8 c:/program files (x86)/gnu arm embedded toolchain/10 2021.10/bin/../lib/gcc/arm-none-eabi/10.3.1/../../../../arm-none-eabi/lib/thumb/v7-m/nofp\libc_nano.a(lib_a-locale.o)
                                  0x9 (size before relaxing)
 .rodata.str1.1
                0x000179f4        0x2 c:/program files (x86)/gnu arm embedded toolchain/10 2021.10/bin/../lib/gcc/arm-none-eabi/10.3.1/../../../../arm-none-eabi/lib/thumb/v7-m/nofp\libc_nano.a(lib_a-locale.o)
 .rodata._vfprintf_r.str1.1
                0x000179f6       0x11 c:/program files (x86)/gnu arm embedded toolchain/10 2021.10/bin/../lib/gcc/arm-none-eabi/10.3.1/../../../../arm-none-eabi/lib/thumb/v7-m/nofp\libc_nano.a(lib_a-nano-vfprintf.o)
 .rodata._ctype_
                0x00017a07      0x101 c:/program files (x86)/gnu arm embedded toolchain/10 2021.10/bin/../lib/gcc/arm-none-eabi/10.3.1/../../../../arm-none-eabi/lib/thumb/v7-m/nofp\libc_nano.a(lib_a-ctype_.o)
                0x00017a07                _ctype_
 .rodata.__sf_fake_stderr
                0x00017b08       0x20 c:/program files (x86)/gnu arm embedded toolchain/10 2021.10/bin/../lib/gcc/arm-none-eabi/10.3.1/../../../../arm-none-eabi/lib/thumb/v7-m/nofp\libc_nano.a(lib_a-findfp.o)
                0x00017b08                __sf_fake_stderr
 .rodata.__sf_fake_stdin
                0x00017b28       0x20 c:/program files (x86)/gnu arm embedded toolchain/10 2021.10/bin/../lib/gcc/arm-none-eabi/10.3.1/../../../../arm-none-eabi/lib/thumb/v7-m/nofp\libc_nano.a(lib_a-findfp.o)
                0x00017b28                __sf_fake_stdin
 .rodata.__sf_fake_stdout
                0x00017b48       0x20 c:/program files (x86)/gnu arm embedded toolchain/10 2021.10/bin/../lib/gcc/arm-none-eabi/10.3.1/../../../../arm-none-eabi/lib/thumb/v7-m/nofp\libc_nano.a(lib_a-findfp.o)
                0x00017b48                __sf_fake_stdout
                0x00017b68                . = ALIGN (0x4)

.glue_7         0x00017b68        0x0
 .glue_7        0x00017b68        0x0 linker stubs

.glue_7t        0x00017b68        0x0
 .glue_7t       0x00017b68        0x0 linker stubs

.vfp11_veneer   0x00017b68        0x0
 .vfp11_veneer  0x00017b68        0x0 linker stubs

.v4_bx          0x00017b68        0x0
 .v4_bx         0x00017b68        0x0 linker stubs

.iplt           0x00017b68        0x0
 .iplt          0x00017b68        0x0 Build/Obj/Debug/main.o

.ARM.extab      0x00017b68        0x0
 *(.ARM.extab* .gnu.linkonce.armextab.*)
 .ARM.extab     0x00017b68        0x0 c:/program files (x86)/gnu arm embedded toolchain/10 2021.10/bin/../lib/gcc/arm-none-eabi/10.3.1/thumb/v7-m/nofp\libgcc.a(_udivmoddi4.o)
                0x00017b68                __exidx_start = .

.ARM.exidx      0x00017b68        0x8
 *(.ARM.exidx* .gnu.linkonce.armexidx.*)
 .ARM.exidx     0x00017b68        0x8 c:/program files (x86)/gnu arm embedded toolchain/10 2021.10/bin/../lib/gcc/arm-none-eabi/10.3.1/thumb/v7-m/nofp\libgcc.a(_udivmoddi4.o)
                0x00017b70                __exidx_end = .
                0x00017b70                _etext = .

.rel.dyn        0x00017b70        0x0
 .rel.iplt      0x00017b70        0x0 Build/Obj/Debug/main.o

.data           0x2007c000      0xa30 load address 0x00017b70
                0x2007c000                . = ALIGN (0x4)
                0x2007c000                _sdata = .
 *(.data)
 .data          0x2007c000       0xf8 Build/Obj/Debug/main.o
                0x2007c000                val
 .data          0x2007c0f8      0x1c8 Build/Obj/Debug/appInit.o
                0x2007c0f8                clkConfig
                0x2007c104                ritConfig
                0x2007c114                timer0Config
                0x2007c138                uart0Config
                0x2007c140                spi0Cfg
                0x2007c14c                eduarmMma7660GpioCfg
                0x2007c164                i2c0Cfg
                0x2007c17c                accelConfig
                0x2007c18c                eduarmBuzzerGpioCfg
                0x2007c198                buzzerConfig
                0x2007c1a0                lcdDisplayConfig
                0x2007c210                touchConfig
                0x2007c23c                extInt1CallbackArray
                0x2007c240                extIntTouchConfig
                0x2007c248                keypadKeyPortPin
                0x2007c270                mmcCfg
                0x2007c2a4                diskCfg
 .data          0x2007c2c0      0x30c Build/Obj/Debug/eduarmBoardConfig.o
                0x2007c2c0                eduarmLedGpioCfg
                0x2007c2e4                eduarmPushButtonGpioCfg
                0x2007c320                eduarmUart0GpioCfg
                0x2007c338                eduarmUart2GpioCfg
                0x2007c350                eduarmUart3GpioCfg
                0x2007c368                eduarmEint3GpioCfg
                0x2007c374                eduarmMma7660IntGpioCfg
                0x2007c380                eduarmTouchIntGpioCfg
                0x2007c38c                eduarmAdc0GpioCfg
                0x2007c398                eduarmAdc1GpioCfg
                0x2007c3a4                eduarmAdc2GpioCfg
                0x2007c3b0                eduarmAdc3GpioCfg
                0x2007c3bc                eduarmAdc4GpioCfg
                0x2007c3c8                eduarmAdc5GpioCfg
                0x2007c3d4                eduarmI2c1GpioCfg
                0x2007c3ec                eduarmI2c2GpioCfg
                0x2007c404                eduarmSsp0GpioCfg
                0x2007c434                eduarmTouchGpioCfg
                0x2007c47c                eduarmSdcardGpioCfg
                0x2007c4ac                eduarmLcdGpioCfg
                0x2007c4f4                eduarmCan1GpioCfg
                0x2007c50c                eduarmCan2GpioCfg
                0x2007c524                eduarmPwm1GpioCfg
                0x2007c530                eduarmPwm2GpioCfg
                0x2007c53c                eduarmPwm3GpioCfg
                0x2007c548                eduarmPwm4GpioCfg
                0x2007c554                eduarmPwm5GpioCfg
                0x2007c560                eduarmTimer0Cap1GpioCfg
                0x2007c56c                eduarmTimer3Cap0GpioCfg
                0x2007c578                eduarmTimer1MatGpioCfg
                0x2007c590                eduarmI2sGpioCfg
 .data          0x2007c5cc        0x0 ../../Library/GameEngine/Debug\libgameengine.a(gameEngine.o)
 .data          0x2007c5cc       0x18 ../../Library/GameEngine/Debug\libgameengine.a(gameGraphics.o)
                0x2007c5d0                createGfx
 .data          0x2007c5e4        0x0 ../../Library/GameEngine/Debug\libgameengine.a(gui.o)
 .data          0x2007c5e4        0x0 ../../Library/GameEngine/Debug\libgameengine.a(object.o)
 .data          0x2007c5e4       0x28 ../../Library/GameEngine/Debug\libgameengine.a(renderer.o)
 .data          0x2007c60c        0x0 ../../Library/AppHelper/Debug\libapphelper.a(bitmap.o)
 .data          0x2007c60c        0x0 ../../Library/AppHelper/Debug\libapphelper.a(buzzer.o)
 .data          0x2007c60c       0x14 ../../Library/AppHelper/Debug\libapphelper.a(graphics.o)
 .data          0x2007c620        0x0 ../../Library/AppHelper/Debug\libapphelper.a(keypad.o)
 .data          0x2007c620        0x0 ../../Library/AppHelper/Debug\libapphelper.a(mma7660.o)
 .data          0x2007c620        0x0 ../../Library/AppHelper/Debug\libapphelper.a(mmc.o)
 .data          0x2007c620        0x0 ../../Library/AppHelper/Debug\libapphelper.a(touch.o)
 .data          0x2007c620        0x0 ../../Library/AppHelper/Debug\libapphelper.a(diskIo.o)
 .data          0x2007c620        0x0 ../../Library/AppHelper/Debug\libapphelper.a(fatFs.o)
 .data          0x2007c620        0x0 ../../Library/PrimeFramework/Debug\libprimeframework.a(prime_debug.o)
 .data          0x2007c620        0x0 ../../Library/PrimeFramework/Debug\libprimeframework.a(prime_string.o)
 .data          0x2007c620        0x0 ../../Library/PrimeFramework/Debug\libprimeframework.a(prime_tick.o)
 .data          0x2007c620        0x0 ../../Library/PrimeFramework/Debug\libprimeframework.a(prime_eint1.o)
 .data          0x2007c620        0x0 ../../Library/PrimeFramework/Debug\libprimeframework.a(prime_gpio.o)
 .data          0x2007c620        0x0 ../../Library/PrimeFramework/Debug\libprimeframework.a(prime_i2c0.o)
 .data          0x2007c620        0x0 ../../Library/PrimeFramework/Debug\libprimeframework.a(prime_rit.o)
 .data          0x2007c620        0x0 ../../Library/PrimeFramework/Debug\libprimeframework.a(prime_spi0.o)
 .data          0x2007c620        0x0 ../../Library/PrimeFramework/Debug\libprimeframework.a(prime_timer0.o)
 .data          0x2007c620      0x240 ../../Library/PrimeFramework/Debug\libprimeframework.a(prime_uart0.o)
 .data          0x2007c860        0x0 ../../Library/PrimeFramework/Debug\libprimeframework.a(prime_sysClk.o)
 .data          0x2007c860        0x0 ../../Library/PrimeFramework/Debug\libprimeframework.a(prime_vectors.o)
 .data          0x2007c860        0x0 ../../Library/PrimeFramework/Debug\libprimeframework.a(prime_fifo.o)
 .data          0x2007c860        0x0 c:/program files (x86)/gnu arm embedded toolchain/10 2021.10/bin/../lib/gcc/arm-none-eabi/10.3.1/thumb/v7-m/nofp\libgcc.a(_arm_muldf3.o)
 .data          0x2007c860        0x0 c:/program files (x86)/gnu arm embedded toolchain/10 2021.10/bin/../lib/gcc/arm-none-eabi/10.3.1/thumb/v7-m/nofp\libgcc.a(_arm_mulsf3.o)
 .data          0x2007c860        0x0 c:/program files (x86)/gnu arm embedded toolchain/10 2021.10/bin/../lib/gcc/arm-none-eabi/10.3.1/thumb/v7-m/nofp\libgcc.a(_arm_addsubdf3.o)
 .data          0x2007c860        0x0 c:/program files (x86)/gnu arm embedded toolchain/10 2021.10/bin/../lib/gcc/arm-none-eabi/10.3.1/thumb/v7-m/nofp\libgcc.a(_arm_muldivdf3.o)
 .data          0x2007c860        0x0 c:/program files (x86)/gnu arm embedded toolchain/10 2021.10/bin/../lib/gcc/arm-none-eabi/10.3.1/thumb/v7-m/nofp\libgcc.a(_arm_cmpdf2.o)
 .data          0x2007c860        0x0 c:/program files (x86)/gnu arm embedded toolchain/10 2021.10/bin/../lib/gcc/arm-none-eabi/10.3.1/thumb/v7-m/nofp\libgcc.a(_arm_fixunsdfsi.o)
 .data          0x2007c860        0x0 c:/program files (x86)/gnu arm embedded toolchain/10 2021.10/bin/../lib/gcc/arm-none-eabi/10.3.1/thumb/v7-m/nofp\libgcc.a(_arm_truncdfsf2.o)
 .data          0x2007c860        0x0 c:/program files (x86)/gnu arm embedded toolchain/10 2021.10/bin/../lib/gcc/arm-none-eabi/10.3.1/thumb/v7-m/nofp\libgcc.a(_arm_addsubsf3.o)
 .data          0x2007c860        0x0 c:/program files (x86)/gnu arm embedded toolchain/10 2021.10/bin/../lib/gcc/arm-none-eabi/10.3.1/thumb/v7-m/nofp\libgcc.a(_arm_muldivsf3.o)
 .data          0x2007c860        0x0 c:/program files (x86)/gnu arm embedded toolchain/10 2021.10/bin/../lib/gcc/arm-none-eabi/10.3.1/thumb/v7-m/nofp\libgcc.a(_arm_cmpsf2.o)
 .data          0x2007c860        0x0 c:/program files (x86)/gnu arm embedded toolchain/10 2021.10/bin/../lib/gcc/arm-none-eabi/10.3.1/thumb/v7-m/nofp\libgcc.a(_arm_fixsfsi.o)
 .data          0x2007c860        0x0 c:/program files (x86)/gnu arm embedded toolchain/10 2021.10/bin/../lib/gcc/arm-none-eabi/10.3.1/thumb/v7-m/nofp\libgcc.a(_arm_fixunssfsi.o)
 .data          0x2007c860        0x0 c:/program files (x86)/gnu arm embedded toolchain/10 2021.10/bin/../lib/gcc/arm-none-eabi/10.3.1/thumb/v7-m/nofp\libgcc.a(_aeabi_ldivmod.o)
 .data          0x2007c860        0x0 c:/program files (x86)/gnu arm embedded toolchain/10 2021.10/bin/../lib/gcc/arm-none-eabi/10.3.1/thumb/v7-m/nofp\libgcc.a(_udivmoddi4.o)
 .data          0x2007c860        0x0 c:/program files (x86)/gnu arm embedded toolchain/10 2021.10/bin/../lib/gcc/arm-none-eabi/10.3.1/thumb/v7-m/nofp\libgcc.a(_dvmd_tls.o)