Archive member included to satisfy reference by file (symbol)

../../Library/GameEngine/Debug\libgameengine.a(gameEngine.o)
                              Build/Obj/Debug/main.o (gameEngineInit)
../../Library/GameEngine/Debug\libgameengine.a(gameGraphics.o)
                              ../../Library/GameEngine/Debug\libgameengine.a(gameEngine.o) (gameGraphicsInit)
../../Library/GameEngine/Debug\libgameengine.a(gui.o)
                              Build/Obj/Debug/main.o (setWindow)
../../Library/GameEngine/Debug\libgameengine.a(object.o)
                              ../../Library/GameEngine/Debug\libgameengine.a(gameGraphics.o) (getGameObjectsPtr)
../../Library/GameEngine/Debug\libgameengine.a(renderer.o)
                              ../../Library/GameEngine/Debug\libgameengine.a(gameEngine.o) (rendererInit)
../../Library/AppHelper/Debug\libapphelper.a(bitmap.o)
                              ../../Library/GameEngine/Debug\libgameengine.a(renderer.o) (bmpDrawLoadedBitmap)
../../Library/AppHelper/Debug\libapphelper.a(buzzer.o)
                              Build/Obj/Debug/appInit.o (buzzerOpen)
../../Library/AppHelper/Debug\libapphelper.a(graphics.o)
                              ../../Library/AppHelper/Debug\libapphelper.a(bitmap.o) (gfxWriteCmd)
../../Library/AppHelper/Debug\libapphelper.a(keypad.o)
                              Build/Obj/Debug/appInit.o (keypadKeyOpen)
../../Library/AppHelper/Debug\libapphelper.a(mma7660.o)
                              Build/Obj/Debug/appInit.o (mma7660Open)
../../Library/AppHelper/Debug\libapphelper.a(mmc.o)
                              Build/Obj/Debug/appInit.o (mmcOpen)
../../Library/AppHelper/Debug\libapphelper.a(touch.o)
                              Build/Obj/Debug/appInit.o (touchOpen)
../../Library/AppHelper/Debug\libapphelper.a(diskIo.o)
                              Build/Obj/Debug/appInit.o (diskOpen)
../../Library/AppHelper/Debug\libapphelper.a(fatFs.o)
                              Build/Obj/Debug/appInit.o (fsMount)
../../Library/PrimeFramework/Debug\libprimeframework.a(prime_debug.o)
                              ../../Library/AppHelper/Debug\libapphelper.a(bitmap.o) (pfPrintf)
../../Library/PrimeFramework/Debug\libprimeframework.a(prime_string.o)
                              ../../Library/GameEngine/Debug\libgameengine.a(gui.o) (pfStrLen)
../../Library/PrimeFramework/Debug\libprimeframework.a(prime_tick.o)
                              Build/Obj/Debug/appInit.o (pfTickSetTimerPeriod)
../../Library/PrimeFramework/Debug\libprimeframework.a(prime_eint1.o)
                              Build/Obj/Debug/appInit.o (pfEint1Open)
../../Library/PrimeFramework/Debug\libprimeframework.a(prime_gpio.o)
                              Build/Obj/Debug/appInit.o (pfGpioInit)
../../Library/PrimeFramework/Debug\libprimeframework.a(prime_i2c0.o)
                              Build/Obj/Debug/appInit.o (pfI2c0Open)
../../Library/PrimeFramework/Debug\libprimeframework.a(prime_rit.o)
                              Build/Obj/Debug/appInit.o (pfRitOpen)
../../Library/PrimeFramework/Debug\libprimeframework.a(prime_spi0.o)
                              Build/Obj/Debug/appInit.o (pfSpi0Open)
../../Library/PrimeFramework/Debug\libprimeframework.a(prime_timer0.o)
                              Build/Obj/Debug/appInit.o (pfTimer0Open)
../../Library/PrimeFramework/Debug\libprimeframework.a(prime_uart0.o)
                              Build/Obj/Debug/appInit.o (pfUart0Open)
../../Library/PrimeFramework/Debug\libprimeframework.a(prime_sysClk.o)
                              Build/Obj/Debug/appInit.o (pfSysSetCpuClock)
../../Library/PrimeFramework/Debug\libprimeframework.a(prime_vectors.o)
                              (ResetHandler)
../../Library/PrimeFramework/Debug\libprimeframework.a(prime_fifo.o)
                              ../../Library/PrimeFramework/Debug\libprimeframework.a(prime_spi0.o) (pfFifoInit)
c:/program files (x86)/gnu arm embedded toolchain/10 2021.10/bin/../lib/gcc/arm-none-eabi/10.3.1/thumb/v7-m/nofp\libgcc.a(_arm_muldf3.o)
                              ../../Library/AppHelper/Debug\libapphelper.a(graphics.o) (__aeabi_dmul)
c:/program files (x86)/gnu arm embedded toolchain/10 2021.10/bin/../lib/gcc/arm-none-eabi/10.3.1/thumb/v7-m/nofp\libgcc.a(_arm_mulsf3.o)
                              ../../Library/PrimeFramework/Debug\libprimeframework.a(prime_string.o) (__aeabi_fmul)
c:/program files (x86)/gnu arm embedded toolchain/10 2021.10/bin/../lib/gcc/arm-none-eabi/10.3.1/thumb/v7-m/nofp\libgcc.a(_arm_addsubdf3.o)
                              ../../Library/PrimeFramework/Debug\libprimeframework.a(prime_uart0.o) (__aeabi_dsub)
c:/program files (x86)/gnu arm embedded toolchain/10 2021.10/bin/../lib/gcc/arm-none-eabi/10.3.1/thumb/v7-m/nofp\libgcc.a(_arm_muldivdf3.o)
                              ../../Library/AppHelper/Debug\libapphelper.a(graphics.o) (__aeabi_ddiv)
[...]
Memory Configuration

Name             Origin             Length             Attributes
FLASH            0x00000000         0x00080000         xrw
RAM1             0x10000000         0x00008000         xrw
RAM2             0x2007c000         0x00008000         xrw
*default*        0x00000000         0xffffffff

Linker script and memory map

LOAD Build/Obj/Debug/main.o
LOAD Build/Obj/Debug/appInit.o
LOAD Build/Obj/Debug/eduarmBoardConfig.o
LOAD ../../Library/GameEngine/Debug\libgameengine.a
LOAD ../../Library/AppHelper/Debug\libapphelper.a
LOAD ../../Library/PrimeFramework/Debug\libprimeframework.a
START GROUP
LOAD c:/program files (x86)/gnu arm embedded toolchain/10 2021.10/bin/../lib/gcc/arm-none-eabi/10.3.1/thumb/v7-m/nofp\libgcc.a
LOAD c:/program files (x86)/gnu arm embedded toolchain/10 2021.10/bin/../lib/gcc/arm-none-eabi/10.3.1/../../../../arm-none-eabi/lib/thumb/v7-m/nofp\libc_nano.a
END GROUP
START GROUP
LOAD c:/program files (x86)/gnu arm embedded toolchain/10 2021.10/bin/../lib/gcc/arm-none-eabi/10.3.1/thumb/v7-m/nofp\libgcc.a
LOAD c:/program files (x86)/gnu arm embedded toolchain/10 2021.10/bin/../lib/gcc/arm-none-eabi/10.3.1/../../../../arm-none-eabi/lib/thumb/v7-m/nofp\libc_nano.a
LOAD c:/program files (x86)/gnu arm embedded toolchain/10 2021.10/bin/../lib/gcc/arm-none-eabi/10.3.1/../../../../arm-none-eabi/lib/thumb/v7-m/nofp\libnosys.a
END GROUP
START GROUP
LOAD c:/program files (x86)/gnu arm embedded toolchain/10 2021.10/bin/../lib/gcc/arm-none-eabi/10.3.1/thumb/v7-m/nofp\libgcc.a
LOAD c:/program files (x86)/gnu arm embedded toolchain/10 2021.10/bin/../lib/gcc/arm-none-eabi/10.3.1/../../../../arm-none-eabi/lib/thumb/v7-m/nofp\libc_nano.a
LOAD c:/program files (x86)/gnu arm embedded toolchain/10 2021.10/bin/../lib/gcc/arm-none-eabi/10.3.1/../../../../arm-none-eabi/lib/thumb/v7-m/nofp\libnosys.a
END GROUP

.text           0x00000000    0x17c58
                0x00000000                _stext = .
 CREATE_OBJECT_SYMBOLS
 *(.vectors)
 .vectors       0x00000000       0xc0 ../../Library/PrimeFramework/Debug\libprimeframework.a(prime_vectors.o)
                0x00000000                gVectors
 *(.text)
 .text          0x000000c0      0x468 Build/Obj/Debug/main.o
                0x000000c0                main
                0x000001b4                sqroot
                0x0000021c                freeHandBtnEventHandler
                0x0000022c                lineBtnEventHandler
                0x0000023c                circleBtnEventHandler
                0x0000024c                rectangleBtnEventHandler
                0x0000025c                saveBtnEventHandler
                0x00000284                homeScreen
                0x000002dc                clearscreenBtnEventHandler
                0x000002fc                canvasEventHandler
 .text          0x00000528      0x358 Build/Obj/Debug/appInit.o
                0x00000528                appInit
                0x0000087c                extIntTouchCallback
 .text          0x00000880        0x0 Build/Obj/Debug/eduarmBoardConfig.o
 .text          0x00000880       0x3c ../../Library/GameEngine/Debug\libgameengine.a(gameEngine.o)
                0x00000880                gameEngineInit
 .text          0x000008bc      0xb78 ../../Library/GameEngine/Debug\libgameengine.a(gameGraphics.o)
                0x000008bc                gameGraphicsInit
                0x000008d4                drawAllObjects
                0x00000930                updateObject
                0x000013e8                setBackgroundColor
                0x00001428                getBackgoundColor
 .text          0x00001434     0x1428 ../../Library/GameEngine/Debug\libgameengine.a(gui.o)
                0x00001434                setWindow
                0x0000148c                windowEventHandler
                0x000017dc                drawWindow
                0x000019f4                drawCanvas
                0x00001e04                drawWidget
                0x00002338                drawPopUp
                0x0000256c                drawMessage
                0x000025bc                createWindow
                0x00002604                createCanvas
                0x0000269c                createWidget
                0x00002738                createPopUp
                0x0000277c                disableCanvas
                0x000027b4                disableWidget
                0x000027ec                enableCanvas
                0x00002824                enableWidget
 .text          0x0000285c      0x164 ../../Library/GameEngine/Debug\libgameengine.a(object.o)
                0x0000285c                createObject
                0x00002910                destroyObject
                0x00002960                getObject
                0x00002998                getGameObjectsPtr
                0x000029b4                getObjectCount
 .text          0x000029c0      0x304 ../../Library/GameEngine/Debug\libgameengine.a(renderer.o)
                0x000029c0                rendererInit
                0x000029d8                lcdRenderer
                0x00002c54                renderGfx
                0x00002ca0                lastFrameRendered
                0x00002cb8                renderFrame
 .text          0x00002cc4      0x9bc ../../Library/AppHelper/Debug\libapphelper.a(bitmap.o)
                0x00002cc4                bmpGetImageInfo
                0x00002d38                bmpDrawImage
                0x00002f18                bmpLoadImage
                0x000030c4                bmpDrawLoadedBitmap
                0x00003144                bmpPickColor
                0x0000345c                saveImage
 .text          0x00003680       0x7c ../../Library/AppHelper/Debug\libapphelper.a(buzzer.o)
                0x00003680                buzzerOpen
                0x000036b4                buzzerON
                0x000036d8                buzzerOFF
 *fill*         0x000036fc        0x4 00000000
 .text          0x00003700     0x38e8 ../../Library/AppHelper/Debug\libapphelper.a(graphics.o)
                0x00003700                gfxWriteCmd
                0x000037d8                gfxWriteData
                0x000044a0                gfxOpen
                0x00004720                gfxClose
                0x0000473c                gfxHome
                0x0000476c                gfxCommand
                0x000047a4                gfxSetWindow
                0x00004870                gfxSetCursor
                0x000048c4                gfxFillRGB
                0x00004920                gfxDrawPixel
                0x00004990                gfxReadPixel
                0x00004a00                gfxSetAreaMax
                0x00004a28                gfxFillArea
                0x00004aa4                gfxSetOrientation
                0x00004ad8                gfxGetOrientation
                0x00004b0c                gfxMapPoints
                0x00004bbc                gfxScroll
                0x00004bec                gfxGetHeight
                0x00004c20                gfxGetWidth
                0x00004c54                gfxSetPenSize
                0x00004c74                gfxGetPenSize
                0x00004c98                gfxSetColor
                0x00004cb8                gfxGetColor
                0x00004cdc                gfxPixels
                0x00004d58                gfxDrawPixels
                0x00004d94                gfxDrawRectangle
                0x00004ddc                gfxDrawSolidCircle
                0x00004eb0                gfxDrawSolidRectangle
                0x00004ee4                gfxDrawSolidQuarterCircle
                0x00005000                gfxDrawSolidRoundRectangle
                0x00005190                gfxDrawLine
                0x0000527c                gfxDrawCircle
                0x0000536c                gfxDrawQCircle
                0x00005484                gfxDrawPolygon
                0x0000551c                gfxDrawSolidEllipse
                0x00005678                gfxDrawCircularLines
                0x00005770                gfxDrawChar
                0x0000592c                gfxDrawChar16x24
                0x00005a24                gfxDrawString
                0x00005ad8                gfxDrawArc
                0x00005c4c                gfxDrawStyledLine
                0x00005de8                gfxDrawFineQuadBezier
                0x000064ac                gfxDrawCuboid
                0x0000650c                gfxDrawParallelogram
                0x0000656c                gfxDrawParallelepiped
                0x000065fc                gfxDrawFilledLines
                0x0000679c                gfxDrawFilledTriangle
                0x0000681c                gfxDrawFilledPolygon
                0x00006884                gfxPlotCircle
                0x00006b08                gfxDebugSetPrintConfig
                0x00006bac                gfxDebugDrawChar
                0x00006cf0                gfxDebugString
                0x00006d1c                gfxDebugScrollUp
                0x00006d6c                gfxDebugScrollDown
                0x00006dc8                gfxDebugNewLine
                0x00006e6c                readBackground
                0x00006f04                retrieveBackground
                0x00006f90                bgrToRgb
 .text          0x00006fe8      0x1c4 ../../Library/AppHelper/Debug\libapphelper.a(keypad.o)
                0x00006fe8                keypadKeyOpen
                0x0000706c                keypadKeyClose
                0x000070ac                keypadGetKeyCode
                0x00007140                keypadIsKeyPressed
 .text          0x000071ac      0x4d4 ../../Library/AppHelper/Debug\libapphelper.a(mma7660.o)
                0x000071ac                mma7660Open
                0x00007260                mma7660Close
                0x00007288                mma7660ReadX
                0x00007318                mma7660ReadY
                0x000073a8                mma7660ReadZ
                0x00007434                mma7660ReadXYZ
                0x00007498                mma7660ReadTilt
                0x00007530                mma7660ReadShakeStatus
 .text          0x00007680      0xcd8 ../../Library/AppHelper/Debug\libapphelper.a(mmc.o)
                0x00007680                mmcOpen
                0x00007cfc                mmcGetStatus
                0x00007d7c                mmcRead
                0x00007e54                mmcWrite
                0x00007f50                mmcIoCtrl
 .text          0x00008358      0x5b4 ../../Library/AppHelper/Debug\libapphelper.a(touch.o)
                0x00008358                touchOpen
                0x00008504                touchGetCoordinates
                0x000086f8                touchDataAvailable
                0x000087c0                touchClose
                0x000088dc                touchAvailable
 .text          0x0000890c      0x270 ../../Library/AppHelper/Debug\libapphelper.a(diskIo.o)
                0x0000890c                diskOpen
                0x00008980                diskInit
                0x000089e0                diskGetStatus
                0x00008a30                diskRead
                0x00008a8c                diskWrite
                0x00008b04                diskIoCtrl
 .text          0x00008b7c     0x3124 ../../Library/AppHelper/Debug\libapphelper.a(fatFs.o)
                0x00008b7c                get_fattime
                0x0000a164                fsMount
                0x0000a1c0                fsFileOpen
                0x0000a4a4                fsFileRead
                0x0000a728                fsFileWrite
                0x0000aa58                fsFileSync
                0x0000ab9c                fsFileClose
                0x0000abc4                fsChangeDrive
                0x0000abf0                fsChangeDirectory
                0x0000acb0                fsFileSeek
                0x0000af04                fsDirOpen
                0x0000afc8                fsDirReadEntry
                0x0000b058                fsGetFileStatus
                0x0000b0c8                fsGetFreeClusters
                0x0000b254                fsFileTruncate
                0x0000b36c                fsFileDelete
                0x0000b4f8                fsDirCreate
                0x0000b7f4                fsFileChangeAttrib
                0x0000b8bc                fsFileChangeTimestamp
                0x0000b98c                fsFileRename
                0x0000bbb0                fsFileGetString
                0x0000bc14                fsFilePutChar
                0x0000bc58                fsFilePutString
 .text          0x0000bca0      0x53c ../../Library/PrimeFramework/Debug\libprimeframework.a(prime_debug.o)
                0x0000bca0                pfPrintfInit
                0x0000bd0c                pfPrintf
                0x0000bf28                pfSprintf
                0x0000c174                baseconv
 .text          0x0000c1dc      0x758 ../../Library/PrimeFramework/Debug\libprimeframework.a(prime_string.o)
                0x0000c1dc                pfStringTokenize
                0x0000c334                pfStrLen
                0x0000c36c                pfStrCopy
                0x0000c3bc                pfStrReverse
                0x0000c424                pfMemCopy
                0x0000c478                pfMemSet
                0x0000c4c4                pfMemCompare
                0x0000c520                pfFtoA
                0x0000c730                pfAtoI
                0x0000c788                pfAtoF
                0x0000c890                pfItoA
 .text          0x0000c934      0x108 ../../Library/PrimeFramework/Debug\libprimeframework.a(prime_tick.o)
                0x0000c934                pfTickSetTimerPeriod
                0x0000c950                pfTickUpdate
                0x0000c96c                pfTickReset
                0x0000c984                pfTickSetTimeoutMs
                0x0000c9d0                pfTickCheckTimeout
                0x0000ca08                pfTickDelayMs
 .text          0x0000ca3c      0x38c ../../Library/PrimeFramework/Debug\libprimeframework.a(prime_eint1.o)
                0x0000ca3c                pfEint1Open
                0x0000cb18                pfEint1Enable
                0x0000cb68                pfEint1Disable
                0x0000cbb8                pfEint1AddCallback
                0x0000cc70                pfEint1RemoveCallback
                0x0000cd2c                pfEint1Close
                0x0000cd78                EINT1_IRQHandler
 .text          0x0000cdc8      0x9c4 ../../Library/PrimeFramework/Debug\libprimeframework.a(prime_gpio.o)
                0x0000cdc8                pfGpioInit
                0x0000ce18                pfGpioPinConfig
 .text          0x0000d78c      0xa10 ../../Library/PrimeFramework/Debug\libprimeframework.a(prime_i2c0.o)
                0x0000d78c                pfI2c0Open
                0x0000d90c                pfI2c0Close
                0x0000d950                pfI2c0IntEnable
                0x0000d9a0                pfI2c0IntDisable
                0x0000d9f0                pfI2c0SetControlFlag
                0x0000da24                pfI2c0ClearControlFlag
                0x0000da58                pfI2c0GetState
                0x0000dff0                pfI2c0Write
                0x0000e09c                pfI2c0Read
                0x0000e184                I2C0_IRQHandler
 .text          0x0000e19c      0x1d8 ../../Library/PrimeFramework/Debug\libprimeframework.a(prime_rit.o)
                0x0000e19c                pfRitOpen
                0x0000e2a0                pfRitClose
                0x0000e2e0                pfRitStart
                0x0000e314                pfRitStop
                0x0000e348                RIT_IRQHandler
 .text          0x0000e374      0xa10 ../../Library/PrimeFramework/Debug\libprimeframework.a(prime_spi0.o)
                0x0000e374                pfSpi0Open
                0x0000e4e0                pfSpi0Close
                0x0000e52c                pfSpi0RegisterDevice
                0x0000e5ec                pfSpi0UnregisterDevice
                0x0000e658                pfSpi0ChipSelect
                0x0000e788                pfSpi0ExchangeByte
                0x0000e864                pfSpi0Write
                0x0000e9b0                pfSpi0Read
                0x0000eb54                pfSpi0GetIntStatus
                0x0000eb6c                pfSpi0ClearIntStatus
                0x0000eb9c                pfSpi0GetRxBufferSize
                0x0000ebd8                pfSpi0GetRxBufferCount
                0x0000ec14                pfSpi0RxBufferFlush
                0x0000ec38                pfSpi0GetTxBufferSize
                0x0000ec74                pfSpi0GetTxBufferCount
                0x0000ecb0                pfSpi0TxBufferFlush
                0x0000ecd4                SSP0_IRQHandler
 .text          0x0000ed84      0x4e8 ../../Library/PrimeFramework/Debug\libprimeframework.a(prime_timer0.o)
                0x0000ed84                pfTimer0Open
                0x0000eee8                pfTimer0Close
                0x0000ef14                pfTimer0Start
                0x0000ef3c                pfTimer0Stop
                0x0000ef64                pfTimer0Reset
                0x0000ef94                pfTimer0UpdateMatchRegister
                0x0000f008                pfTimer0ReadCount
                0x0000f038                pfTimer0GetIntStatus
                0x0000f068                pfTimer0ClearIntStatus
                0x0000f098                TIMER0_IRQHandler
                0x0000f0bc                pfTimer0IntDisable
                0x0000f100                pfTimer0IntEnable
                0x0000f148                pfTimer0GetTickFreq
                0x0000f184                pfTimer0SetTickFreq
                0x0000f220                pfTimer0UpdateMatchControlRegister
 *fill*         0x0000f26c        0x4 00000000
 .text          0x0000f270      0x8b8 ../../Library/PrimeFramework/Debug\libprimeframework.a(prime_uart0.o)
                0x0000f49c                pfUart0Open
                0x0000f628                pfUart0Close
                0x0000f65c                pfUart0WriteByte
                0x0000f6b0                pfUart0Write
                0x0000f774                pfUart0WriteString
                0x0000f840                pfUart0ReadByte
                0x0000f8a0                pfUart0Read
                0x0000f990                pfUart0GetRxBufferSize
                0x0000f9cc                pfUart0GetRxBufferCount
                0x0000fa08                pfUart0RxBufferFlush
                0x0000fa2c                pfUart0GetTxBufferSize
                0x0000fa68                pfUart0GetTxBufferCount
                0x0000faa4                pfUart0TxBufferFlush
                0x0000fac8                UART0_IRQHandler
 .text          0x0000fb28      0x3b0 ../../Library/PrimeFramework/Debug\libprimeframework.a(prime_sysClk.o)
                0x0000fb48                pfSysSetCpuClock
                0x0000fc40                pfSysGetCpuClock
                0x0000fce8                pfPllConfig
                0x0000fdd8                pfSysSetPclkDiv
                0x0000fe58                pfSysGetPclk
 .text          0x0000fed8      0x1b0 ../../Library/PrimeFramework/Debug\libprimeframework.a(prime_vectors.o)
                0x0000fed8                ResetHandler
                0x0000ff40                NMI_Handler
                0x0000ff48                HardFault_Handler
                0x0000ff50                MemManage_Handler
                0x0000ff58                BusFault_Handler
                0x0000ff60                UsageFault_Handler
                0x0000ff68                SVC_Handler
                0x0000ff70                DebugMon_Handler
                0x0000ff78                PendSV_Handler
                0x0000ff80                SysTick_Handler
                0x0000ff88                WDT_IRQHandler
                0x0000ff98                TIMER1_IRQHandler
                0x0000ffa0                TIMER2_IRQHandler
                0x0000ffa8                TIMER3_IRQHandler
                0x0000ffb8                UART1_IRQHandler
                0x0000ffc0                UART2_IRQHandler
                0x0000ffc8                UART3_IRQHandler
                0x0000ffd0                PWM_IRQHandler
                0x0000ffe0                I2C1_IRQHandler
                0x0000ffe8                I2C2_IRQHandler
                0x0000fff0                SPI_IRQHandler
                0x00010000                SSP1_IRQHandler
                0x00010008                PLL0_IRQHandler
                0x00010010                RTC_IRQHandler
                0x00010018                EINT0_IRQHandler
                0x00010028                EINT2_IRQHandler
                0x00010030                EINT3_IRQHandler
                0x00010038                ADC_IRQHandler
                0x00010040                BOD_IRQHandler
                0x00010048                USB_IRQHandler
                0x00010050                CAN_IRQHandler
                0x00010058                DMA_IRQHandler
                0x00010060                I2S_IRQHandler
                0x00010068                ENET_IRQHandler
                0x00010078                MCPWM_IRQHandler
                0x00010080                QEI_IRQHandler
 .text          0x00010088      0x1dc ../../Library/PrimeFramework/Debug\libprimeframework.a(prime_fifo.o)
                0x00010088                pfFifoInit
                0x000100ec                pfFifoLength
                0x00010104                pfFifoPush
                0x000101a4                pfFifoPop
                0x000101f8                pfFifoFlush
                0x00010218                pfFifoIsEmpty
                0x0001023c                pfFifoIsFull
 .text          0x00010264      0x254 c:/program files (x86)/gnu arm embedded toolchain/10 2021.10/bin/../lib/gcc/arm-none-eabi/10.3.1/thumb/v7-m/nofp\libgcc.a(_arm_muldf3.o)
 .text          0x000104b8      0x168 c:/program files (x86)/gnu arm embedded toolchain/10 2021.10/bin/../lib/gcc/arm-none-eabi/10.3.1/thumb/v7-m/nofp\libgcc.a(_arm_mulsf3.o)
 .text          0x00010620      0x378 c:/program files (x86)/gnu arm embedded toolchain/10 2021.10/bin/../lib/gcc/arm-none-eabi/10.3.1/thumb/v7-m/nofp\libgcc.a(_arm_addsubdf3.o)
                0x00010620                __aeabi_drsub
                0x00010628                __aeabi_dsub
                0x00010628                __subdf3
                0x0001062c                __aeabi_dadd
                0x0001062c                __adddf3
                0x000108a4                __floatunsidf
                0x000108a4                __aeabi_ui2d
                0x000108c4                __floatsidf
                0x000108c4                __aeabi_i2d
                0x000108e8                __aeabi_f2d
                0x000108e8                __extendsfdf2
                0x0001092c                __floatundidf
                0x0001092c                __aeabi_ul2d
                0x0001093c                __floatdidf
                0x0001093c                __aeabi_l2d
 .text          0x00010998      0x424 c:/program files (x86)/gnu arm embedded toolchain/10 2021.10/bin/../lib/gcc/arm-none-eabi/10.3.1/thumb/v7-m/nofp\libgcc.a(_arm_muldivdf3.o)
                0x00010998                __aeabi_dmul
                0x00010998                __muldf3
                0x00010bec                __divdf3
                0x00010bec                __aeabi_ddiv
 .text          0x00010dbc      0x110 c:/program files (x86)/gnu arm embedded toolchain/10 2021.10/bin/../lib/gcc/arm-none-eabi/10.3.1/thumb/v7-m/nofp\libgcc.a(_arm_cmpdf2.o)
                0x00010dbc                __gtdf2
                0x00010dbc                __gedf2
                0x00010dc4                __ltdf2
                0x00010dc4                __ledf2
                0x00010dcc                __nedf2
                0x00010dcc                __eqdf2
                0x00010dcc                __cmpdf2
                0x00010e48                __aeabi_cdrcmple
                0x00010e58                __aeabi_cdcmpeq
                0x00010e58                __aeabi_cdcmple
                0x00010e68                __aeabi_dcmpeq
                0x00010e7c                __aeabi_dcmplt
                0x00010e90                __aeabi_dcmple
                0x00010ea4                __aeabi_dcmpge
                0x00010eb8                __aeabi_dcmpgt
 .text          0x00010ecc       0x40 c:/program files (x86)/gnu arm embedded toolchain/10 2021.10/bin/../lib/gcc/arm-none-eabi/10.3.1/thumb/v7-m/nofp\libgcc.a(_arm_fixunsdfsi.o)
                0x00010ecc                __aeabi_d2uiz
                0x00010ecc                __fixunsdfsi
 .text          0x00010f0c       0xa0 c:/program files (x86)/gnu arm embedded toolchain/10 2021.10/bin/../lib/gcc/arm-none-eabi/10.3.1/thumb/v7-m/nofp\libgcc.a(_arm_truncdfsf2.o)
                0x00010f0c                __truncdfsf2
                0x00010f0c                __aeabi_d2f
 .text          0x00010fac      0x21c c:/program files (x86)/gnu arm embedded toolchain/10 2021.10/bin/../lib/gcc/arm-none-eabi/10.3.1/thumb/v7-m/nofp\libgcc.a(_arm_addsubsf3.o)
                0x00010fac                __aeabi_frsub
                0x00010fb4                __subsf3
                0x00010fb4                __aeabi_fsub
                0x00010fb8                __aeabi_fadd
                0x00010fb8                __addsf3
                0x00011118                __aeabi_ui2f
                0x00011118                __floatunsisf
                0x00011120                __aeabi_i2f
                0x00011120                __floatsisf
                0x0001113c                __aeabi_ul2f
                0x0001113c                __floatundisf
                0x0001114c                __aeabi_l2f
                0x0001114c                __floatdisf
 .text          0x000111c8      0x2a0 c:/program files (x86)/gnu arm embedded toolchain/10 2021.10/bin/../lib/gcc/arm-none-eabi/10.3.1/thumb/v7-m/nofp\libgcc.a(_arm_muldivsf3.o)
                0x000111c8                __mulsf3
                0x000111c8                __aeabi_fmul
                0x00011330                __aeabi_fdiv
                0x00011330                __divsf3
 .text          0x00011468       0xec c:/program files (x86)/gnu arm embedded toolchain/10 2021.10/bin/../lib/gcc/arm-none-eabi/10.3.1/thumb/v7-m/nofp\libgcc.a(_arm_cmpsf2.o)
                0x00011468                __gesf2
                0x00011468                __gtsf2
                0x00011470                __lesf2
                0x00011470                __ltsf2
                0x00011478                __nesf2
                0x00011478                __eqsf2
                0x00011478                __cmpsf2
                0x000114d8                __aeabi_cfrcmple
                0x000114e0                __aeabi_cfcmpeq
                0x000114e0                __aeabi_cfcmple
                0x000114f0                __aeabi_fcmpeq
                0x00011504                __aeabi_fcmplt
                0x00011518                __aeabi_fcmple
                0x0001152c                __aeabi_fcmpge
                0x00011540                __aeabi_fcmpgt
 .text          0x00011554       0x4c c:/program files (x86)/gnu arm embedded toolchain/10 2021.10/bin/../lib/gcc/arm-none-eabi/10.3.1/thumb/v7-m/nofp\libgcc.a(_arm_fixsfsi.o)
                0x00011554                __aeabi_f2iz
                0x00011554                __fixsfsi
 .text          0x000115a0       0x40 c:/program files (x86)/gnu arm embedded toolchain/10 2021.10/bin/../lib/gcc/arm-none-eabi/10.3.1/thumb/v7-m/nofp\libgcc.a(_arm_fixunssfsi.o)
                0x000115a0                __fixunssfsi
                0x000115a0                __aeabi_f2uiz
 .text          0x000115e0       0xa0 c:/program files (x86)/gnu arm embedded toolchain/10 2021.10/bin/../lib/gcc/arm-none-eabi/10.3.1/thumb/v7-m/nofp\libgcc.a(_aeabi_ldivmod.o)
                0x000115e0                __aeabi_ldivmod
 .text          0x00011680      0x2d4 c:/program files (x86)/gnu arm embedded toolchain/10 2021.10/bin/../lib/gcc/arm-none-eabi/10.3.1/thumb/v7-m/nofp\libgcc.a(_udivmoddi4.o)
                0x00011680                __udivmoddi4
 .text          0x00011954        0x4 c:/program files (x86)/gnu arm embedded toolchain/10 2021.10/bin/../lib/gcc/arm-none-eabi/10.3.1/thumb/v7-m/nofp\libgcc.a(_dvmd_tls.o)
                0x00011954                __aeabi_idiv0
                0x00011954                __aeabi_ldiv0
 .text          0x00011958        0x0 c:/program files (x86)/gnu arm embedded toolchain/10 2021.10/bin/../lib/gcc/arm-none-eabi/10.3.1/../../../../arm-none-eabi/lib/thumb/v7-m/nofp\libc_nano.a(lib_a-memset.o)
 .text          0x00011958        0x0 c:/program files (x86)/gnu arm embedded toolchain/10 2021.10/bin/../lib/gcc/arm-none-eabi/10.3.1/../../../../arm-none-eabi/lib/thumb/v7-m/nofp\libc_nano.a(lib_a-nano-vfprintf_float.o)
 .text          0x00011958        0x0 c:/program files (x86)/gnu arm embedded toolchain/10 2021.10/bin/../lib/gcc/arm-none-eabi/10.3.1/../../../../arm-none-eabi/lib/thumb/v7-m/nofp\libc_nano.a(lib_a-nano-vfprintf_i.o)
 .text          0x00011958       0x10 c:/program files (x86)/gnu arm embedded toolchain/10 2021.10/bin/../lib/gcc/arm-none-eabi/10.3.1/../../../../arm-none-eabi/lib/thumb/v7-m/nofp\libc_nano.a(lib_a-strlen.o)
                0x00011958                strlen
 .text          0x00011968        0x0 c:/program files (x86)/gnu arm embedded toolchain/10 2021.10/bin/../lib/gcc/arm-none-eabi/10.3.1/../../../../arm-none-eabi/lib/thumb/v7-m/nofp\libc_nano.a(lib_a-dtoa.o)
 .text          0x00011968        0x0 c:/program files (x86)/gnu arm embedded toolchain/10 2021.10/bin/../lib/gcc/arm-none-eabi/10.3.1/../../../../arm-none-eabi/lib/thumb/v7-m/nofp\libc_nano.a(lib_a-localeconv.o)
 .text          0x00011968        0x0 c:/program files (x86)/gnu arm embedded toolchain/10 2021.10/bin/../lib/gcc/arm-none-eabi/10.3.1/../../../../arm-none-eabi/lib/thumb/v7-m/nofp\libc_nano.a(lib_a-malloc.o)
 .text          0x00011968        0x0 c:/program files (x86)/gnu arm embedded toolchain/10 2021.10/bin/../lib/gcc/arm-none-eabi/10.3.1/../../../../arm-none-eabi/lib/thumb/v7-m/nofp\libc_nano.a(lib_a-memchr-stub.o)
 .text          0x00011968        0x0 c:/program files (x86)/gnu arm embedded toolchain/10 2021.10/bin/../lib/gcc/arm-none-eabi/10.3.1/../../../../arm-none-eabi/lib/thumb/v7-m/nofp\libc_nano.a(lib_a-memcpy-stub.o)
 .text          0x00011968        0x0 c:/program files (x86)/gnu arm embedded toolchain/10 2021.10/bin/../lib/gcc/arm-none-eabi/10.3.1/../../../../arm-none-eabi/lib/thumb/v7-m/nofp\libc_nano.a(lib_a-mprec.o)
 .text          0x00011968        0x0 c:/program files (x86)/gnu arm embedded toolchain/10 2021.10/bin/../lib/gcc/arm-none-eabi/10.3.1/../../../../arm-none-eabi/lib/thumb/v7-m/nofp\libc_nano.a(lib_a-nano-callocr.o)
 .text          0x00011968        0x0 c:/program files (x86)/gnu arm embedded toolchain/10 2021.10/bin/../lib/gcc/arm-none-eabi/10.3.1/../../../../arm-none-eabi/lib/thumb/v7-m/nofp\libc_nano.a(lib_a-nano-freer.o)
 .text          0x00011968        0x0 c:/program files (x86)/gnu arm embedded toolchain/10 2021.10/bin/../lib/gcc/arm-none-eabi/10.3.1/../../../../arm-none-eabi/lib/thumb/v7-m/nofp\libc_nano.a(lib_a-nano-mallocr.o)
 .text          0x00011968        0x0 c:/program files (x86)/gnu arm embedded toolchain/10 2021.10/bin/../lib/gcc/arm-none-eabi/10.3.1/../../../../arm-none-eabi/lib/thumb/v7-m/nofp\libc_nano.a(lib_a-sbrkr.o)
 .text          0x00011968        0x0 c:/program files (x86)/gnu arm embedded toolchain/10 2021.10/bin/../lib/gcc/arm-none-eabi/10.3.1/../../../../arm-none-eabi/lib/thumb/v7-m/nofp\libc_nano.a(lib_a-assert.o)
 .text          0x00011968        0x0 c:/program files (x86)/gnu arm embedded toolchain/10 2021.10/bin/../lib/gcc/arm-none-eabi/10.3.1/../../../../arm-none-eabi/lib/thumb/v7-m/nofp\libc_nano.a(lib_a-fprintf.o)
 .text          0x00011968        0x0 c:/program files (x86)/gnu arm embedded toolchain/10 2021.10/bin/../lib/gcc/arm-none-eabi/10.3.1/../../../../arm-none-eabi/lib/thumb/v7-m/nofp\libc_nano.a(lib_a-impure.o)
 .text          0x00011968        0x0 c:/program files (x86)/gnu arm embedded toolchain/10 2021.10/bin/../lib/gcc/arm-none-eabi/10.3.1/../../../../arm-none-eabi/lib/thumb/v7-m/nofp\libc_nano.a(lib_a-locale.o)
 .text          0x00011968        0x0 c:/program files (x86)/gnu arm embedded toolchain/10 2021.10/bin/../lib/gcc/arm-none-eabi/10.3.1/../../../../arm-none-eabi/lib/thumb/v7-m/nofp\libc_nano.a(lib_a-mbtowc_r.o)
 .text          0x00011968        0x0 c:/program files (x86)/gnu arm embedded toolchain/10 2021.10/bin/../lib/gcc/arm-none-eabi/10.3.1/../../../../arm-none-eabi/lib/thumb/v7-m/nofp\libc_nano.a(lib_a-mlock.o)
 .text          0x00011968        0x0 c:/program files (x86)/gnu arm embedded toolchain/10 2021.10/bin/../lib/gcc/arm-none-eabi/10.3.1/../../../../arm-none-eabi/lib/thumb/v7-m/nofp\libc_nano.a(lib_a-nano-vfprintf.o)
 .text          0x00011968        0x0 c:/program files (x86)/gnu arm embedded toolchain/10 2021.10/bin/../lib/gcc/arm-none-eabi/10.3.1/../../../../arm-none-eabi/lib/thumb/v7-m/nofp\libc_nano.a(lib_a-reent.o)
 .text          0x00011968       0x14 c:/program files (x86)/gnu arm embedded toolchain/10 2021.10/bin/../lib/gcc/arm-none-eabi/10.3.1/../../../../arm-none-eabi/lib/thumb/v7-m/nofp\libc_nano.a(lib_a-strcmp.o)
                0x00011968                strcmp
 .text          0x0001197c        0x0 c:/program files (x86)/gnu arm embedded toolchain/10 2021.10/bin/../lib/gcc/arm-none-eabi/10.3.1/../../../../arm-none-eabi/lib/thumb/v7-m/nofp\libc_nano.a(lib_a-wbuf.o)
 .text          0x0001197c        0x0 c:/program files (x86)/gnu arm embedded toolchain/10 2021.10/bin/../lib/gcc/arm-none-eabi/10.3.1/../../../../arm-none-eabi/lib/thumb/v7-m/nofp\libc_nano.a(lib_a-wctomb_r.o)
 .text          0x0001197c        0x0 c:/program files (x86)/gnu arm embedded toolchain/10 2021.10/bin/../lib/gcc/arm-none-eabi/10.3.1/../../../../arm-none-eabi/lib/thumb/v7-m/nofp\libc_nano.a(lib_a-wsetup.o)
 .text          0x0001197c        0x0 c:/program files (x86)/gnu arm embedded toolchain/10 2021.10/bin/../lib/gcc/arm-none-eabi/10.3.1/../../../../arm-none-eabi/lib/thumb/v7-m/nofp\libc_nano.a(lib_a-abort.o)
 .text          0x0001197c        0x0 c:/program files (x86)/gnu arm embedded toolchain/10 2021.10/bin/../lib/gcc/arm-none-eabi/10.3.1/../../../../arm-none-eabi/lib/thumb/v7-m/nofp\libc_nano.a(lib_a-ctype_.o)
 .text          0x0001197c        0x0 c:/program files (x86)/gnu arm embedded toolchain/10 2021.10/bin/../lib/gcc/arm-none-eabi/10.3.1/../../../../arm-none-eabi/lib/thumb/v7-m/nofp\libc_nano.a(lib_a-fflush.o)
 .text          0x0001197c        0x0 c:/program files (x86)/gnu arm embedded toolchain/10 2021.10/bin/../lib/gcc/arm-none-eabi/10.3.1/../../../../arm-none-eabi/lib/thumb/v7-m/nofp\libc_nano.a(lib_a-findfp.o)
 .text          0x0001197c        0x0 c:/program files (x86)/gnu arm embedded toolchain/10 2021.10/bin/../lib/gcc/arm-none-eabi/10.3.1/../../../../arm-none-eabi/lib/thumb/v7-m/nofp\libc_nano.a(lib_a-fvwrite.o)
 .text          0x0001197c        0x0 c:/program files (x86)/gnu arm embedded toolchain/10 2021.10/bin/../lib/gcc/arm-none-eabi/10.3.1/../../../../arm-none-eabi/lib/thumb/v7-m/nofp\libc_nano.a(lib_a-fwalk.o)
 .text          0x0001197c        0x0 c:/program files (x86)/gnu arm embedded toolchain/10 2021.10/bin/../lib/gcc/arm-none-eabi/10.3.1/../../../../arm-none-eabi/lib/thumb/v7-m/nofp\libc_nano.a(lib_a-lock.o)
 .text          0x0001197c        0x0 c:/program files (x86)/gnu arm embedded toolchain/10 2021.10/bin/../lib/gcc/arm-none-eabi/10.3.1/../../../../arm-none-eabi/lib/thumb/v7-m/nofp\libc_nano.a(lib_a-makebuf.o)
 .text          0x0001197c        0x0 c:/program files (x86)/gnu arm embedded toolchain/10 2021.10/bin/../lib/gcc/arm-none-eabi/10.3.1/../../../../arm-none-eabi/lib/thumb/v7-m/nofp\libc_nano.a(lib_a-memmove.o)
 .text          0x0001197c        0x0 c:/program files (x86)/gnu arm embedded toolchain/10 2021.10/bin/../lib/gcc/arm-none-eabi/10.3.1/../../../../arm-none-eabi/lib/thumb/v7-m/nofp\libc_nano.a(lib_a-nano-reallocr.o)
 .text          0x0001197c        0x0 c:/program files (x86)/gnu arm embedded toolchain/10 2021.10/bin/../lib/gcc/arm-none-eabi/10.3.1/../../../../arm-none-eabi/lib/thumb/v7-m/nofp\libc_nano.a(lib_a-signal.o)
 .text          0x0001197c        0x0 c:/program files (x86)/gnu arm embedded toolchain/10 2021.10/bin/../lib/gcc/arm-none-eabi/10.3.1/../../../../arm-none-eabi/lib/thumb/v7-m/nofp\libc_nano.a(lib_a-signalr.o)
 .text          0x0001197c        0x0 c:/program files (x86)/gnu arm embedded toolchain/10 2021.10/bin/../lib/gcc/arm-none-eabi/10.3.1/../../../../arm-none-eabi/lib/thumb/v7-m/nofp\libc_nano.a(lib_a-stdio.o)
 .text          0x0001197c        0x0 c:/program files (x86)/gnu arm embedded toolchain/10 2021.10/bin/../lib/gcc/arm-none-eabi/10.3.1/../../../../arm-none-eabi/lib/thumb/v7-m/nofp\libc_nano.a(lib_a-writer.o)
 .text          0x0001197c        0x0 c:/program files (x86)/gnu arm embedded toolchain/10 2021.10/bin/../lib/gcc/arm-none-eabi/10.3.1/../../../../arm-none-eabi/lib/thumb/v7-m/nofp\libc_nano.a(lib_a-closer.o)
 .text          0x0001197c        0x0 c:/program files (x86)/gnu arm embedded toolchain/10 2021.10/bin/../lib/gcc/arm-none-eabi/10.3.1/../../../../arm-none-eabi/lib/thumb/v7-m/nofp\libc_nano.a(lib_a-fstatr.o)
 .text          0x0001197c        0x0 c:/program files (x86)/gnu arm embedded toolchain/10 2021.10/bin/../lib/gcc/arm-none-eabi/10.3.1/../../../../arm-none-eabi/lib/thumb/v7-m/nofp\libc_nano.a(lib_a-isattyr.o)
 .text          0x0001197c        0x0 c:/program files (x86)/gnu arm embedded toolchain/10 2021.10/bin/../lib/gcc/arm-none-eabi/10.3.1/../../../../arm-none-eabi/lib/thumb/v7-m/nofp\libc_nano.a(lib_a-lseekr.o)
 .text          0x0001197c        0x0 c:/program files (x86)/gnu arm embedded toolchain/10 2021.10/bin/../lib/gcc/arm-none-eabi/10.3.1/../../../../arm-none-eabi/lib/thumb/v7-m/nofp\libc_nano.a(lib_a-nano-msizer.o)
 .text          0x0001197c        0x0 c:/program files (x86)/gnu arm embedded toolchain/10 2021.10/bin/../lib/gcc/arm-none-eabi/10.3.1/../../../../arm-none-eabi/lib/thumb/v7-m/nofp\libc_nano.a(lib_a-readr.o)
 .text          0x0001197c       0x2c c:/program files (x86)/gnu arm embedded toolchain/10 2021.10/bin/../lib/gcc/arm-none-eabi/10.3.1/thumb/v7-m/nofp\libgcc.a(_arm_unorddf2.o)
                0x0001197c                __unorddf2
                0x0001197c                __aeabi_dcmpun
 .text          0x000119a8       0x50 c:/program files (x86)/gnu arm embedded toolchain/10 2021.10/bin/../lib/gcc/arm-none-eabi/10.3.1/thumb/v7-m/nofp\libgcc.a(_arm_fixdfsi.o)
                0x000119a8                __aeabi_d2iz
                0x000119a8                __fixdfsi
 .text          0x000119f8        0x0 c:/program files (x86)/gnu arm embedded toolchain/10 2021.10/bin/../lib/gcc/arm-none-eabi/10.3.1/../../../../arm-none-eabi/lib/thumb/v7-m/nofp\libnosys.a(close.o)
 .text          0x000119f8        0x0 c:/program files (x86)/gnu arm embedded toolchain/10 2021.10/bin/../lib/gcc/arm-none-eabi/10.3.1/../../../../arm-none-eabi/lib/thumb/v7-m/nofp\libnosys.a(fstat.o)
 .text          0x000119f8        0x0 c:/program files (x86)/gnu arm embedded toolchain/10 2021.10/bin/../lib/gcc/arm-none-eabi/10.3.1/../../../../arm-none-eabi/lib/thumb/v7-m/nofp\libnosys.a(getpid.o)
 .text          0x000119f8        0x0 c:/program files (x86)/gnu arm embedded toolchain/10 2021.10/bin/../lib/gcc/arm-none-eabi/10.3.1/../../../../arm-none-eabi/lib/thumb/v7-m/nofp\libnosys.a(isatty.o)
 .text          0x000119f8        0x0 c:/program files (x86)/gnu arm embedded toolchain/10 2021.10/bin/../lib/gcc/arm-none-eabi/10.3.1/../../../../arm-none-eabi/lib/thumb/v7-m/nofp\libnosys.a(kill.o)
 .text          0x000119f8        0x0 c:/program files (x86)/gnu arm embedded toolchain/10 2021.10/bin/../lib/gcc/arm-none-eabi/10.3.1/../../../../arm-none-eabi/lib/thumb/v7-m/nofp\libnosys.a(lseek.o)
 .text          0x000119f8        0x0 c:/program files (x86)/gnu arm embedded toolchain/10 2021.10/bin/../lib/gcc/arm-none-eabi/10.3.1/../../../../arm-none-eabi/lib/thumb/v7-m/nofp\libnosys.a(read.o)
 .text          0x000119f8        0x0 c:/program files (x86)/gnu arm embedded toolchain/10 2021.10/bin/../lib/gcc/arm-none-eabi/10.3.1/../../../../arm-none-eabi/lib/thumb/v7-m/nofp\libnosys.a(sbrk.o)
 .text          0x000119f8        0x0 c:/program files (x86)/gnu arm embedded toolchain/10 2021.10/bin/../lib/gcc/arm-none-eabi/10.3.1/../../../../arm-none-eabi/lib/thumb/v7-m/nofp\libnosys.a(write.o)
 .text          0x000119f8        0x0 c:/program files (x86)/gnu arm embedded toolchain/10 2021.10/bin/../lib/gcc/arm-none-eabi/10.3.1/../../../../arm-none-eabi/lib/thumb/v7-m/nofp\libnosys.a(_exit.o)
 *(.text.*)
 .text.memset   0x000119f8       0x10 c:/program files (x86)/gnu arm embedded toolchain/10 2021.10/bin/../lib/gcc/arm-none-eabi/10.3.1/../../../../arm-none-eabi/lib/thumb/v7-m/nofp\libc_nano.a(lib_a-memset.o)
                0x000119f8                memset
 .text.__cvt    0x00011a08       0xbe c:/program files (x86)/gnu arm embedded toolchain/10 2021.10/bin/../lib/gcc/arm-none-eabi/10.3.1/../../../../arm-none-eabi/lib/thumb/v7-m/nofp\libc_nano.a(lib_a-nano-vfprintf_float.o)
                0x00011a08                __cvt
 .text.__exponent
                0x00011ac6       0x7c c:/program files (x86)/gnu arm embedded toolchain/10 2021.10/bin/../lib/gcc/arm-none-eabi/10.3.1/../../../../arm-none-eabi/lib/thumb/v7-m/nofp\libc_nano.a(lib_a-nano-vfprintf_float.o)
                0x00011ac6                __exponent
 *fill*         0x00011b42        0x2 00000000
 .text._printf_float
                0x00011b44      0x458 c:/program files (x86)/gnu arm embedded toolchain/10 2021.10/bin/../lib/gcc/arm-none-eabi/10.3.1/../../../../arm-none-eabi/lib/thumb/v7-m/nofp\libc_nano.a(lib_a-nano-vfprintf_float.o)
                0x00011b44                _printf_float
 .text._printf_common
                0x00011f9c       0xde c:/program files (x86)/gnu arm embedded toolchain/10 2021.10/bin/../lib/gcc/arm-none-eabi/10.3.1/../../../../arm-none-eabi/lib/thumb/v7-m/nofp\libc_nano.a(lib_a-nano-vfprintf_i.o)
                0x00011f9c                _printf_common
 *fill*         0x0001207a        0x2 00000000
 .text._printf_i
                0x0001207c      0x24c c:/program files (x86)/gnu arm embedded toolchain/10 2021.10/bin/../lib/gcc/arm-none-eabi/10.3.1/../../../../arm-none-eabi/lib/thumb/v7-m/nofp\libc_nano.a(lib_a-nano-vfprintf_i.o)
                0x0001207c                _printf_i
 .text.quorem   0x000122c8      0x118 c:/program files (x86)/gnu arm embedded toolchain/10 2021.10/bin/../lib/gcc/arm-none-eabi/10.3.1/../../../../arm-none-eabi/lib/thumb/v7-m/nofp\libc_nano.a(lib_a-dtoa.o)
 .text._dtoa_r  0x000123e0      0xbdc c:/program files (x86)/gnu arm embedded toolchain/10 2021.10/bin/../lib/gcc/arm-none-eabi/10.3.1/../../../../arm-none-eabi/lib/thumb/v7-m/nofp\libc_nano.a(lib_a-dtoa.o)
                0x000123e0                _dtoa_r
 .text.__localeconv_l
                0x00012fbc        0x4 c:/program files (x86)/gnu arm embedded toolchain/10 2021.10/bin/../lib/gcc/arm-none-eabi/10.3.1/../../../../arm-none-eabi/lib/thumb/v7-m/nofp\libc_nano.a(lib_a-localeconv.o)
                0x00012fbc                __localeconv_l
 .text._localeconv_r
                0x00012fc0        0x8 c:/program files (x86)/gnu arm embedded toolchain/10 2021.10/bin/../lib/gcc/arm-none-eabi/10.3.1/../../../../arm-none-eabi/lib/thumb/v7-m/nofp\libc_nano.a(lib_a-localeconv.o)
                0x00012fc0                _localeconv_r
 .text.localeconv
                0x00012fc8        0x8 c:/program files (x86)/gnu arm embedded toolchain/10 2021.10/bin/../lib/gcc/arm-none-eabi/10.3.1/../../../../arm-none-eabi/lib/thumb/v7-m/nofp\libc_nano.a(lib_a-localeconv.o)
                0x00012fc8                localeconv
 .text.malloc   0x00012fd0       0x10 c:/program files (x86)/gnu arm embedded toolchain/10 2021.10/bin/../lib/gcc/arm-none-eabi/10.3.1/../../../../arm-none-eabi/lib/thumb/v7-m/nofp\libc_nano.a(lib_a-malloc.o)
                0x00012fd0                malloc
 .text.free     0x00012fe0       0x10 c:/program files (x86)/gnu arm embedded toolchain/10 2021.10/bin/../lib/gcc/arm-none-eabi/10.3.1/../../../../arm-none-eabi/lib/thumb/v7-m/nofp\libc_nano.a(lib_a-malloc.o)
                0x00012fe0                free
 .text.memchr   0x00012ff0       0x1c c:/program files (x86)/gnu arm embedded toolchain/10 2021.10/bin/../lib/gcc/arm-none-eabi/10.3.1/../../../../arm-none-eabi/lib/thumb/v7-m/nofp\libc_nano.a(lib_a-memchr-stub.o)
                0x00012ff0                memchr
 .text.memcpy   0x0001300c       0x1c c:/program files (x86)/gnu arm embedded toolchain/10 2021.10/bin/../lib/gcc/arm-none-eabi/10.3.1/../../../../arm-none-eabi/lib/thumb/v7-m/nofp\libc_nano.a(lib_a-memcpy-stub.o)
                0x0001300c                memcpy
 .text._Balloc  0x00013028       0x80 c:/program files (x86)/gnu arm embedded toolchain/10 2021.10/bin/../lib/gcc/arm-none-eabi/10.3.1/../../../../arm-none-eabi/lib/thumb/v7-m/nofp\libc_nano.a(lib_a-mprec.o)
                0x00013028                _Balloc
 .text._Bfree   0x000130a8       0x44 c:/program files (x86)/gnu arm embedded toolchain/10 2021.10/bin/../lib/gcc/arm-none-eabi/10.3.1/../../../../arm-none-eabi/lib/thumb/v7-m/nofp\libc_nano.a(lib_a-mprec.o)
                0x000130a8                _Bfree
 .text.__multadd
                0x000130ec       0x8c c:/program files (x86)/gnu arm embedded toolchain/10 2021.10/bin/../lib/gcc/arm-none-eabi/10.3.1/../../../../arm-none-eabi/lib/thumb/v7-m/nofp\libc_nano.a(lib_a-mprec.o)
                0x000130ec                __multadd
 .text.__s2b    0x00013178       0x94 c:/program files (x86)/gnu arm embedded toolchain/10 2021.10/bin/../lib/gcc/arm-none-eabi/10.3.1/../../../../arm-none-eabi/lib/thumb/v7-m/nofp\libc_nano.a(lib_a-mprec.o)
                0x00013178                __s2b
 .text.__hi0bits
                0x0001320c       0x40 c:/program files (x86)/gnu arm embedded toolchain/10 2021.10/bin/../lib/gcc/arm-none-eabi/10.3.1/../../../../arm-none-eabi/lib/thumb/v7-m/nofp\libc_nano.a(lib_a-mprec.o)
                0x0001320c                __hi0bits
 .text.__lo0bits
                0x0001324c       0x5a c:/program files (x86)/gnu arm embedded toolchain/10 2021.10/bin/../lib/gcc/arm-none-eabi/10.3.1/../../../../arm-none-eabi/lib/thumb/v7-m/nofp\libc_nano.a(lib_a-mprec.o)
                0x0001324c                __lo0bits
 *fill*         0x000132a6        0x2 00000000
 .text.__i2b    0x000132a8       0x2c c:/program files (x86)/gnu arm embedded toolchain/10 2021.10/bin/../lib/gcc/arm-none-eabi/10.3.1/../../../../arm-none-eabi/lib/thumb/v7-m/nofp\libc_nano.a(lib_a-mprec.o)
                0x000132a8                __i2b
 .text.__multiply
                0x000132d4      0x150 c:/program files (x86)/gnu arm embedded toolchain/10 2021.10/bin/../lib/gcc/arm-none-eabi/10.3.1/../../../../arm-none-eabi/lib/thumb/v7-m/nofp\libc_nano.a(lib_a-mprec.o)
                0x000132d4                __multiply
 .text.__pow5mult
                0x00013424       0xb4 c:/program files (x86)/gnu arm embedded toolchain/10 2021.10/bin/../lib/gcc/arm-none-eabi/10.3.1/../../../../arm-none-eabi/lib/thumb/v7-m/nofp\libc_nano.a(lib_a-mprec.o)
                0x00013424                __pow5mult
 .text.__lshift
                0x000134d8       0xe0 c:/program files (x86)/gnu arm embedded toolchain/10 2021.10/bin/../lib/gcc/arm-none-eabi/10.3.1/../../../../arm-none-eabi/lib/thumb/v7-m/nofp\libc_nano.a(lib_a-mprec.o)
                0x000134d8                __lshift
 .text.__mcmp   0x000135b8       0x36 c:/program files (x86)/gnu arm embedded toolchain/10 2021.10/bin/../lib/gcc/arm-none-eabi/10.3.1/../../../../arm-none-eabi/lib/thumb/v7-m/nofp\libc_nano.a(lib_a-mprec.o)
                0x000135b8                __mcmp
 *fill*         0x000135ee        0x2 00000000
 .text.__mdiff  0x000135f0      0x118 c:/program files (x86)/gnu arm embedded toolchain/10 2021.10/bin/../lib/gcc/arm-none-eabi/10.3.1/../../../../arm-none-eabi/lib/thumb/v7-m/nofp\libc_nano.a(lib_a-mprec.o)
                0x000135f0                __mdiff
 .text.__ulp    0x00013708       0x4c c:/program files (x86)/gnu arm embedded toolchain/10 2021.10/bin/../lib/gcc/arm-none-eabi/10.3.1/../../../../arm-none-eabi/lib/thumb/v7-m/nofp\libc_nano.a(lib_a-mprec.o)
                0x00013708                __ulp
 .text.__b2d    0x00013754       0xa8 c:/program files (x86)/gnu arm embedded toolchain/10 2021.10/bin/../lib/gcc/arm-none-eabi/10.3.1/../../../../arm-none-eabi/lib/thumb/v7-m/nofp\libc_nano.a(lib_a-mprec.o)
                0x00013754                __b2d
 .text.__d2b    0x000137fc       0xb8 c:/program files (x86)/gnu arm embedded toolchain/10 2021.10/bin/../lib/gcc/arm-none-eabi/10.3.1/../../../../arm-none-eabi/lib/thumb/v7-m/nofp\libc_nano.a(lib_a-mprec.o)
                0x000137fc                __d2b
 .text.__ratio  0x000138b4       0x5c c:/program files (x86)/gnu arm embedded toolchain/10 2021.10/bin/../lib/gcc/arm-none-eabi/10.3.1/../../../../arm-none-eabi/lib/thumb/v7-m/nofp\libc_nano.a(lib_a-mprec.o)
                0x000138b4                __ratio
 .text._mprec_log10
                0x00013910       0x38 c:/program files (x86)/gnu arm embedded toolchain/10 2021.10/bin/../lib/gcc/arm-none-eabi/10.3.1/../../../../arm-none-eabi/lib/thumb/v7-m/nofp\libc_nano.a(lib_a-mprec.o)
                0x00013910                _mprec_log10
 .text.__copybits
                0x00013948       0x46 c:/program files (x86)/gnu arm embedded toolchain/10 2021.10/bin/../lib/gcc/arm-none-eabi/10.3.1/../../../../arm-none-eabi/lib/thumb/v7-m/nofp\libc_nano.a(lib_a-mprec.o)
                0x00013948                __copybits
 .text.__any_on
                0x0001398e       0x42 c:/program files (x86)/gnu arm embedded toolchain/10 2021.10/bin/../lib/gcc/arm-none-eabi/10.3.1/../../../../arm-none-eabi/lib/thumb/v7-m/nofp\libc_nano.a(lib_a-mprec.o)
                0x0001398e                __any_on
 .text._calloc_r
                0x000139d0       0x28 c:/program files (x86)/gnu arm embedded toolchain/10 2021.10/bin/../lib/gcc/arm-none-eabi/10.3.1/../../../../arm-none-eabi/lib/thumb/v7-m/nofp\libc_nano.a(lib_a-nano-callocr.o)
                0x000139d0                _calloc_r
 .text._free_r  0x000139f8       0x90 c:/program files (x86)/gnu arm embedded toolchain/10 2021.10/bin/../lib/gcc/arm-none-eabi/10.3.1/../../../../arm-none-eabi/lib/thumb/v7-m/nofp\libc_nano.a(lib_a-nano-freer.o)
                0x000139f8                _free_r
 .text.sbrk_aligned
                0x00013a88       0x40 c:/program files (x86)/gnu arm embedded toolchain/10 2021.10/bin/../lib/gcc/arm-none-eabi/10.3.1/../../../../arm-none-eabi/lib/thumb/v7-m/nofp\libc_nano.a(lib_a-nano-mallocr.o)
 .text._malloc_r
                0x00013ac8       0xe8 c:/program files (x86)/gnu arm embedded toolchain/10 2021.10/bin/../lib/gcc/arm-none-eabi/10.3.1/../../../../arm-none-eabi/lib/thumb/v7-m/nofp\libc_nano.a(lib_a-nano-mallocr.o)
                0x00013ac8                _malloc_r
 .text._sbrk_r  0x00013bb0       0x20 c:/program files (x86)/gnu arm embedded toolchain/10 2021.10/bin/../lib/gcc/arm-none-eabi/10.3.1/../../../../arm-none-eabi/lib/thumb/v7-m/nofp\libc_nano.a(lib_a-sbrkr.o)
                0x00013bb0                _sbrk_r
 .text.__assert_func
                0x00013bd0       0x3c c:/program files (x86)/gnu arm embedded toolchain/10 2021.10/bin/../lib/gcc/arm-none-eabi/10.3.1/../../../../arm-none-eabi/lib/thumb/v7-m/nofp\libc_nano.a(lib_a-assert.o)
                0x00013bd0                __assert_func
 .text.__assert
                0x00013c0c        0xa c:/program files (x86)/gnu arm embedded toolchain/10 2021.10/bin/../lib/gcc/arm-none-eabi/10.3.1/../../../../arm-none-eabi/lib/thumb/v7-m/nofp\libc_nano.a(lib_a-assert.o)
                0x00013c0c                __assert
 .text._fprintf_r
                0x00013c16       0x1a c:/program files (x86)/gnu arm embedded toolchain/10 2021.10/bin/../lib/gcc/arm-none-eabi/10.3.1/../../../../arm-none-eabi/lib/thumb/v7-m/nofp\libc_nano.a(lib_a-fprintf.o)
                0x00013c16                _fiprintf_r
                0x00013c16                _fprintf_r
 .text.fprintf  0x00013c30       0x24 c:/program files (x86)/gnu arm embedded toolchain/10 2021.10/bin/../lib/gcc/arm-none-eabi/10.3.1/../../../../arm-none-eabi/lib/thumb/v7-m/nofp\libc_nano.a(lib_a-fprintf.o)
                0x00013c30                fiprintf
                0x00013c30                fprintf
 .text._setlocale_r
                0x00013c54       0x40 c:/program files (x86)/gnu arm embedded toolchain/10 2021.10/bin/../lib/gcc/arm-none-eabi/10.3.1/../../../../arm-none-eabi/lib/thumb/v7-m/nofp\libc_nano.a(lib_a-locale.o)
                0x00013c54                _setlocale_r
 .text.__locale_mb_cur_max
                0x00013c94        0xc c:/program files (x86)/gnu arm embedded toolchain/10 2021.10/bin/../lib/gcc/arm-none-eabi/10.3.1/../../../../arm-none-eabi/lib/thumb/v7-m/nofp\libc_nano.a(lib_a-locale.o)
                0x00013c94                __locale_mb_cur_max
 .text.setlocale
                0x00013ca0       0x10 c:/program files (x86)/gnu arm embedded toolchain/10 2021.10/bin/../lib/gcc/arm-none-eabi/10.3.1/../../../../arm-none-eabi/lib/thumb/v7-m/nofp\libc_nano.a(lib_a-locale.o)
                0x00013ca0                setlocale
 .text._mbtowc_r
                0x00013cb0       0x14 c:/program files (x86)/gnu arm embedded toolchain/10 2021.10/bin/../lib/gcc/arm-none-eabi/10.3.1/../../../../arm-none-eabi/lib/thumb/v7-m/nofp\libc_nano.a(lib_a-mbtowc_r.o)
                0x00013cb0                _mbtowc_r
 .text.__ascii_mbtowc
                0x00013cc4       0x24 c:/program files (x86)/gnu arm embedded toolchain/10 2021.10/bin/../lib/gcc/arm-none-eabi/10.3.1/../../../../arm-none-eabi/lib/thumb/v7-m/nofp\libc_nano.a(lib_a-mbtowc_r.o)
                0x00013cc4                __ascii_mbtowc
 .text.__malloc_lock
                0x00013ce8        0xc c:/program files (x86)/gnu arm embedded toolchain/10 2021.10/bin/../lib/gcc/arm-none-eabi/10.3.1/../../../../arm-none-eabi/lib/thumb/v7-m/nofp\libc_nano.a(lib_a-mlock.o)
                0x00013ce8                __malloc_lock
 .text.__malloc_unlock
                0x00013cf4        0xc c:/program files (x86)/gnu arm embedded toolchain/10 2021.10/bin/../lib/gcc/arm-none-eabi/10.3.1/../../../../arm-none-eabi/lib/thumb/v7-m/nofp\libc_nano.a(lib_a-mlock.o)
                0x00013cf4                __malloc_unlock
 .text.__sfputc_r
                0x00013d00       0x2a c:/program files (x86)/gnu arm embedded toolchain/10 2021.10/bin/../lib/gcc/arm-none-eabi/10.3.1/../../../../arm-none-eabi/lib/thumb/v7-m/nofp\libc_nano.a(lib_a-nano-vfprintf.o)
 .text.__sfputs_r
                0x00013d2a       0x24 c:/program files (x86)/gnu arm embedded toolchain/10 2021.10/bin/../lib/gcc/arm-none-eabi/10.3.1/../../../../arm-none-eabi/lib/thumb/v7-m/nofp\libc_nano.a(lib_a-nano-vfprintf.o)
                0x00013d2a                __sfputs_r
 .text.__sprint_r
                0x00013d4e       0x1a c:/program files (x86)/gnu arm embedded toolchain/10 2021.10/bin/../lib/gcc/arm-none-eabi/10.3.1/../../../../arm-none-eabi/lib/thumb/v7-m/nofp\libc_nano.a(lib_a-nano-vfprintf.o)
                0x00013d4e                __sprint_r
 .text._vfprintf_r
                0x00013d68      0x260 c:/program files (x86)/gnu arm embedded toolchain/10 2021.10/bin/../lib/gcc/arm-none-eabi/10.3.1/../../../../arm-none-eabi/lib/thumb/v7-m/nofp\libc_nano.a(lib_a-nano-vfprintf.o)
                0x00013d68                _vfprintf_r
                0x00013d68                _vfiprintf_r
 .text.vfprintf
                0x00013fc8       0x14 c:/program files (x86)/gnu arm embedded toolchain/10 2021.10/bin/../lib/gcc/arm-none-eabi/10.3.1/../../../../arm-none-eabi/lib/thumb/v7-m/nofp\libc_nano.a(lib_a-nano-vfprintf.o)
                0x00013fc8                vfprintf
                0x00013fc8                vfiprintf
 .text.cleanup_glue
                0x00013fdc       0x1a c:/program files (x86)/gnu arm embedded toolchain/10 2021.10/bin/../lib/gcc/arm-none-eabi/10.3.1/../../../../arm-none-eabi/lib/thumb/v7-m/nofp\libc_nano.a(lib_a-reent.o)
                0x00013fdc                cleanup_glue
 *fill*         0x00013ff6        0x2 00000000
 .text._reclaim_reent
                0x00013ff8       0xb8 c:/program files (x86)/gnu arm embedded toolchain/10 2021.10/bin/../lib/gcc/arm-none-eabi/10.3.1/../../../../arm-none-eabi/lib/thumb/v7-m/nofp\libc_nano.a(lib_a-reent.o)
                0x00013ff8                _reclaim_reent
 .text.__swbuf_r
                0x000140b0       0xa4 c:/program files (x86)/gnu arm embedded toolchain/10 2021.10/bin/../lib/gcc/arm-none-eabi/10.3.1/../../../../arm-none-eabi/lib/thumb/v7-m/nofp\libc_nano.a(lib_a-wbuf.o)
                0x000140b0                __swbuf_r
 .text.__swbuf  0x00014154       0x10 c:/program files (x86)/gnu arm embedded toolchain/10 2021.10/bin/../lib/gcc/arm-none-eabi/10.3.1/../../../../arm-none-eabi/lib/thumb/v7-m/nofp\libc_nano.a(lib_a-wbuf.o)
                0x00014154                __swbuf
 .text._wctomb_r
                0x00014164       0x14 c:/program files (x86)/gnu arm embedded toolchain/10 2021.10/bin/../lib/gcc/arm-none-eabi/10.3.1/../../../../arm-none-eabi/lib/thumb/v7-m/nofp\libc_nano.a(lib_a-wctomb_r.o)
                0x00014164                _wctomb_r
 .text.__ascii_wctomb
                0x00014178       0x1a c:/program files (x86)/gnu arm embedded toolchain/10 2021.10/bin/../lib/gcc/arm-none-eabi/10.3.1/../../../../arm-none-eabi/lib/thumb/v7-m/nofp\libc_nano.a(lib_a-wctomb_r.o)
                0x00014178                __ascii_wctomb
 *fill*         0x00014192        0x2 00000000
 .text.__swsetup_r
                0x00014194       0xdc c:/program files (x86)/gnu arm embedded toolchain/10 2021.10/bin/../lib/gcc/arm-none-eabi/10.3.1/../../../../arm-none-eabi/lib/thumb/v7-m/nofp\libc_nano.a(lib_a-wsetup.o)
                0x00014194                __swsetup_r
 .text.abort    0x00014270        0xe c:/program files (x86)/gnu arm embedded toolchain/10 2021.10/bin/../lib/gcc/arm-none-eabi/10.3.1/../../../../arm-none-eabi/lib/thumb/v7-m/nofp\libc_nano.a(lib_a-abort.o)
                0x00014270                abort
 *fill*         0x0001427e        0x2 00000000
 .text.__sflush_r
                0x00014280      0x104 c:/program files (x86)/gnu arm embedded toolchain/10 2021.10/bin/../lib/gcc/arm-none-eabi/10.3.1/../../../../arm-none-eabi/lib/thumb/v7-m/nofp\libc_nano.a(lib_a-fflush.o)
                0x00014280                __sflush_r
 .text._fflush_r
                0x00014384       0x78 c:/program files (x86)/gnu arm embedded toolchain/10 2021.10/bin/../lib/gcc/arm-none-eabi/10.3.1/../../../../arm-none-eabi/lib/thumb/v7-m/nofp\libc_nano.a(lib_a-fflush.o)
                0x00014384                _fflush_r
 .text.fflush   0x000143fc       0x24 c:/program files (x86)/gnu arm embedded toolchain/10 2021.10/bin/../lib/gcc/arm-none-eabi/10.3.1/../../../../arm-none-eabi/lib/thumb/v7-m/nofp\libc_nano.a(lib_a-fflush.o)
                0x000143fc                fflush
 .text.std      0x00014420       0x48 c:/program files (x86)/gnu arm embedded toolchain/10 2021.10/bin/../lib/gcc/arm-none-eabi/10.3.1/../../../../arm-none-eabi/lib/thumb/v7-m/nofp\libc_nano.a(lib_a-findfp.o)
 .text._cleanup_r
                0x00014468        0xc c:/program files (x86)/gnu arm embedded toolchain/10 2021.10/bin/../lib/gcc/arm-none-eabi/10.3.1/../../../../arm-none-eabi/lib/thumb/v7-m/nofp\libc_nano.a(lib_a-findfp.o)
                0x00014468                _cleanup_r
 .text.__fp_lock
                0x00014474       0x18 c:/program files (x86)/gnu arm embedded toolchain/10 2021.10/bin/../lib/gcc/arm-none-eabi/10.3.1/../../../../arm-none-eabi/lib/thumb/v7-m/nofp\libc_nano.a(lib_a-findfp.o)
 .text.__fp_unlock
                0x0001448c       0x18 c:/program files (x86)/gnu arm embedded toolchain/10 2021.10/bin/../lib/gcc/arm-none-eabi/10.3.1/../../../../arm-none-eabi/lib/thumb/v7-m/nofp\libc_nano.a(lib_a-findfp.o)
 .text.__sfmoreglue
                0x000144a4       0x2c c:/program files (x86)/gnu arm embedded toolchain/10 2021.10/bin/../lib/gcc/arm-none-eabi/10.3.1/../../../../arm-none-eabi/lib/thumb/v7-m/nofp\libc_nano.a(lib_a-findfp.o)
                0x000144a4                __sfmoreglue
 .text._cleanup
                0x000144d0        0xc c:/program files (x86)/gnu arm embedded toolchain/10 2021.10/bin/../lib/gcc/arm-none-eabi/10.3.1/../../../../arm-none-eabi/lib/thumb/v7-m/nofp\libc_nano.a(lib_a-findfp.o)
                0x000144d0                _cleanup
 .text.__sfp_lock_acquire
                0x000144dc        0xc c:/program files (x86)/gnu arm embedded toolchain/10 2021.10/bin/../lib/gcc/arm-none-eabi/10.3.1/../../../../arm-none-eabi/lib/thumb/v7-m/nofp\libc_nano.a(lib_a-findfp.o)
                0x000144dc                __sfp_lock_acquire
 .text.__sfp_lock_release
                0x000144e8        0xc c:/program files (x86)/gnu arm embedded toolchain/10 2021.10/bin/../lib/gcc/arm-none-eabi/10.3.1/../../../../arm-none-eabi/lib/thumb/v7-m/nofp\libc_nano.a(lib_a-findfp.o)
                0x000144e8                __sfp_lock_release
 .text.__sinit_lock_acquire
                0x000144f4        0xc c:/program files (x86)/gnu arm embedded toolchain/10 2021.10/bin/../lib/gcc/arm-none-eabi/10.3.1/../../../../arm-none-eabi/lib/thumb/v7-m/nofp\libc_nano.a(lib_a-findfp.o)
                0x000144f4                __sinit_lock_acquire
 .text.__sinit_lock_release
                0x00014500        0xc c:/program files (x86)/gnu arm embedded toolchain/10 2021.10/bin/../lib/gcc/arm-none-eabi/10.3.1/../../../../arm-none-eabi/lib/thumb/v7-m/nofp\libc_nano.a(lib_a-findfp.o)
                0x00014500                __sinit_lock_release
 .text.__sinit  0x0001450c       0x70 c:/program files (x86)/gnu arm embedded toolchain/10 2021.10/bin/../lib/gcc/arm-none-eabi/10.3.1/../../../../arm-none-eabi/lib/thumb/v7-m/nofp\libc_nano.a(lib_a-findfp.o)
                0x0001450c                __sinit
 .text.__sfp    0x0001457c       0x8c c:/program files (x86)/gnu arm embedded toolchain/10 2021.10/bin/../lib/gcc/arm-none-eabi/10.3.1/../../../../arm-none-eabi/lib/thumb/v7-m/nofp\libc_nano.a(lib_a-findfp.o)
                0x0001457c                __sfp
 .text.__fp_lock_all
                0x00014608       0x1c c:/program files (x86)/gnu arm embedded toolchain/10 2021.10/bin/../lib/gcc/arm-none-eabi/10.3.1/../../../../arm-none-eabi/lib/thumb/v7-m/nofp\libc_nano.a(lib_a-findfp.o)
                0x00014608                __fp_lock_all
 .text.__fp_unlock_all
                0x00014624       0x1c c:/program files (x86)/gnu arm embedded toolchain/10 2021.10/bin/../lib/gcc/arm-none-eabi/10.3.1/../../../../arm-none-eabi/lib/thumb/v7-m/nofp\libc_nano.a(lib_a-findfp.o)
                0x00014624                __fp_unlock_all
 .text.__sfvwrite_r
                0x00014640      0x290 c:/program files (x86)/gnu arm embedded toolchain/10 2021.10/bin/../lib/gcc/arm-none-eabi/10.3.1/../../../../arm-none-eabi/lib/thumb/v7-m/nofp\libc_nano.a(lib_a-fvwrite.o)
                0x00014640                __sfvwrite_r
 .text._fwalk   0x000148d0       0x3a c:/program files (x86)/gnu arm embedded toolchain/10 2021.10/bin/../lib/gcc/arm-none-eabi/10.3.1/../../../../arm-none-eabi/lib/thumb/v7-m/nofp\libc_nano.a(lib_a-fwalk.o)
                0x000148d0                _fwalk
 .text._fwalk_reent
                0x0001490a       0x3e c:/program files (x86)/gnu arm embedded toolchain/10 2021.10/bin/../lib/gcc/arm-none-eabi/10.3.1/../../../../arm-none-eabi/lib/thumb/v7-m/nofp\libc_nano.a(lib_a-fwalk.o)
                0x0001490a                _fwalk_reent
 .text.__retarget_lock_init
                0x00014948        0x2 c:/program files (x86)/gnu arm embedded toolchain/10 2021.10/bin/../lib/gcc/arm-none-eabi/10.3.1/../../../../arm-none-eabi/lib/thumb/v7-m/nofp\libc_nano.a(lib_a-lock.o)
                0x00014948                __retarget_lock_init
 .text.__retarget_lock_init_recursive
                0x0001494a        0x2 c:/program files (x86)/gnu arm embedded toolchain/10 2021.10/bin/../lib/gcc/arm-none-eabi/10.3.1/../../../../arm-none-eabi/lib/thumb/v7-m/nofp\libc_nano.a(lib_a-lock.o)
                0x0001494a                __retarget_lock_init_recursive
 .text.__retarget_lock_close
                0x0001494c        0x2 c:/program files (x86)/gnu arm embedded toolchain/10 2021.10/bin/../lib/gcc/arm-none-eabi/10.3.1/../../../../arm-none-eabi/lib/thumb/v7-m/nofp\libc_nano.a(lib_a-lock.o)
                0x0001494c                __retarget_lock_close
 .text.__retarget_lock_close_recursive
                0x0001494e        0x2 c:/program files (x86)/gnu arm embedded toolchain/10 2021.10/bin/../lib/gcc/arm-none-eabi/10.3.1/../../../../arm-none-eabi/lib/thumb/v7-m/nofp\libc_nano.a(lib_a-lock.o)
                0x0001494e                __retarget_lock_close_recursive
 .text.__retarget_lock_acquire
                0x00014950        0x2 c:/program files (x86)/gnu arm embedded toolchain/10 2021.10/bin/../lib/gcc/arm-none-eabi/10.3.1/../../../../arm-none-eabi/lib/thumb/v7-m/nofp\libc_nano.a(lib_a-lock.o)
                0x00014950                __retarget_lock_acquire
 .text.__retarget_lock_acquire_recursive
                0x00014952        0x2 c:/program files (x86)/gnu arm embedded toolchain/10 2021.10/bin/../lib/gcc/arm-none-eabi/10.3.1/../../../../arm-none-eabi/lib/thumb/v7-m/nofp\libc_nano.a(lib_a-lock.o)
                0x00014952                __retarget_lock_acquire_recursive
 .text.__retarget_lock_try_acquire
                0x00014954        0x4 c:/program files (x86)/gnu arm embedded toolchain/10 2021.10/bin/../lib/gcc/arm-none-eabi/10.3.1/../../../../arm-none-eabi/lib/thumb/v7-m/nofp\libc_nano.a(lib_a-lock.o)
                0x00014954                __retarget_lock_try_acquire
 .text.__retarget_lock_try_acquire_recursive
                0x00014958        0x4 c:/program files (x86)/gnu arm embedded toolchain/10 2021.10/bin/../lib/gcc/arm-none-eabi/10.3.1/../../../../arm-none-eabi/lib/thumb/v7-m/nofp\libc_nano.a(lib_a-lock.o)
                0x00014958                __retarget_lock_try_acquire_recursive
 .text.__retarget_lock_release
                0x0001495c        0x2 c:/program files (x86)/gnu arm embedded toolchain/10 2021.10/bin/../lib/gcc/arm-none-eabi/10.3.1/../../../../arm-none-eabi/lib/thumb/v7-m/nofp\libc_nano.a(lib_a-lock.o)
                0x0001495c                __retarget_lock_release
 .text.__retarget_lock_release_recursive
                0x0001495e        0x2 c:/program files (x86)/gnu arm embedded toolchain/10 2021.10/bin/../lib/gcc/arm-none-eabi/10.3.1/../../../../arm-none-eabi/lib/thumb/v7-m/nofp\libc_nano.a(lib_a-lock.o)
                0x0001495e                __retarget_lock_release_recursive
 .text.__swhatbuf_r
                0x00014960       0x4a c:/program files (x86)/gnu arm embedded toolchain/10 2021.10/bin/../lib/gcc/arm-none-eabi/10.3.1/../../../../arm-none-eabi/lib/thumb/v7-m/nofp\libc_nano.a(lib_a-makebuf.o)
                0x00014960                __swhatbuf_r
 *fill*         0x000149aa        0x2 00000000
 .text.__smakebuf_r
                0x000149ac       0x80 c:/program files (x86)/gnu arm embedded toolchain/10 2021.10/bin/../lib/gcc/arm-none-eabi/10.3.1/../../../../arm-none-eabi/lib/thumb/v7-m/nofp\libc_nano.a(lib_a-makebuf.o)
                0x000149ac                __smakebuf_r
 .text.memmove  0x00014a2c       0x34 c:/program files (x86)/gnu arm embedded toolchain/10 2021.10/bin/../lib/gcc/arm-none-eabi/10.3.1/../../../../arm-none-eabi/lib/thumb/v7-m/nofp\libc_nano.a(lib_a-memmove.o)
                0x00014a2c                memmove
 .text._realloc_r
                0x00014a60       0x5e c:/program files (x86)/gnu arm embedded toolchain/10 2021.10/bin/../lib/gcc/arm-none-eabi/10.3.1/../../../../arm-none-eabi/lib/thumb/v7-m/nofp\libc_nano.a(lib_a-nano-reallocr.o)
                0x00014a60                _realloc_r
 .text._init_signal_r
                0x00014abe       0x28 c:/program files (x86)/gnu arm embedded toolchain/10 2021.10/bin/../lib/gcc/arm-none-eabi/10.3.1/../../../../arm-none-eabi/lib/thumb/v7-m/nofp\libc_nano.a(lib_a-signal.o)
                0x00014abe                _init_signal_r
 .text._signal_r
                0x00014ae6       0x30 c:/program files (x86)/gnu arm embedded toolchain/10 2021.10/bin/../lib/gcc/arm-none-eabi/10.3.1/../../../../arm-none-eabi/lib/thumb/v7-m/nofp\libc_nano.a(lib_a-signal.o)
                0x00014ae6                _signal_r
 .text._raise_r
                0x00014b16       0x50 c:/program files (x86)/gnu arm embedded toolchain/10 2021.10/bin/../lib/gcc/arm-none-eabi/10.3.1/../../../../arm-none-eabi/lib/thumb/v7-m/nofp\libc_nano.a(lib_a-signal.o)
                0x00014b16                _raise_r
 .text.__sigtramp_r
                0x00014b66       0x48 c:/program files (x86)/gnu arm embedded toolchain/10 2021.10/bin/../lib/gcc/arm-none-eabi/10.3.1/../../../../arm-none-eabi/lib/thumb/v7-m/nofp\libc_nano.a(lib_a-signal.o)
                0x00014b66                __sigtramp_r
 *fill*         0x00014bae        0x2 00000000
 .text.raise    0x00014bb0       0x10 c:/program files (x86)/gnu arm embedded toolchain/10 2021.10/bin/../lib/gcc/arm-none-eabi/10.3.1/../../../../arm-none-eabi/lib/thumb/v7-m/nofp\libc_nano.a(lib_a-signal.o)
                0x00014bb0                raise
 .text.signal   0x00014bc0       0x10 c:/program files (x86)/gnu arm embedded toolchain/10 2021.10/bin/../lib/gcc/arm-none-eabi/10.3.1/../../../../arm-none-eabi/lib/thumb/v7-m/nofp\libc_nano.a(lib_a-signal.o)
                0x00014bc0                signal
 .text._init_signal
                0x00014bd0        0xc c:/program files (x86)/gnu arm embedded toolchain/10 2021.10/bin/../lib/gcc/arm-none-eabi/10.3.1/../../../../arm-none-eabi/lib/thumb/v7-m/nofp\libc_nano.a(lib_a-signal.o)
                0x00014bd0                _init_signal
 .text.__sigtramp
                0x00014bdc       0x10 c:/program files (x86)/gnu arm embedded toolchain/10 2021.10/bin/../lib/gcc/arm-none-eabi/10.3.1/../../../../arm-none-eabi/lib/thumb/v7-m/nofp\libc_nano.a(lib_a-signal.o)
                0x00014bdc                __sigtramp
 .text._kill_r  0x00014bec       0x24 c:/program files (x86)/gnu arm embedded toolchain/10 2021.10/bin/../lib/gcc/arm-none-eabi/10.3.1/../../../../arm-none-eabi/lib/thumb/v7-m/nofp\libc_nano.a(lib_a-signalr.o)
                0x00014bec                _kill_r
 .text._getpid_r
                0x00014c10        0x4 c:/program files (x86)/gnu arm embedded toolchain/10 2021.10/bin/../lib/gcc/arm-none-eabi/10.3.1/../../../../arm-none-eabi/lib/thumb/v7-m/nofp\libc_nano.a(lib_a-signalr.o)
                0x00014c10                _getpid_r
 .text.__sread  0x00014c14       0x22 c:/program files (x86)/gnu arm embedded toolchain/10 2021.10/bin/../lib/gcc/arm-none-eabi/10.3.1/../../../../arm-none-eabi/lib/thumb/v7-m/nofp\libc_nano.a(lib_a-stdio.o)
                0x00014c14                __sread
 .text.__seofread
                0x00014c36        0x4 c:/program files (x86)/gnu arm embedded toolchain/10 2021.10/bin/../lib/gcc/arm-none-eabi/10.3.1/../../../../arm-none-eabi/lib/thumb/v7-m/nofp\libc_nano.a(lib_a-stdio.o)
                0x00014c36                __seofread
 .text.__swrite
                0x00014c3a       0x38 c:/program files (x86)/gnu arm embedded toolchain/10 2021.10/bin/../lib/gcc/arm-none-eabi/10.3.1/../../../../arm-none-eabi/lib/thumb/v7-m/nofp\libc_nano.a(lib_a-stdio.o)
                0x00014c3a                __swrite
 .text.__sseek  0x00014c72       0x24 c:/program files (x86)/gnu arm embedded toolchain/10 2021.10/bin/../lib/gcc/arm-none-eabi/10.3.1/../../../../arm-none-eabi/lib/thumb/v7-m/nofp\libc_nano.a(lib_a-stdio.o)
                0x00014c72                __sseek
 .text.__sclose
                0x00014c96        0x8 c:/program files (x86)/gnu arm embedded toolchain/10 2021.10/bin/../lib/gcc/arm-none-eabi/10.3.1/../../../../arm-none-eabi/lib/thumb/v7-m/nofp\libc_nano.a(lib_a-stdio.o)
                0x00014c96                __sclose
 *fill*         0x00014c9e        0x2 00000000
 .text._write_r
                0x00014ca0       0x24 c:/program files (x86)/gnu arm embedded toolchain/10 2021.10/bin/../lib/gcc/arm-none-eabi/10.3.1/../../../../arm-none-eabi/lib/thumb/v7-m/nofp\libc_nano.a(lib_a-writer.o)
                0x00014ca0                _write_r
 .text._close_r
                0x00014cc4       0x20 c:/program files (x86)/gnu arm embedded toolchain/10 2021.10/bin/../lib/gcc/arm-none-eabi/10.3.1/../../../../arm-none-eabi/lib/thumb/v7-m/nofp\libc_nano.a(lib_a-closer.o)
                0x00014cc4                _close_r
 .text._fstat_r
                0x00014ce4       0x24 c:/program files (x86)/gnu arm embedded toolchain/10 2021.10/bin/../lib/gcc/arm-none-eabi/10.3.1/../../../../arm-none-eabi/lib/thumb/v7-m/nofp\libc_nano.a(lib_a-fstatr.o)
                0x00014ce4                _fstat_r
 .text._isatty_r
                0x00014d08       0x20 c:/program files (x86)/gnu arm embedded toolchain/10 2021.10/bin/../lib/gcc/arm-none-eabi/10.3.1/../../../../arm-none-eabi/lib/thumb/v7-m/nofp\libc_nano.a(lib_a-isattyr.o)
                0x00014d08                _isatty_r
 .text._lseek_r
                0x00014d28       0x24 c:/program files (x86)/gnu arm embedded toolchain/10 2021.10/bin/../lib/gcc/arm-none-eabi/10.3.1/../../../../arm-none-eabi/lib/thumb/v7-m/nofp\libc_nano.a(lib_a-lseekr.o)
                0x00014d28                _lseek_r
 .text._malloc_usable_size_r
                0x00014d4c       0x10 c:/program files (x86)/gnu arm embedded toolchain/10 2021.10/bin/../lib/gcc/arm-none-eabi/10.3.1/../../../../arm-none-eabi/lib/thumb/v7-m/nofp\libc_nano.a(lib_a-nano-msizer.o)
                0x00014d4c                _malloc_usable_size_r
 .text._read_r  0x00014d5c       0x24 c:/program files (x86)/gnu arm embedded toolchain/10 2021.10/bin/../lib/gcc/arm-none-eabi/10.3.1/../../../../arm-none-eabi/lib/thumb/v7-m/nofp\libc_nano.a(lib_a-readr.o)
                0x00014d5c                _read_r
 .text._close   0x00014d80       0x10 c:/program files (x86)/gnu arm embedded toolchain/10 2021.10/bin/../lib/gcc/arm-none-eabi/10.3.1/../../../../arm-none-eabi/lib/thumb/v7-m/nofp\libnosys.a(close.o)
                0x00014d80                _close
 .text._fstat   0x00014d90       0x10 c:/program files (x86)/gnu arm embedded toolchain/10 2021.10/bin/../lib/gcc/arm-none-eabi/10.3.1/../../../../arm-none-eabi/lib/thumb/v7-m/nofp\libnosys.a(fstat.o)
                0x00014d90                _fstat
 .text._getpid  0x00014da0       0x10 c:/program files (x86)/gnu arm embedded toolchain/10 2021.10/bin/../lib/gcc/arm-none-eabi/10.3.1/../../../../arm-none-eabi/lib/thumb/v7-m/nofp\libnosys.a(getpid.o)
                0x00014da0                _getpid
 .text._isatty  0x00014db0       0x10 c:/program files (x86)/gnu arm embedded toolchain/10 2021.10/bin/../lib/gcc/arm-none-eabi/10.3.1/../../../../arm-none-eabi/lib/thumb/v7-m/nofp\libnosys.a(isatty.o)
                0x00014db0                _isatty
 .text._kill    0x00014dc0       0x10 c:/program files (x86)/gnu arm embedded toolchain/10 2021.10/bin/../lib/gcc/arm-none-eabi/10.3.1/../../../../arm-none-eabi/lib/thumb/v7-m/nofp\libnosys.a(kill.o)
                0x00014dc0                _kill
 .text._lseek   0x00014dd0       0x10 c:/program files (x86)/gnu arm embedded toolchain/10 2021.10/bin/../lib/gcc/arm-none-eabi/10.3.1/../../../../arm-none-eabi/lib/thumb/v7-m/nofp\libnosys.a(lseek.o)
                0x00014dd0                _lseek
 .text._read    0x00014de0       0x10 c:/program files (x86)/gnu arm embedded toolchain/10 2021.10/bin/../lib/gcc/arm-none-eabi/10.3.1/../../../../arm-none-eabi/lib/thumb/v7-m/nofp\libnosys.a(read.o)
                0x00014de0                _read
 .text._sbrk    0x00014df0       0x1c c:/program files (x86)/gnu arm embedded toolchain/10 2021.10/bin/../lib/gcc/arm-none-eabi/10.3.1/../../../../arm-none-eabi/lib/thumb/v7-m/nofp\libnosys.a(sbrk.o)
                0x00014df0                _sbrk
 .text._write   0x00014e0c       0x10 c:/program files (x86)/gnu arm embedded toolchain/10 2021.10/bin/../lib/gcc/arm-none-eabi/10.3.1/../../../../arm-none-eabi/lib/thumb/v7-m/nofp\libnosys.a(write.o)
                0x00014e0c                _write
 .text._exit    0x00014e1c        0x4 c:/program files (x86)/gnu arm embedded toolchain/10 2021.10/bin/../lib/gcc/arm-none-eabi/10.3.1/../../../../arm-none-eabi/lib/thumb/v7-m/nofp\libnosys.a(_exit.o)
                0x00014e1c                _exit
                0x00014e20                . = ALIGN (0x4)
 *(.rodata)
 .rodata        0x00014e20       0xc1 Build/Obj/Debug/main.o
 *fill*         0x00014ee1        0x3 00000000
 .rodata        0x00014ee4      0x2d9 Build/Obj/Debug/appInit.o
 *fill*         0x000151bd        0x3 00000000
 .rodata        0x000151c0       0x24 ../../Library/AppHelper/Debug\libapphelper.a(bitmap.o)
 .rodata        0x000151e4     0x2558 ../../Library/AppHelper/Debug\libapphelper.a(graphics.o)
                0x000151e4                font8x8
                0x000159ec                font8x16
                0x000161ec                font16x24
                0x000176ec                sinLookup
                0x00017714                cosLookup
 .rodata        0x0001773c       0x8c ../../Library/AppHelper/Debug\libapphelper.a(fatFs.o)
 .rodata        0x000177c8       0x14 ../../Library/PrimeFramework/Debug\libprimeframework.a(prime_debug.o)
 .rodata        0x000177dc       0x10 ../../Library/PrimeFramework/Debug\libprimeframework.a(prime_timer0.o)
 .rodata        0x000177ec       0x1c ../../Library/PrimeFramework/Debug\libprimeframework.a(prime_uart0.o)
 .rodata        0x00017808        0x4 ../../Library/PrimeFramework/Debug\libprimeframework.a(prime_sysClk.o)
 *(.rodata.*)
 .rodata._printf_float.str1.1
                0x0001780c       0x12 c:/program files (x86)/gnu arm embedded toolchain/10 2021.10/bin/../lib/gcc/arm-none-eabi/10.3.1/../../../../arm-none-eabi/lib/thumb/v7-m/nofp\libc_nano.a(lib_a-nano-vfprintf_float.o)
 .rodata._printf_i.str1.1
                0x0001781e       0x22 c:/program files (x86)/gnu arm embedded toolchain/10 2021.10/bin/../lib/gcc/arm-none-eabi/10.3.1/../../../../arm-none-eabi/lib/thumb/v7-m/nofp\libc_nano.a(lib_a-nano-vfprintf_i.o)
 .rodata._dtoa_r.str1.1
                0x00017840       0xb3 c:/program files (x86)/gnu arm embedded toolchain/10 2021.10/bin/../lib/gcc/arm-none-eabi/10.3.1/../../../../arm-none-eabi/lib/thumb/v7-m/nofp\libc_nano.a(lib_a-dtoa.o)
                                 0xb5 (size before relaxing)
 .rodata._Balloc.str1.1
                0x000178f3       0x7f c:/program files (x86)/gnu arm embedded toolchain/10 2021.10/bin/../lib/gcc/arm-none-eabi/10.3.1/../../../../arm-none-eabi/lib/thumb/v7-m/nofp\libc_nano.a(lib_a-mprec.o)
                                 0x96 (size before relaxing)
 .rodata.__multadd.str1.1
                0x00017972       0x11 c:/program files (x86)/gnu arm embedded toolchain/10 2021.10/bin/../lib/gcc/arm-none-eabi/10.3.1/../../../../arm-none-eabi/lib/thumb/v7-m/nofp\libc_nano.a(lib_a-mprec.o)
 *fill*         0x00017972        0x6 00000000
 .rodata.__mprec_bigtens
                0x00017978       0x28 c:/program files (x86)/gnu arm embedded toolchain/10 2021.10/bin/../lib/gcc/arm-none-eabi/10.3.1/../../../../arm-none-eabi/lib/thumb/v7-m/nofp\libc_nano.a(lib_a-mprec.o)
                0x00017978                __mprec_bigtens
 .rodata.__mprec_tens
                0x000179a0       0xc8 c:/program files (x86)/gnu arm embedded toolchain/10 2021.10/bin/../lib/gcc/arm-none-eabi/10.3.1/../../../../arm-none-eabi/lib/thumb/v7-m/nofp\libc_nano.a(lib_a-mprec.o)
                0x000179a0                __mprec_tens
 .rodata.__mprec_tinytens
                0x00017a68       0x28 c:/program files (x86)/gnu arm embedded toolchain/10 2021.10/bin/../lib/gcc/arm-none-eabi/10.3.1/../../../../arm-none-eabi/lib/thumb/v7-m/nofp\libc_nano.a(lib_a-mprec.o)
                0x00017a68                __mprec_tinytens
 .rodata.p05.0  0x00017a90        0xc c:/program files (x86)/gnu arm embedded toolchain/10 2021.10/bin/../lib/gcc/arm-none-eabi/10.3.1/../../../../arm-none-eabi/lib/thumb/v7-m/nofp\libc_nano.a(lib_a-mprec.o)
 .rodata.__assert_func.str1.1
                0x00017a9c       0x3c c:/program files (x86)/gnu arm embedded toolchain/10 2021.10/bin/../lib/gcc/arm-none-eabi/10.3.1/../../../../arm-none-eabi/lib/thumb/v7-m/nofp\libc_nano.a(lib_a-assert.o)
                                 0x3d (size before relaxing)
 .rodata._global_impure_ptr
                0x00017ad8        0x4 c:/program files (x86)/gnu arm embedded toolchain/10 2021.10/bin/../lib/gcc/arm-none-eabi/10.3.1/../../../../arm-none-eabi/lib/thumb/v7-m/nofp\libc_nano.a(lib_a-impure.o)
                0x00017ad8                _global_impure_ptr
 .rodata._setlocale_r.str1.1
                0x00017adc        0x8 c:/program files (x86)/gnu arm embedded toolchain/10 2021.10/bin/../lib/gcc/arm-none-eabi/10.3.1/../../../../arm-none-eabi/lib/thumb/v7-m/nofp\libc_nano.a(lib_a-locale.o)
                                  0x9 (size before relaxing)
 .rodata.str1.1
                0x00017ae4        0x2 c:/program files (x86)/gnu arm embedded toolchain/10 2021.10/bin/../lib/gcc/arm-none-eabi/10.3.1/../../../../arm-none-eabi/lib/thumb/v7-m/nofp\libc_nano.a(lib_a-locale.o)
 .rodata._vfprintf_r.str1.1
                0x00017ae6       0x11 c:/program files (x86)/gnu arm embedded toolchain/10 2021.10/bin/../lib/gcc/arm-none-eabi/10.3.1/../../../../arm-none-eabi/lib/thumb/v7-m/nofp\libc_nano.a(lib_a-nano-vfprintf.o)
 .rodata._ctype_
                0x00017af7      0x101 c:/program files (x86)/gnu arm embedded toolchain/10 2021.10/bin/../lib/gcc/arm-none-eabi/10.3.1/../../../../arm-none-eabi/lib/thumb/v7-m/nofp\libc_nano.a(lib_a-ctype_.o)
                0x00017af7                _ctype_
 .rodata.__sf_fake_stderr
                0x00017bf8       0x20 c:/program files (x86)/gnu arm embedded toolchain/10 2021.10/bin/../lib/gcc/arm-none-eabi/10.3.1/../../../../arm-none-eabi/lib/thumb/v7-m/nofp\libc_nano.a(lib_a-findfp.o)
                0x00017bf8                __sf_fake_stderr
 .rodata.__sf_fake_stdin
                0x00017c18       0x20 c:/program files (x86)/gnu arm embedded toolchain/10 2021.10/bin/../lib/gcc/arm-none-eabi/10.3.1/../../../../arm-none-eabi/lib/thumb/v7-m/nofp\libc_nano.a(lib_a-findfp.o)
                0x00017c18                __sf_fake_stdin
 .rodata.__sf_fake_stdout
                0x00017c38       0x20 c:/program files (x86)/gnu arm embedded toolchain/10 2021.10/bin/../lib/gcc/arm-none-eabi/10.3.1/../../../../arm-none-eabi/lib/thumb/v7-m/nofp\libc_nano.a(lib_a-findfp.o)
                0x00017c38                __sf_fake_stdout
                0x00017c58                . = ALIGN (0x4)

.glue_7         0x00017c58        0x0
 .glue_7        0x00017c58        0x0 linker stubs

.glue_7t        0x00017c58        0x0
 .glue_7t       0x00017c58        0x0 linker stubs

.vfp11_veneer   0x00017c58        0x0
 .vfp11_veneer  0x00017c58        0x0 linker stubs

.v4_bx          0x00017c58        0x0
 .v4_bx         0x00017c58        0x0 linker stubs

.iplt           0x00017c58        0x0
 .iplt          0x00017c58        0x0 Build/Obj/Debug/main.o

.ARM.extab      0x00017c58        0x0
 *(.ARM.extab* .gnu.linkonce.armextab.*)
 .ARM.extab     0x00017c58        0x0 c:/program files (x86)/gnu arm embedded toolchain/10 2021.10/bin/../lib/gcc/arm-none-eabi/10.3.1/thumb/v7-m/nofp\libgcc.a(_udivmoddi4.o)
                0x00017c58                __exidx_start = .

.ARM.exidx      0x00017c58        0x8
 *(.ARM.exidx* .gnu.linkonce.armexidx.*)
 .ARM.exidx     0x00017c58        0x8 c:/program files (x86)/gnu arm embedded toolchain/10 2021.10/bin/../lib/gcc/arm-none-eabi/10.3.1/thumb/v7-m/nofp\libgcc.a(_udivmoddi4.o)
                0x00017c60                __exidx_end = .
                0x00017c60                _etext = .

.rel.dyn        0x00017c60        0x0
 .rel.iplt      0x00017c60        0x0 Build/Obj/Debug/main.o

.data           0x2007c000      0xa30 load address 0x00017c60
                0x2007c000                . = ALIGN (0x4)
                0x2007c000                _sdata = .
 *(.data)
 .data          0x2007c000       0xf8 Build/Obj/Debug/main.o
                0x2007c000                shape
 .data          0x2007c0f8      0x1c8 Build/Obj/Debug/appInit.o
                0x2007c0f8                clkConfig
                0x2007c104                ritConfig
                0x2007c114                timer0Config
                0x2007c138                uart0Config
                0x2007c140                spi0Cfg
                0x2007c14c                eduarmMma7660GpioCfg
                0x2007c164                i2c0Cfg
                0x2007c17c                accelConfig
                0x2007c18c                eduarmBuzzerGpioCfg
                0x2007c198                buzzerConfig
                0x2007c1a0                lcdDisplayConfig
                0x2007c210                touchConfig
                0x2007c23c                extInt1CallbackArray
                0x2007c240                extIntTouchConfig
                0x2007c248                keypadKeyPortPin
                0x2007c270                mmcCfg
                0x2007c2a4                diskCfg
 .data          0x2007c2c0      0x30c Build/Obj/Debug/eduarmBoardConfig.o
                0x2007c2c0                eduarmLedGpioCfg
                0x2007c2e4                eduarmPushButtonGpioCfg
                0x2007c320                eduarmUart0GpioCfg
                0x2007c338                eduarmUart2GpioCfg
                0x2007c350                eduarmUart3GpioCfg
                0x2007c368                eduarmEint3GpioCfg
                0x2007c374                eduarmMma7660IntGpioCfg
                0x2007c380                eduarmTouchIntGpioCfg
                0x2007c38c                eduarmAdc0GpioCfg
                0x2007c398                eduarmAdc1GpioCfg
                0x2007c3a4                eduarmAdc2GpioCfg
                0x2007c3b0                eduarmAdc3GpioCfg
                0x2007c3bc                eduarmAdc4GpioCfg
                0x2007c3c8                eduarmAdc5GpioCfg
                0x2007c3d4                eduarmI2c1GpioCfg
                0x2007c3ec                eduarmI2c2GpioCfg
                0x2007c404                eduarmSsp0GpioCfg
                0x2007c434                eduarmTouchGpioCfg
                0x2007c47c                eduarmSdcardGpioCfg
                0x2007c4ac                eduarmLcdGpioCfg
                0x2007c4f4                eduarmCan1GpioCfg
                0x2007c50c                eduarmCan2GpioCfg
                0x2007c524                eduarmPwm1GpioCfg
                0x2007c530                eduarmPwm2GpioCfg
                0x2007c53c                eduarmPwm3GpioCfg
                0x2007c548                eduarmPwm4GpioCfg
                0x2007c554                eduarmPwm5GpioCfg
                0x2007c560                eduarmTimer0Cap1GpioCfg
                0x2007c56c                eduarmTimer3Cap0GpioCfg
                0x2007c578                eduarmTimer1MatGpioCfg
                0x2007c590                eduarmI2sGpioCfg
 .data          0x2007c5cc        0x0 ../../Library/GameEngine/Debug\libgameengine.a(gameEngine.o)
 .data          0x2007c5cc       0x18 ../../Library/GameEngine/Debug\libgameengine.a(gameGraphics.o)
                0x2007c5d0                createGfx
 .data          0x2007c5e4        0x0 ../../Library/GameEngine/Debug\libgameengine.a(gui.o)
 .data          0x2007c5e4        0x0 ../../Library/GameEngine/Debug\libgameengine.a(object.o)
 .data          0x2007c5e4       0x28 ../../Library/GameEngine/Debug\libgameengine.a(renderer.o)
 .data          0x2007c60c        0x0 ../../Library/AppHelper/Debug\libapphelper.a(bitmap.o)
 .data          0x2007c60c        0x0 ../../Library/AppHelper/Debug\libapphelper.a(buzzer.o)
 .data          0x2007c60c       0x14 ../../Library/AppHelper/Debug\libapphelper.a(graphics.o)
 .data          0x2007c620        0x0 ../../Library/AppHelper/Debug\libapphelper.a(keypad.o)
 .data          0x2007c620        0x0 ../../Library/AppHelper/Debug\libapphelper.a(mma7660.o)
 .data          0x2007c620        0x0 ../../Library/AppHelper/Debug\libapphelper.a(mmc.o)
 .data          0x2007c620        0x0 ../../Library/AppHelper/Debug\libapphelper.a(touch.o)
 .data          0x2007c620        0x0 ../../Library/AppHelper/Debug\libapphelper.a(diskIo.o)
 .data          0x2007c620        0x0 ../../Library/AppHelper/Debug\libapphelper.a(fatFs.o)
 .data          0x2007c620        0x0 ../../Library/PrimeFramework/Debug\libprimeframework.a(prime_debug.o)
 .data          0x2007c620        0x0 ../../Library/PrimeFramework/Debug\libprimeframework.a(prime_string.o)
 .data          0x2007c620        0x0 ../../Library/PrimeFramework/Debug\libprimeframework.a(prime_tick.o)
 .data          0x2007c620        0x0 ../../Library/PrimeFramework/Debug\libprimeframework.a(prime_eint1.o)
 .data          0x2007c620        0x0 ../../Library/PrimeFramework/Debug\libprimeframework.a(prime_gpio.o)
 .data          0x2007c620        0x0 ../../Library/PrimeFramework/Debug\libprimeframework.a(prime_i2c0.o)
 .data          0x2007c620        0x0 ../../Library/PrimeFramework/Debug\libprimeframework.a(prime_rit.o)
 .data          0x2007c620        0x0 ../../Library/PrimeFramework/Debug\libprimeframework.a(prime_spi0.o)
 .data          0x2007c620        0x0 ../../Library/PrimeFramework/Debug\libprimeframework.a(prime_timer0.o)
 .data          0x2007c620      0x240 ../../Library/PrimeFramework/Debug\libprimeframework.a(prime_uart0.o)
 .data          0x2007c860        0x0 ../../Library/PrimeFramework/Debug\libprimeframework.a(prime_sysClk.o)
 .data          0x2007c860        0x0 ../../Library/PrimeFramework/Debug\libprimeframework.a(prime_vectors.o)
 .data          0x2007c860        0x0 ../../Library/PrimeFramework/Debug\libprimeframework.a(prime_fifo.o)
 .data          0x2007c860        0x0 c:/program files (x86)/gnu arm embedded toolchain/10 2021.10/bin/../lib/gcc/arm-none-eabi/10.3.1/thumb/v7-m/nofp\libgcc.a(_arm_muldf3.o)
 .data          0x2007c860        0x0 c:/program files (x86)/gnu arm embedded toolchain/10 2021.10/bin/../lib/gcc/arm-none-eabi/10.3.1/thumb/v7-m/nofp\libgcc.a(_arm_mulsf3.o)
 .data          0x2007c860        0x0 c:/program files (x86)/gnu arm embedded toolchain/10 2021.10/bin/../lib/gcc/arm-none-eabi/10.3.1/thumb/v7-m/nofp\libgcc.a(_arm_addsubdf3.o)
 .data          0x2007c860        0x0 c:/program files (x86)/gnu arm embedded toolchain/10 2021.10/bin/../lib/gcc/arm-none-eabi/10.3.1/thumb/v7-m/nofp\libgcc.a(_arm_muldivdf3.o)
 .data          0x2007c860        0x0 c:/program files (x86)/gnu arm embedded toolchain/10 2021.10/bin/../lib/gcc/arm-none-eabi/10.3.1/thumb/v7-m/nofp\libgcc.a(_arm_cmpdf2.o)
 .data          0x2007c860        0x0 c:/program files (x86)/gnu arm embedded toolchain/10 2021.10/bin/../lib/gcc/arm-none-eabi/10.3.1/thumb/v7-m/nofp\libgcc.a(_arm_fixunsdfsi.o)
 .data          0x2007c860        0x0 c:/program files (x86)/gnu arm embedded toolchain/10 2021.10/bin/../lib/gcc/arm-none-eabi/10.3.1/thumb/v7-m/nofp\libgcc.a(_arm_truncdfsf2.o)
 .data          0x2007c860        0x0 c:/program files (x86)/gnu arm embedded toolchain/10 2021.10/bin/../lib/gcc/arm-none-eabi/10.3.1/thumb/v7-m/nofp\libgcc.a(_arm_addsubsf3.o)
 .data          0x2007c860        0x0 c:/program files (x86)/gnu arm embedded toolchain/10 2021.10/bin/../lib/gcc/arm-none-eabi/10.3.1/thumb/v7-m/nofp\libgcc.a(_arm_muldivsf3.o)
 .data          0x2007c860        0x0 c:/program files (x86)/gnu arm embedded toolchain/10 2021.10/bin/../lib/gcc/arm-none-eabi/10.3.1/thumb/v7-m/nofp\libgcc.a(_arm_cmpsf2.o)
 .data          0x2007c860        0x0 c:/program files (x86)/gnu arm embedded toolchain/10 2021.10/bin/../lib/gcc/arm-none-eabi/10.3.1/thumb/v7-m/nofp\libgcc.a(_arm_fixsfsi.o)
 .data          0x2007c860        0x0 c:/program files (x86)/gnu arm embedded toolchain/10 2021.10/bin/../lib/gcc/arm-none-eabi/10.3.1/thumb/v7-m/nofp\libgcc.a(_arm_fixunssfsi.o)
 .data          0x2007c860        0x0 c:/program files (x86)/gnu arm embedded toolchain/10 2021.10/bin/../lib/gcc/arm-none-eabi/10.3.1/thumb/v7-m/nofp\libgcc.a(_aeabi_ldivmod.o)
 .data          0x2007c860        0x0 c:/program files (x86)/gnu arm embedded toolchain/10 2021.10/bin/../lib/gcc/arm-none-eabi/10.3.1/thumb/v7-m/nofp\libgcc.a(_udivmoddi4.o)
 .data          0x2007c860        0x0 c:/program files (x86)/gnu arm embedded toolchain/10 2021.10/bin/../lib/gcc/arm-none-eabi/10.3.1/thumb/v7-m/nofp\libgcc.a(_dvmd_tls.o)